Batch Voice Analysis
Sound folder: <WORK>/C_in
Output folder: <WORK>/C_free_out
Results CSV: <WORK>/C_free_out/C_in_results_2026-08-14.csv

Sentinel file: <WORK>/C_free_out/STOP.txt
To stop: open that file, change first line to STOP, save.

[1/3] c1_split
[2/3] c2_three
[3/3] c3_nogrid

============================================
COMPLETE
============================================
Files processed: 3
Files skipped:   0
Failed:          0
Warnings:        0
Data rows:       3
Results CSV:     <WORK>/C_free_out/C_in_results_2026-08-14.csv
Sentinel file:   <WORK>/C_free_out/STOP.txt
============================================

Results Table retained in Objects window.
Run stats or draw graphs from the EML Tools menu.
