Batch Voice Analysis
Sound folder: <WORK>/C_in
TextGrid folder: <WORK>/C_tg
Tier: 1, Label: V
Output folder: <WORK>/C_grid_out
Results CSV: <WORK>/C_grid_out/C_in_results_2026-08-17.csv

Sentinel file: <WORK>/C_grid_out/STOP.txt
To stop: open that file, change first line to STOP, save.

[1/3] c1_split
[2/3] c2_three
[3/3] c3_nogrid
  WARNING: No TextGrid for c3_nogrid — skipping.

============================================
COMPLETE
============================================
Files processed: 2
Files skipped:   1
Failed:          0
Warnings:        1
Data rows:       3
Results CSV:     <WORK>/C_grid_out/C_in_results_2026-08-17.csv
Sentinel file:   <WORK>/C_grid_out/STOP.txt
============================================

Results Table retained in Objects window.
Run stats or draw graphs from the EML Stats & Graphs menu.
