Batch Voice Analysis
Sound folder: <WORK>/D_in
Output folder: <WORK>/D_out
Results CSV: <WORK>/D_out/D_in_results_2026-08-16.csv

Sentinel file: <WORK>/D_out/STOP_2.txt
To stop: open that file, change first line to STOP, save.
NOTE: a STOP.txt already in that folder was not written
by this script. It has been left untouched, and this run
uses the sentinel file named above instead — edit that
one, not STOP.txt.

[1/12] d01
  WARNING: HNR = 113.97 dB — outside range (-20 to 40).
[2/12] d02
  WARNING: HNR = 86.04 dB — outside range (-20 to 40).
[3/12] d03
  WARNING: HNR = 87.00 dB — outside range (-20 to 40).

=== STOPPED BY USER after 3 of 12 files ===

============================================
COMPLETE
============================================
Files processed: 3
Files skipped:   0
Failed:          0
Warnings:        3
Data rows:       3
Results CSV:     <WORK>/D_out/D_in_results_2026-08-16.csv
Sentinel file:   <WORK>/D_out/STOP_2.txt
============================================

Results Table retained in Objects window.
Run stats or draw graphs from the EML Tools menu.
