
==============================================================================
v96 -- the four pens
==============================================================================
PASS  v96     the line-style harness has been driven          computed=NA  expected TRUE
PASS  v96     [ts_solid] drew and saved                       computed=NA  expected TRUE
PASS  v96     [ts_solid] wrote a 300-dpi page                 computed=NA  expected TRUE
PASS  v96     [ts_dotted] drew and saved                      computed=NA  expected TRUE
PASS  v96     [ts_dotted] wrote a 300-dpi page                computed=NA  expected TRUE
PASS  v96     [ts_dashed] drew and saved                      computed=NA  expected TRUE
PASS  v96     [ts_dashed] wrote a 300-dpi page                computed=NA  expected TRUE
PASS  v96     [ts_dashdot] drew and saved                     computed=NA  expected TRUE
PASS  v96     [ts_dashdot] wrote a 300-dpi page               computed=NA  expected TRUE
PASS  v96     [ci_solid] drew and saved                       computed=NA  expected TRUE
PASS  v96     [ci_solid] wrote a 300-dpi page                 computed=NA  expected TRUE
PASS  v96     [ci_dotted] drew and saved                      computed=NA  expected TRUE
PASS  v96     [ci_dotted] wrote a 300-dpi page                computed=NA  expected TRUE
PASS  v96     [f0_solid] drew and saved                       computed=NA  expected TRUE
PASS  v96     [f0_solid] wrote a 300-dpi page                 computed=NA  expected TRUE
PASS  v96     [f0_dotted] drew and saved                      computed=NA  expected TRUE
PASS  v96     [f0_dotted] wrote a 300-dpi page                computed=NA  expected TRUE
PASS  v96     [wave_solid] drew and saved                     computed=NA  expected TRUE
PASS  v96     [wave_solid] wrote a 300-dpi page               computed=NA  expected TRUE
PASS  v96     [wave_dotted] drew and saved                    computed=NA  expected TRUE
PASS  v96     [wave_dotted] wrote a 300-dpi page              computed=NA  expected TRUE
PASS  v96     [spec_solid] drew and saved                     computed=NA  expected TRUE
PASS  v96     [spec_solid] wrote a 300-dpi page               computed=NA  expected TRUE
PASS  v96     [spec_dotted] drew and saved                    computed=NA  expected TRUE
PASS  v96     [spec_dotted] wrote a 300-dpi page              computed=NA  expected TRUE
PASS  v96     [ltas_solid] drew and saved                     computed=NA  expected TRUE
PASS  v96     [ltas_solid] wrote a 300-dpi page               computed=NA  expected TRUE
PASS  v96     [ltas_dotted] drew and saved                    computed=NA  expected TRUE
PASS  v96     [ltas_dotted] wrote a 300-dpi page              computed=NA  expected TRUE
PASS  v96     [spag_solid] drew and saved                     computed=NA  expected TRUE
PASS  v96     [spag_solid] wrote a 300-dpi page               computed=NA  expected TRUE
PASS  v96     [spag_dotted] drew and saved                    computed=NA  expected TRUE
PASS  v96     [spag_dotted] wrote a 300-dpi page              computed=NA  expected TRUE
PASS  v96     [bar_alone] drew and saved                      computed=NA  expected TRUE
PASS  v96     [bar_alone] wrote a 300-dpi page                computed=NA  expected TRUE
PASS  v96     [leak_bar_after_dotted] drew and saved          computed=NA  expected TRUE
PASS  v96     [leak_bar_after_dotted] wrote a 300-dpi page    computed=NA  expected TRUE
PASS  v96     [leak_ts_after_dotted] drew and saved           computed=NA  expected TRUE
PASS  v96     [leak_ts_after_dotted] wrote a 300-dpi page     computed=NA  expected TRUE
PASS  v96     [unpublished_alone] drew and saved              computed=NA  expected TRUE
PASS  v96     [unpublished_alone] wrote a 300-dpi page        computed=NA  expected TRUE
PASS  v96     [unpublished_after_dotted] drew and saved       computed=NA  expected TRUE
PASS  v96     [unpublished_after_dotted] wrote a 300-dpi page  computed=NA  expected TRUE
PASS  v96     [recorded_wave] drew and saved                  computed=NA  expected TRUE
PASS  v96     [recorded_wave] wrote a 300-dpi page            computed=NA  expected TRUE
PASS  v96     [replay] drew and saved                         computed=NA  expected TRUE
PASS  v96     [replay] wrote a 300-dpi page                   computed=NA  expected TRUE
PASS  v96     [furniture_pen] drew and saved                  computed=NA  expected TRUE
PASS  v96     [furniture_pen] wrote a 300-dpi page            computed=NA  expected TRUE
PASS  v96     [fourstyles] drew and saved                     computed=NA  expected TRUE
PASS  v96     [fourstyles] wrote a 300-dpi page               computed=NA  expected TRUE
PASS  v96     [ts_solid] pressed Draw with style 1            computed=NA  expected TRUE
PASS  v96     [ts_solid] and the plugin names it Solid        computed=NA  expected TRUE
PASS  v96     [ts_dotted] pressed Draw with style 2           computed=NA  expected TRUE
PASS  v96     [ts_dotted] and the plugin names it Dotted      computed=NA  expected TRUE
PASS  v96     [ts_dashed] pressed Draw with style 3           computed=NA  expected TRUE
PASS  v96     [ts_dashed] and the plugin names it Dashed      computed=NA  expected TRUE
PASS  v96     [ts_dashdot] pressed Draw with style 4          computed=NA  expected TRUE
PASS  v96     [ts_dashdot] and the plugin names it Dashed-dotted  computed=NA  expected TRUE
PASS  v96     [ci_solid] pressed Draw with style 1            computed=NA  expected TRUE
PASS  v96     [ci_solid] and the plugin names it Solid        computed=NA  expected TRUE
PASS  v96     [ci_dotted] pressed Draw with style 2           computed=NA  expected TRUE
PASS  v96     [ci_dotted] and the plugin names it Dotted      computed=NA  expected TRUE
PASS  v96     [f0_solid] pressed Draw with style 1            computed=NA  expected TRUE
PASS  v96     [f0_solid] and the plugin names it Solid        computed=NA  expected TRUE
PASS  v96     [f0_dotted] pressed Draw with style 2           computed=NA  expected TRUE
PASS  v96     [f0_dotted] and the plugin names it Dotted      computed=NA  expected TRUE
PASS  v96     [wave_solid] pressed Draw with style 1          computed=NA  expected TRUE
PASS  v96     [wave_solid] and the plugin names it Solid      computed=NA  expected TRUE
PASS  v96     [wave_dotted] pressed Draw with style 2         computed=NA  expected TRUE
PASS  v96     [wave_dotted] and the plugin names it Dotted    computed=NA  expected TRUE
PASS  v96     [spec_solid] pressed Draw with style 1          computed=NA  expected TRUE
PASS  v96     [spec_solid] and the plugin names it Solid      computed=NA  expected TRUE
PASS  v96     [spec_dotted] pressed Draw with style 2         computed=NA  expected TRUE
PASS  v96     [spec_dotted] and the plugin names it Dotted    computed=NA  expected TRUE
PASS  v96     [ltas_solid] pressed Draw with style 1          computed=NA  expected TRUE
PASS  v96     [ltas_solid] and the plugin names it Solid      computed=NA  expected TRUE
PASS  v96     [ltas_dotted] pressed Draw with style 2         computed=NA  expected TRUE
PASS  v96     [ltas_dotted] and the plugin names it Dotted    computed=NA  expected TRUE
PASS  v96     [spag_solid] pressed Draw with style 1          computed=NA  expected TRUE
PASS  v96     [spag_solid] and the plugin names it Solid      computed=NA  expected TRUE
PASS  v96     [spag_dotted] pressed Draw with style 2         computed=NA  expected TRUE
PASS  v96     [spag_dotted] and the plugin names it Dotted    computed=NA  expected TRUE
PASS  v96     [recorded_wave] pressed Draw with style 3       computed=NA  expected TRUE
PASS  v96     [recorded_wave] and the plugin names it Dashed  computed=NA  expected TRUE
PASS  v96     [fourstyles] pressed Draw with style 4          computed=NA  expected TRUE
PASS  v96     [fourstyles] and the plugin names it Dashed-dotted  computed=NA  expected TRUE
PASS  v96     [f0_solid] is a figure of type 1                computed=NA  expected TRUE
PASS  v96     [f0_dotted] is a figure of type 1               computed=NA  expected TRUE
PASS  v96     [wave_solid] is a figure of type 2              computed=NA  expected TRUE
PASS  v96     [wave_dotted] is a figure of type 2             computed=NA  expected TRUE
PASS  v96     [recorded_wave] is a figure of type 2           computed=NA  expected TRUE
PASS  v96     [spec_solid] is a figure of type 3              computed=NA  expected TRUE
PASS  v96     [spec_dotted] is a figure of type 3             computed=NA  expected TRUE
PASS  v96     [ltas_solid] is a figure of type 4              computed=NA  expected TRUE
PASS  v96     [ltas_dotted] is a figure of type 4             computed=NA  expected TRUE
PASS  v96     [ts_solid] is a figure of type 5                computed=NA  expected TRUE
PASS  v96     [ts_dotted] is a figure of type 5               computed=NA  expected TRUE
PASS  v96     [ts_dashed] is a figure of type 5               computed=NA  expected TRUE
PASS  v96     [ts_dashdot] is a figure of type 5              computed=NA  expected TRUE
PASS  v96     [ci_solid] is a figure of type 5                computed=NA  expected TRUE
PASS  v96     [ci_dotted] is a figure of type 5               computed=NA  expected TRUE
PASS  v96     [fourstyles] is a figure of type 5              computed=NA  expected TRUE
PASS  v96     [spag_solid] is a figure of type 13             computed=NA  expected TRUE
PASS  v96     [spag_dotted] is a figure of type 13            computed=NA  expected TRUE
PASS  v96     [bar_alone] is a figure of type 6               computed=NA  expected TRUE
PASS  v96     [leak_bar_after_dotted] is a figure of type 6   computed=NA  expected TRUE
PASS  v96     [leak_ts_after_dotted] is a figure of type 5    computed=NA  expected TRUE
PASS  v96     the four pens make four different files         computed=NA  expected TRUE
PASS  v96     four different counts of inked columns          computed=NA  expected TRUE
PASS  v96     four different counts of stroke runs            computed=NA  expected TRUE
PASS  v96     so the four signatures are four distinct pairs  computed=NA  expected TRUE
PASS  v96     [Solid] crosses the plot in a single unbroken run  computed=NA  expected TRUE
PASS  v96     [Solid] leaves no hole in the stroke            computed=NA  expected TRUE
PASS  v96     [Solid] and its one run is every column it inks  computed=NA  expected TRUE
PASS  v96     [Dotted] breaks the stroke into many pieces (292 runs)  computed=NA  expected TRUE
PASS  v96     [Dotted] with a hole between each pair (291)    computed=NA  expected TRUE
PASS  v96     [Dotted] inks less of the path than Solid does  computed=NA  expected TRUE
PASS  v96     [Dashed] breaks the stroke into many pieces (150 runs)  computed=NA  expected TRUE
PASS  v96     [Dashed] with a hole between each pair (149)    computed=NA  expected TRUE
PASS  v96     [Dashed] inks less of the path than Solid does  computed=NA  expected TRUE
PASS  v96     [Dashed-dotted] breaks the stroke into many pieces (194 runs)  computed=NA  expected TRUE
PASS  v96     [Dashed-dotted] with a hole between each pair (193)  computed=NA  expected TRUE
PASS  v96     [Dashed-dotted] inks less of the path than Solid does  computed=NA  expected TRUE
PASS  v96     inked fraction falls Solid > Dashed > Dashed-dotted > Dotted  computed=NA  expected TRUE
PASS  v96     and mark count falls Dotted > Dashed-dotted > Dashed  computed=NA  expected TRUE
PASS  v96     no two inked fractions are within 30 columns (min 82)  computed=NA  expected TRUE
PASS  v96     no two mark counts are within 20 runs (min 44)  computed=NA  expected TRUE
PASS  v96     the four pens share the same png_px             computed=NA  expected TRUE
PASS  v96     the four pens share the same frame_l            computed=NA  expected TRUE
PASS  v96     the four pens share the same frame_t            computed=NA  expected TRUE
PASS  v96     the four pens share the same frame_r            computed=NA  expected TRUE
PASS  v96     the four pens share the same frame_b            computed=NA  expected TRUE
PASS  v96     [line chart] a dotted pen lays down less ink than a solid one (9655 < 10842)  computed=NA  expected TRUE
PASS  v96     [line chart] and the reduction is real, not a rounding (10.9%)  computed=NA  expected TRUE
PASS  v96     [line chart] so the two options are two different files  computed=NA  expected TRUE
PASS  v96     [line chart with CI] a dotted pen lays down less ink than a solid one (9848 < 11103)  computed=NA  expected TRUE
PASS  v96     [line chart with CI] and the reduction is real, not a rounding (11.3%)  computed=NA  expected TRUE
PASS  v96     [line chart with CI] so the two options are two different files  computed=NA  expected TRUE
PASS  v96     [pitch contour] a dotted pen lays down less ink than a solid one (628 < 1355)  computed=NA  expected TRUE
PASS  v96     [pitch contour] and the reduction is real, not a rounding (53.7%)  computed=NA  expected TRUE
PASS  v96     [pitch contour] so the two options are two different files  computed=NA  expected TRUE
PASS  v96     [waveform] a dotted pen lays down less ink than a solid one (55355 < 154140)  computed=NA  expected TRUE
PASS  v96     [waveform] and the reduction is real, not a rounding (64.1%)  computed=NA  expected TRUE
PASS  v96     [waveform] so the two options are two different files  computed=NA  expected TRUE
PASS  v96     [spectrum] a dotted pen lays down less ink than a solid one (26060 < 63028)  computed=NA  expected TRUE
PASS  v96     [spectrum] and the reduction is real, not a rounding (58.7%)  computed=NA  expected TRUE
PASS  v96     [spectrum] so the two options are two different files  computed=NA  expected TRUE
PASS  v96     [LTAS] a dotted pen lays down less ink than a solid one (1150 < 3353)  computed=NA  expected TRUE
PASS  v96     [LTAS] and the reduction is real, not a rounding (65.7%)  computed=NA  expected TRUE
PASS  v96     [LTAS] so the two options are two different files  computed=NA  expected TRUE
PASS  v96     [spaghetti plot] a dotted pen lays down less ink than a solid one (63530 < 65989)  computed=NA  expected TRUE
PASS  v96     [spaghetti plot] and the reduction is real, not a rounding (3.7%)  computed=NA  expected TRUE
PASS  v96     [spaghetti plot] so the two options are two different files  computed=NA  expected TRUE
FAIL  v96     a dark-pixel count cannot see a spaghetti strand's pen (813 px)  computed=NA  expected TRUE
PASS  v96     while the light threshold sees it plainly (2459 px)  computed=NA  expected TRUE
PASS  v96     [ts_solid] the frame's top edge is one unbroken run  computed=NA  expected TRUE
PASS  v96     [ts_solid] the frame's bottom edge is one unbroken run  computed=NA  expected TRUE
PASS  v96     [ts_solid] the frame's left edge is one unbroken run  computed=NA  expected TRUE
PASS  v96     [ts_solid] the frame's right edge is one unbroken run  computed=NA  expected TRUE
PASS  v96     [ts_dotted] the frame's top edge is one unbroken run  computed=NA  expected TRUE
PASS  v96     [ts_dotted] the frame's bottom edge is one unbroken run  computed=NA  expected TRUE
PASS  v96     [ts_dotted] the frame's left edge is one unbroken run  computed=NA  expected TRUE
PASS  v96     [ts_dotted] the frame's right edge is one unbroken run  computed=NA  expected TRUE
PASS  v96     [ts_dashed] the frame's top edge is one unbroken run  computed=NA  expected TRUE
PASS  v96     [ts_dashed] the frame's bottom edge is one unbroken run  computed=NA  expected TRUE
PASS  v96     [ts_dashed] the frame's left edge is one unbroken run  computed=NA  expected TRUE
PASS  v96     [ts_dashed] the frame's right edge is one unbroken run  computed=NA  expected TRUE
PASS  v96     [ts_dashdot] the frame's top edge is one unbroken run  computed=NA  expected TRUE
PASS  v96     [ts_dashdot] the frame's bottom edge is one unbroken run  computed=NA  expected TRUE
PASS  v96     [ts_dashdot] the frame's left edge is one unbroken run  computed=NA  expected TRUE
PASS  v96     [ts_dashdot] the frame's right edge is one unbroken run  computed=NA  expected TRUE
PASS  v96     [ci_solid] the frame's top edge is one unbroken run  computed=NA  expected TRUE
PASS  v96     [ci_solid] the frame's bottom edge is one unbroken run  computed=NA  expected TRUE
PASS  v96     [ci_solid] the frame's left edge is one unbroken run  computed=NA  expected TRUE
PASS  v96     [ci_solid] the frame's right edge is one unbroken run  computed=NA  expected TRUE
PASS  v96     [ci_dotted] the frame's top edge is one unbroken run  computed=NA  expected TRUE
PASS  v96     [ci_dotted] the frame's bottom edge is one unbroken run  computed=NA  expected TRUE
PASS  v96     [ci_dotted] the frame's left edge is one unbroken run  computed=NA  expected TRUE
PASS  v96     [ci_dotted] the frame's right edge is one unbroken run  computed=NA  expected TRUE
PASS  v96     [f0_solid] the frame's top edge is one unbroken run  computed=NA  expected TRUE
PASS  v96     [f0_solid] the frame's bottom edge is one unbroken run  computed=NA  expected TRUE
PASS  v96     [f0_solid] the frame's left edge is one unbroken run  computed=NA  expected TRUE
PASS  v96     [f0_solid] the frame's right edge is one unbroken run  computed=NA  expected TRUE
PASS  v96     [f0_dotted] the frame's top edge is one unbroken run  computed=NA  expected TRUE
PASS  v96     [f0_dotted] the frame's bottom edge is one unbroken run  computed=NA  expected TRUE
PASS  v96     [f0_dotted] the frame's left edge is one unbroken run  computed=NA  expected TRUE
PASS  v96     [f0_dotted] the frame's right edge is one unbroken run  computed=NA  expected TRUE
PASS  v96     [wave_solid] the frame's top edge is one unbroken run  computed=NA  expected TRUE
PASS  v96     [wave_solid] the frame's bottom edge is one unbroken run  computed=NA  expected TRUE
PASS  v96     [wave_solid] the frame's left edge is one unbroken run  computed=NA  expected TRUE
PASS  v96     [wave_solid] the frame's right edge is one unbroken run  computed=NA  expected TRUE
PASS  v96     [wave_dotted] the frame's top edge is one unbroken run  computed=NA  expected TRUE
PASS  v96     [wave_dotted] the frame's bottom edge is one unbroken run  computed=NA  expected TRUE
PASS  v96     [wave_dotted] the frame's left edge is one unbroken run  computed=NA  expected TRUE
PASS  v96     [wave_dotted] the frame's right edge is one unbroken run  computed=NA  expected TRUE
PASS  v96     [spec_solid] the frame's top edge is one unbroken run  computed=NA  expected TRUE
PASS  v96     [spec_solid] the frame's bottom edge is one unbroken run  computed=NA  expected TRUE
PASS  v96     [spec_solid] the frame's left edge is one unbroken run  computed=NA  expected TRUE
PASS  v96     [spec_solid] the frame's right edge is one unbroken run  computed=NA  expected TRUE
PASS  v96     [spec_dotted] the frame's top edge is one unbroken run  computed=NA  expected TRUE
PASS  v96     [spec_dotted] the frame's bottom edge is one unbroken run  computed=NA  expected TRUE
PASS  v96     [spec_dotted] the frame's left edge is one unbroken run  computed=NA  expected TRUE
PASS  v96     [spec_dotted] the frame's right edge is one unbroken run  computed=NA  expected TRUE
PASS  v96     [ltas_solid] the frame's top edge is one unbroken run  computed=NA  expected TRUE
PASS  v96     [ltas_solid] the frame's bottom edge is one unbroken run  computed=NA  expected TRUE
PASS  v96     [ltas_solid] the frame's left edge is one unbroken run  computed=NA  expected TRUE
PASS  v96     [ltas_solid] the frame's right edge is one unbroken run  computed=NA  expected TRUE
PASS  v96     [ltas_dotted] the frame's top edge is one unbroken run  computed=NA  expected TRUE
PASS  v96     [ltas_dotted] the frame's bottom edge is one unbroken run  computed=NA  expected TRUE
PASS  v96     [ltas_dotted] the frame's left edge is one unbroken run  computed=NA  expected TRUE
PASS  v96     [ltas_dotted] the frame's right edge is one unbroken run  computed=NA  expected TRUE
PASS  v96     [spag_solid] the frame's top edge is one unbroken run  computed=NA  expected TRUE
PASS  v96     [spag_solid] the frame's bottom edge is one unbroken run  computed=NA  expected TRUE
PASS  v96     [spag_solid] the frame's left edge is one unbroken run  computed=NA  expected TRUE
PASS  v96     [spag_solid] the frame's right edge is one unbroken run  computed=NA  expected TRUE
PASS  v96     [spag_dotted] the frame's top edge is one unbroken run  computed=NA  expected TRUE
PASS  v96     [spag_dotted] the frame's bottom edge is one unbroken run  computed=NA  expected TRUE
PASS  v96     [spag_dotted] the frame's left edge is one unbroken run  computed=NA  expected TRUE
PASS  v96     [spag_dotted] the frame's right edge is one unbroken run  computed=NA  expected TRUE
PASS  v96     [bar_alone] the frame's top edge is one unbroken run  computed=NA  expected TRUE
PASS  v96     [bar_alone] the frame's bottom edge is one unbroken run  computed=NA  expected TRUE
PASS  v96     [bar_alone] the frame's left edge is one unbroken run  computed=NA  expected TRUE
PASS  v96     [bar_alone] the frame's right edge is one unbroken run  computed=NA  expected TRUE
PASS  v96     [leak_bar_after_dotted] the frame's top edge is one unbroken run  computed=NA  expected TRUE
PASS  v96     [leak_bar_after_dotted] the frame's bottom edge is one unbroken run  computed=NA  expected TRUE
PASS  v96     [leak_bar_after_dotted] the frame's left edge is one unbroken run  computed=NA  expected TRUE
PASS  v96     [leak_bar_after_dotted] the frame's right edge is one unbroken run  computed=NA  expected TRUE
PASS  v96     [leak_ts_after_dotted] the frame's top edge is one unbroken run  computed=NA  expected TRUE
PASS  v96     [leak_ts_after_dotted] the frame's bottom edge is one unbroken run  computed=NA  expected TRUE
PASS  v96     [leak_ts_after_dotted] the frame's left edge is one unbroken run  computed=NA  expected TRUE
PASS  v96     [leak_ts_after_dotted] the frame's right edge is one unbroken run  computed=NA  expected TRUE
PASS  v96     [unpublished_alone] the frame's top edge is one unbroken run  computed=NA  expected TRUE
PASS  v96     [unpublished_alone] the frame's bottom edge is one unbroken run  computed=NA  expected TRUE
PASS  v96     [unpublished_alone] the frame's left edge is one unbroken run  computed=NA  expected TRUE
PASS  v96     [unpublished_alone] the frame's right edge is one unbroken run  computed=NA  expected TRUE
PASS  v96     [unpublished_after_dotted] the frame's top edge is one unbroken run  computed=NA  expected TRUE
PASS  v96     [unpublished_after_dotted] the frame's bottom edge is one unbroken run  computed=NA  expected TRUE
PASS  v96     [unpublished_after_dotted] the frame's left edge is one unbroken run  computed=NA  expected TRUE
PASS  v96     [unpublished_after_dotted] the frame's right edge is one unbroken run  computed=NA  expected TRUE
PASS  v96     [recorded_wave] the frame's top edge is one unbroken run  computed=NA  expected TRUE
PASS  v96     [recorded_wave] the frame's bottom edge is one unbroken run  computed=NA  expected TRUE
PASS  v96     [recorded_wave] the frame's left edge is one unbroken run  computed=NA  expected TRUE
PASS  v96     [recorded_wave] the frame's right edge is one unbroken run  computed=NA  expected TRUE
PASS  v96     [furniture_pen] the frame's top edge is one unbroken run  computed=NA  expected TRUE
PASS  v96     [furniture_pen] the frame's bottom edge is one unbroken run  computed=NA  expected TRUE
PASS  v96     [furniture_pen] the frame's left edge is one unbroken run  computed=NA  expected TRUE
PASS  v96     [furniture_pen] the frame's right edge is one unbroken run  computed=NA  expected TRUE
PASS  v96     [line chart] frame_top_run is unchanged by the pen  computed=NA  expected TRUE
PASS  v96     [line chart] frame_left_run is unchanged by the pen  computed=NA  expected TRUE
PASS  v96     [line chart with CI] frame_top_run is unchanged by the pen  computed=NA  expected TRUE
PASS  v96     [line chart with CI] frame_left_run is unchanged by the pen  computed=NA  expected TRUE
PASS  v96     [pitch contour] frame_top_run is unchanged by the pen  computed=NA  expected TRUE
PASS  v96     [pitch contour] frame_left_run is unchanged by the pen  computed=NA  expected TRUE
PASS  v96     [waveform] frame_top_run is unchanged by the pen  computed=NA  expected TRUE
PASS  v96     [waveform] frame_left_run is unchanged by the pen  computed=NA  expected TRUE
PASS  v96     [spectrum] frame_top_run is unchanged by the pen  computed=NA  expected TRUE
PASS  v96     [spectrum] frame_left_run is unchanged by the pen  computed=NA  expected TRUE
PASS  v96     [LTAS] frame_top_run is unchanged by the pen    computed=NA  expected TRUE
PASS  v96     [LTAS] frame_left_run is unchanged by the pen   computed=NA  expected TRUE
PASS  v96     [spaghetti plot] frame_top_run is unchanged by the pen  computed=NA  expected TRUE
PASS  v96     [spaghetti plot] frame_left_run is unchanged by the pen  computed=NA  expected TRUE
PASS  v96     under a dotted pen an ordinary stroke comes back in pieces (331)  computed=NA  expected TRUE
PASS  v96     and none of those pieces is longer than a dot (1 px)  computed=NA  expected TRUE
PASS  v96     while `Draw inner box` under that same pen is solid across the top  computed=NA  expected TRUE
PASS  v96     and solid down the side                         computed=NA  expected TRUE
PASS  v96     so the box outlives the pen by a factor of 1483  computed=NA  expected TRUE
FAIL  v96     a bar chart after a dotted line chart is the bar chart drawn alone  computed=NA  expected TRUE
FAIL  v96     a solid line chart after a dotted one is the solid figure, byte for byte  computed=NA  expected TRUE
PASS  v96     [bar_alone] has a figure on it, not an empty page  computed=NA  expected TRUE
PASS  v96     [leak_bar_after_dotted] has a figure on it, not an empty page  computed=NA  expected TRUE
PASS  v96     [leak_ts_after_dotted] has a figure on it, not an empty page  computed=NA  expected TRUE
PASS  v96     [unpublished_alone] has a figure on it, not an empty page  computed=NA  expected TRUE
PASS  v96     [unpublished_after_dotted] has a figure on it, not an empty page  computed=NA  expected TRUE
FAIL  v96     a caller that states no pen, after a dotted press, draws what it draws alone  computed=NA  expected TRUE
PASS  v96     and what it draws alone is a solid stroke, one run and no holes  computed=NA  expected TRUE
PASS  v96     the emitted block declares the pen the session drew with  computed=NA  expected TRUE
PASS  v96     beside the page setting that was already there  computed=NA  expected TRUE
PASS  v96     and running the emitted script draws the same figure, byte for byte  computed=NA  expected TRUE
PASS  v96     on the same page rectangle                      computed=NA  expected TRUE
PASS  v96     and the recorded waveform is a dashed waveform, not a solid one  computed=NA  expected TRUE
PASS  v96     the four source files this feature lives in are all present  computed=NA  expected TRUE
PASS  v96     [Pitch Contour] its dialog carries a Line style menu  computed=NA  expected TRUE
PASS  v96     [Pitch Contour] the publish reads that type's own variable  computed=NA  expected TRUE
PASS  v96     [Pitch Contour] on graph_type 1                 computed=NA  expected TRUE
PASS  v96     [Pitch Contour] its live variable is seeded Solid  computed=NA  expected TRUE
PASS  v96     [Pitch Contour] and its remembered choice starts Solid  computed=NA  expected TRUE
PASS  v96     [Pitch Contour] the dialog comes back with the choice in it  computed=NA  expected TRUE
PASS  v96     [Waveform] its dialog carries a Line style menu  computed=NA  expected TRUE
PASS  v96     [Waveform] the publish reads that type's own variable  computed=NA  expected TRUE
PASS  v96     [Waveform] on graph_type 2                      computed=NA  expected TRUE
PASS  v96     [Waveform] its live variable is seeded Solid    computed=NA  expected TRUE
PASS  v96     [Waveform] and its remembered choice starts Solid  computed=NA  expected TRUE
PASS  v96     [Waveform] the dialog comes back with the choice in it  computed=NA  expected TRUE
PASS  v96     [Spectrum] its dialog carries a Line style menu  computed=NA  expected TRUE
PASS  v96     [Spectrum] the publish reads that type's own variable  computed=NA  expected TRUE
PASS  v96     [Spectrum] on graph_type 3                      computed=NA  expected TRUE
PASS  v96     [Spectrum] its live variable is seeded Solid    computed=NA  expected TRUE
PASS  v96     [Spectrum] and its remembered choice starts Solid  computed=NA  expected TRUE
PASS  v96     [Spectrum] the dialog comes back with the choice in it  computed=NA  expected TRUE
PASS  v96     [LTAS] its dialog carries a Line style menu     computed=NA  expected TRUE
PASS  v96     [LTAS] the publish reads that type's own variable  computed=NA  expected TRUE
PASS  v96     [LTAS] on graph_type 4                          computed=NA  expected TRUE
PASS  v96     [LTAS] its live variable is seeded Solid        computed=NA  expected TRUE
PASS  v96     [LTAS] and its remembered choice starts Solid   computed=NA  expected TRUE
PASS  v96     [LTAS] the dialog comes back with the choice in it  computed=NA  expected TRUE
PASS  v96     [Line Chart (±CI)] its dialog carries a Line style menu  computed=NA  expected TRUE
PASS  v96     [Line Chart (±CI)] the publish reads that type's own variable  computed=NA  expected TRUE
PASS  v96     [Line Chart (±CI)] on graph_type 5             computed=NA  expected TRUE
PASS  v96     [Line Chart (±CI)] its live variable is seeded Solid  computed=NA  expected TRUE
PASS  v96     [Line Chart (±CI)] and its remembered choice starts Solid  computed=NA  expected TRUE
PASS  v96     [Line Chart (±CI)] the dialog comes back with the choice in it  computed=NA  expected TRUE
PASS  v96     [Spaghetti Plot] its dialog carries a Line style menu  computed=NA  expected TRUE
PASS  v96     [Spaghetti Plot] the publish reads that type's own variable  computed=NA  expected TRUE
PASS  v96     [Spaghetti Plot] on graph_type 13               computed=NA  expected TRUE
PASS  v96     [Spaghetti Plot] its live variable is seeded Solid  computed=NA  expected TRUE
PASS  v96     [Spaghetti Plot] and its remembered choice starts Solid  computed=NA  expected TRUE
PASS  v96     [Spaghetti Plot] the dialog comes back with the choice in it  computed=NA  expected TRUE
PASS  v96     the publish procedure exists exactly once       computed=NA  expected TRUE
PASS  v96     its first statement sets the pen to Solid       computed=NA  expected TRUE
PASS  v96     and exactly six types override it               computed=NA  expected TRUE
PASS  v96     so no other graph type can publish anything but Solid  computed=NA  expected TRUE
PASS  v96     the second series has its own Line style menu   computed=NA  expected TRUE
PASS  v96     seeded Dashed rather than Solid                 computed=NA  expected TRUE
PASS  v96     and it is not the primary's variable under another name  computed=NA  expected TRUE
PASS  v96     every line-style menu in the form is found      computed=NA  expected TRUE
PASS  v96     the menu at line 3971 offers the four styles in order  computed=NA  expected TRUE
PASS  v96     the menu at line 4195 offers the four styles in order  computed=NA  expected TRUE
PASS  v96     the menu at line 4365 offers the four styles in order  computed=NA  expected TRUE
PASS  v96     the menu at line 4543 offers the four styles in order  computed=NA  expected TRUE
PASS  v96     the menu at line 4912 offers the four styles in order  computed=NA  expected TRUE
PASS  v96     the menu at line 4932 offers the four styles in order  computed=NA  expected TRUE
PASS  v96     the menu at line 5302 offers the four styles in order  computed=NA  expected TRUE
PASS  v96     the menu at line 8702 offers the four styles in order  computed=NA  expected TRUE
PASS  v96     @emlLineStyleName exists exactly once           computed=NA  expected TRUE
PASS  v96     @emlLineStyleName calls style 1 Solid           computed=NA  expected TRUE
PASS  v96     @emlLineStyleName calls style 2 Dotted          computed=NA  expected TRUE
PASS  v96     @emlLineStyleName calls style 3 Dashed          computed=NA  expected TRUE
PASS  v96     @emlLineStyleName calls style 4 Dashed-dotted   computed=NA  expected TRUE
PASS  v96     and an out-of-range index falls back to Solid   computed=NA  expected TRUE
PASS  v96     the draw layer never reads f0LineStyle          computed=NA  expected TRUE
PASS  v96     the draw layer never reads wavLineStyle         computed=NA  expected TRUE
PASS  v96     the draw layer never reads specLineStyle        computed=NA  expected TRUE
PASS  v96     the draw layer never reads ltasLineStyle        computed=NA  expected TRUE
PASS  v96     the draw layer never reads tsLineStyle          computed=NA  expected TRUE
PASS  v96     the draw layer never reads spLineStyle          computed=NA  expected TRUE
PASS  v96     it reads the published pen through @emlPrimaryLineStyle  computed=NA  expected TRUE
PASS  v96     and that procedure defaults to Solid when nothing published one  computed=NA  expected TRUE
PASS  v96     the draw layer never assigns the published pen  computed=NA  expected TRUE
PASS  v96     the recorder maps emlLineStyle to the block's lineStyle  computed=NA  expected TRUE
PASS  v96     and captures it through variableExists, for a stats-only caller  computed=NA  expected TRUE
PASS  v96     the four-pen page was drawn                     computed=NA  expected TRUE
PASS  v96     it is a four-panel page, not a single panel     computed=NA  expected TRUE
PASS  v96     and stroke.py records that a four-panel page has no one frame  computed=NA  expected TRUE
PASS  v96     the full-resolution detail strip was cut from those same files  computed=NA  expected TRUE
PASS  v96     every line-style cases is accounted for by some check  computed=NA  expected TRUE
PASS  v96     every line-style cases a check reads was actually rendered  computed=NA  expected TRUE
------------------------------------------------------------------------------ 
357 checks, 353 passed, 4 FAILED
