
══════════════════════════════════════════════
  EML Stats : Spaghetti Plot Summary
  Thu Sep  3 04:27:08 2026
══════════════════════════════════════════════

  Table               linestyle
  Condition column    t
  Value column        v
  ID column           id
  Conditions          12


  ── 1 ───────────────────────────────────────
  N                   3
  Mean                110.000
  SD                  0.000


  ── 2 ───────────────────────────────────────
  N                   3
  Mean                120.000
  SD                  0.000


  ── 3 ───────────────────────────────────────
  N                   3
  Mean                118.000
  SD                  0.000


  ── 4 ───────────────────────────────────────
  N                   3
  Mean                128.000
  SD                  0.000


  ── 5 ───────────────────────────────────────
  N                   3
  Mean                138.000
  SD                  0.000


  ── 6 ───────────────────────────────────────
  N                   3
  Mean                136.000
  SD                  0.000


  ── 7 ───────────────────────────────────────
  N                   3
  Mean                146.000
  SD                  0.000


  ── 8 ───────────────────────────────────────
  N                   3
  Mean                156.000
  SD                  0.000


  ── 9 ───────────────────────────────────────
  N                   3
  Mean                154.000
  SD                  0.000


  ── 10 ──────────────────────────────────────
  N                   3
  Mean                164.000
  SD                  0.000


  ── 11 ──────────────────────────────────────
  N                   3
  Mean                174.000
  SD                  0.000


  ── 12 ──────────────────────────────────────
  N                   3
  Mean                172.000
  SD                  0.000

  Conventions: quartiles R type 7 · SD & variance n-1
  · rank tests average tied ranks (tie-corrected).
  exact rank p-values: AS 89 for Spearman; exact enumeration for rank-sum and signed-rank
  exact limits: n < 50 per sample (rank tests); n <= 1290 (Spearman)
══════════════════════════════════════════════
STYLE 1
STYLENAME Solid
TYPE 13
UNION 0 6 0 4
