      pitch_contour: worst point (504.000, 33300.000) against box x[539.000, 3061.000] y[33323.330, 35142.670]
      waveform: worst point (504.000, 33433.290) against box x[539.000, 3061.000] y[33323.330, 35142.670]
      spectrum: worst point (504.000, 33300.000) against box x[539.000, 3061.000] y[33323.330, 35142.670]
      ltas: worst point (504.000, 33300.000) against box x[539.000, 3061.000] y[33323.330, 35142.670]
      line_chart: worst point (3096.000, 35165.996) against box x[539.000, 3061.000] y[33323.330, 35142.670]
      bar_chart: worst point (936.000, 33280.340) against box x[539.000, 3061.000] y[33323.330, 35142.670]
      violin: worst point (936.000, 33280.340) against box x[539.000, 3061.000] y[33323.330, 35142.670]
      scatter: worst point (504.000, 33469.640) against box x[539.000, 3061.000] y[33323.330, 35142.670]
      box_plot: worst point (936.000, 33280.340) against box x[539.000, 3061.000] y[33323.330, 35142.670]
      histogram: worst point (504.000, 33300.000) against box x[539.000, 3061.000] y[33323.330, 35142.670]
      grouped_violin: worst point (936.000, 33280.340) against box x[539.000, 3061.000] y[33323.330, 35142.670]
      grouped_box: worst point (936.000, 33280.340) against box x[539.000, 3061.000] y[33323.330, 35142.670]
      spaghetti: worst point (612.000, 33280.340) against box x[539.000, 3061.000] y[33323.330, 35142.670]
  [figures 13 | ticks 250 | gridlines 0 | plotted points 17182]
  [worst anchoring error 0.0060 | worst overshoot 42.9900 | worst claimed reach 35.0000 device units, tol 0.5 / 2.0]

==============================================================================
v100 -- one rectangle per figure
==============================================================================
PASS  v100    the boxgeom driver left an artefact to read     computed=NA  expected TRUE
PASS  v100    pitch_contour: the figure carries an inner box  computed=NA  expected TRUE
PASS  v100    pitch_contour: the inner box encloses every other stroked rectangle  computed=NA  expected TRUE
PASS  v100    pitch_contour: some tick mark follows its own number  computed=NA  expected TRUE
PASS  v100    pitch_contour: the figure carries tick marks to check  computed=NA  expected TRUE
PASS  v100    pitch_contour: the figure carries plotted data to check  computed=NA  expected TRUE
PASS  v100    pitch_contour: every tick is anchored on the inner box  computed=NA  expected TRUE
PASS  v100    pitch_contour: every tick points out of the box, not into it  computed=NA  expected TRUE
PASS  v100    pitch_contour: every tick stands within the box's own span  computed=NA  expected TRUE
PASS  v100    pitch_contour: the left lattice reaches both ends of the box within one step  computed=NA  expected TRUE
PASS  v100    pitch_contour: the bottom lattice reaches both ends of the box within one step  computed=NA  expected TRUE
FAIL  v100    pitch_contour: every plotted point is inside the inner box  computed=NA  expected TRUE
PASS  v100    pitch_contour: the case declared what its data reaches  computed=NA  expected TRUE
PASS  v100    waveform: the figure carries an inner box       computed=NA  expected TRUE
PASS  v100    waveform: the inner box encloses every other stroked rectangle  computed=NA  expected TRUE
PASS  v100    waveform: some tick mark follows its own number  computed=NA  expected TRUE
PASS  v100    waveform: the figure carries tick marks to check  computed=NA  expected TRUE
PASS  v100    waveform: the figure carries plotted data to check  computed=NA  expected TRUE
PASS  v100    waveform: every tick is anchored on the inner box  computed=NA  expected TRUE
PASS  v100    waveform: every tick points out of the box, not into it  computed=NA  expected TRUE
PASS  v100    waveform: every tick stands within the box's own span  computed=NA  expected TRUE
PASS  v100    waveform: the left lattice reaches both ends of the box within one step  computed=NA  expected TRUE
PASS  v100    waveform: the bottom lattice reaches both ends of the box within one step  computed=NA  expected TRUE
FAIL  v100    waveform: every plotted point is inside the inner box  computed=NA  expected TRUE
PASS  v100    waveform: the case declared what its data reaches  computed=NA  expected TRUE
PASS  v100    waveform: the data reaches the left edge        computed=NA  expected TRUE
PASS  v100    waveform: the data reaches the right edge       computed=NA  expected TRUE
PASS  v100    spectrum: the figure carries an inner box       computed=NA  expected TRUE
PASS  v100    spectrum: the inner box encloses every other stroked rectangle  computed=NA  expected TRUE
PASS  v100    spectrum: some tick mark follows its own number  computed=NA  expected TRUE
PASS  v100    spectrum: the figure carries tick marks to check  computed=NA  expected TRUE
PASS  v100    spectrum: the figure carries plotted data to check  computed=NA  expected TRUE
PASS  v100    spectrum: every tick is anchored on the inner box  computed=NA  expected TRUE
PASS  v100    spectrum: every tick points out of the box, not into it  computed=NA  expected TRUE
PASS  v100    spectrum: every tick stands within the box's own span  computed=NA  expected TRUE
PASS  v100    spectrum: the left lattice reaches both ends of the box within one step  computed=NA  expected TRUE
PASS  v100    spectrum: the bottom lattice reaches both ends of the box within one step  computed=NA  expected TRUE
FAIL  v100    spectrum: every plotted point is inside the inner box  computed=NA  expected TRUE
PASS  v100    spectrum: the case declared what its data reaches  computed=NA  expected TRUE
PASS  v100    spectrum: the data reaches the left edge        computed=NA  expected TRUE
PASS  v100    spectrum: the data reaches the right edge       computed=NA  expected TRUE
PASS  v100    spectrum: the data reaches the bottom edge      computed=NA  expected TRUE
PASS  v100    ltas: the figure carries an inner box           computed=NA  expected TRUE
PASS  v100    ltas: the inner box encloses every other stroked rectangle  computed=NA  expected TRUE
PASS  v100    ltas: some tick mark follows its own number     computed=NA  expected TRUE
PASS  v100    ltas: the figure carries tick marks to check    computed=NA  expected TRUE
PASS  v100    ltas: the figure carries plotted data to check  computed=NA  expected TRUE
PASS  v100    ltas: every tick is anchored on the inner box   computed=NA  expected TRUE
PASS  v100    ltas: every tick points out of the box, not into it  computed=NA  expected TRUE
PASS  v100    ltas: every tick stands within the box's own span  computed=NA  expected TRUE
PASS  v100    ltas: the left lattice reaches both ends of the box within one step  computed=NA  expected TRUE
PASS  v100    ltas: the bottom lattice reaches both ends of the box within one step  computed=NA  expected TRUE
FAIL  v100    ltas: every plotted point is inside the inner box  computed=NA  expected TRUE
PASS  v100    ltas: the case declared what its data reaches   computed=NA  expected TRUE
PASS  v100    line_chart: the figure carries an inner box     computed=NA  expected TRUE
PASS  v100    line_chart: the inner box encloses every other stroked rectangle  computed=NA  expected TRUE
PASS  v100    line_chart: some tick mark follows its own number  computed=NA  expected TRUE
PASS  v100    line_chart: the figure carries tick marks to check  computed=NA  expected TRUE
PASS  v100    line_chart: the figure carries plotted data to check  computed=NA  expected TRUE
PASS  v100    line_chart: every tick is anchored on the inner box  computed=NA  expected TRUE
PASS  v100    line_chart: every tick points out of the box, not into it  computed=NA  expected TRUE
PASS  v100    line_chart: every tick stands within the box's own span  computed=NA  expected TRUE
PASS  v100    line_chart: the left lattice reaches both ends of the box within one step  computed=NA  expected TRUE
PASS  v100    line_chart: the bottom lattice reaches both ends of the box within one step  computed=NA  expected TRUE
FAIL  v100    line_chart: every plotted point is inside the inner box  computed=NA  expected TRUE
PASS  v100    line_chart: the case declared what its data reaches  computed=NA  expected TRUE
FAIL  v100    line_chart: the data reaches the left edge      computed=NA  expected TRUE
FAIL  v100    line_chart: the data reaches the right edge     computed=NA  expected TRUE
FAIL  v100    line_chart: the data reaches the bottom edge    computed=NA  expected TRUE
FAIL  v100    line_chart: the data reaches the top edge       computed=NA  expected TRUE
PASS  v100    bar_chart: the figure carries an inner box      computed=NA  expected TRUE
FAIL  v100    bar_chart: the inner box encloses every other stroked rectangle  computed=NA  expected TRUE
PASS  v100    bar_chart: some tick mark follows its own number  computed=NA  expected TRUE
PASS  v100    bar_chart: the figure carries tick marks to check  computed=NA  expected TRUE
PASS  v100    bar_chart: the figure carries plotted data to check  computed=NA  expected TRUE
PASS  v100    bar_chart: every tick is anchored on the inner box  computed=NA  expected TRUE
PASS  v100    bar_chart: every tick points out of the box, not into it  computed=NA  expected TRUE
PASS  v100    bar_chart: every tick stands within the box's own span  computed=NA  expected TRUE
PASS  v100    bar_chart: the left lattice reaches both ends of the box within one step  computed=NA  expected TRUE
FAIL  v100    bar_chart: every plotted point is inside the inner box  computed=NA  expected TRUE
PASS  v100    bar_chart: the case declared what its data reaches  computed=NA  expected TRUE
FAIL  v100    bar_chart: the data reaches the bottom edge     computed=NA  expected TRUE
PASS  v100    violin: the figure carries an inner box         computed=NA  expected TRUE
PASS  v100    violin: the inner box encloses every other stroked rectangle  computed=NA  expected TRUE
PASS  v100    violin: some tick mark follows its own number   computed=NA  expected TRUE
PASS  v100    violin: the figure carries tick marks to check  computed=NA  expected TRUE
PASS  v100    violin: the figure carries plotted data to check  computed=NA  expected TRUE
PASS  v100    violin: every tick is anchored on the inner box  computed=NA  expected TRUE
PASS  v100    violin: every tick points out of the box, not into it  computed=NA  expected TRUE
PASS  v100    violin: every tick stands within the box's own span  computed=NA  expected TRUE
PASS  v100    violin: the left lattice reaches both ends of the box within one step  computed=NA  expected TRUE
FAIL  v100    violin: every plotted point is inside the inner box  computed=NA  expected TRUE
PASS  v100    violin: the case declared what its data reaches  computed=NA  expected TRUE
PASS  v100    violin: the data reaches the bottom edge        computed=NA  expected TRUE
PASS  v100    violin: the data reaches the top edge           computed=NA  expected TRUE
PASS  v100    scatter: the figure carries an inner box        computed=NA  expected TRUE
PASS  v100    scatter: the inner box encloses every other stroked rectangle  computed=NA  expected TRUE
PASS  v100    scatter: some tick mark follows its own number  computed=NA  expected TRUE
PASS  v100    scatter: the figure carries tick marks to check  computed=NA  expected TRUE
PASS  v100    scatter: the figure carries plotted data to check  computed=NA  expected TRUE
PASS  v100    scatter: every tick is anchored on the inner box  computed=NA  expected TRUE
PASS  v100    scatter: every tick points out of the box, not into it  computed=NA  expected TRUE
PASS  v100    scatter: every tick stands within the box's own span  computed=NA  expected TRUE
PASS  v100    scatter: the left lattice reaches both ends of the box within one step  computed=NA  expected TRUE
PASS  v100    scatter: the bottom lattice reaches both ends of the box within one step  computed=NA  expected TRUE
FAIL  v100    scatter: every plotted point is inside the inner box  computed=NA  expected TRUE
PASS  v100    scatter: the case declared what its data reaches  computed=NA  expected TRUE
FAIL  v100    scatter: the data reaches the left edge         computed=NA  expected TRUE
FAIL  v100    scatter: the data reaches the right edge        computed=NA  expected TRUE
FAIL  v100    scatter: the data reaches the bottom edge       computed=NA  expected TRUE
FAIL  v100    scatter: the data reaches the top edge          computed=NA  expected TRUE
PASS  v100    box_plot: the figure carries an inner box       computed=NA  expected TRUE
PASS  v100    box_plot: the inner box encloses every other stroked rectangle  computed=NA  expected TRUE
PASS  v100    box_plot: some tick mark follows its own number  computed=NA  expected TRUE
PASS  v100    box_plot: the figure carries tick marks to check  computed=NA  expected TRUE
PASS  v100    box_plot: the figure carries plotted data to check  computed=NA  expected TRUE
PASS  v100    box_plot: every tick is anchored on the inner box  computed=NA  expected TRUE
PASS  v100    box_plot: every tick points out of the box, not into it  computed=NA  expected TRUE
PASS  v100    box_plot: every tick stands within the box's own span  computed=NA  expected TRUE
PASS  v100    box_plot: the left lattice reaches both ends of the box within one step  computed=NA  expected TRUE
FAIL  v100    box_plot: every plotted point is inside the inner box  computed=NA  expected TRUE
PASS  v100    box_plot: the case declared what its data reaches  computed=NA  expected TRUE
FAIL  v100    box_plot: the data reaches the bottom edge      computed=NA  expected TRUE
FAIL  v100    box_plot: the data reaches the top edge         computed=NA  expected TRUE
PASS  v100    histogram: the figure carries an inner box      computed=NA  expected TRUE
FAIL  v100    histogram: the inner box encloses every other stroked rectangle  computed=NA  expected TRUE
PASS  v100    histogram: some tick mark follows its own number  computed=NA  expected TRUE
PASS  v100    histogram: the figure carries tick marks to check  computed=NA  expected TRUE
PASS  v100    histogram: the figure carries plotted data to check  computed=NA  expected TRUE
PASS  v100    histogram: every tick is anchored on the inner box  computed=NA  expected TRUE
PASS  v100    histogram: every tick points out of the box, not into it  computed=NA  expected TRUE
PASS  v100    histogram: every tick stands within the box's own span  computed=NA  expected TRUE
PASS  v100    histogram: the left lattice reaches both ends of the box within one step  computed=NA  expected TRUE
PASS  v100    histogram: the bottom lattice reaches both ends of the box within one step  computed=NA  expected TRUE
FAIL  v100    histogram: every plotted point is inside the inner box  computed=NA  expected TRUE
PASS  v100    histogram: the case declared what its data reaches  computed=NA  expected TRUE
FAIL  v100    histogram: the data reaches the left edge       computed=NA  expected TRUE
FAIL  v100    histogram: the data reaches the right edge      computed=NA  expected TRUE
FAIL  v100    histogram: the data reaches the bottom edge     computed=NA  expected TRUE
PASS  v100    grouped_violin: the figure carries an inner box  computed=NA  expected TRUE
PASS  v100    grouped_violin: the inner box encloses every other stroked rectangle  computed=NA  expected TRUE
PASS  v100    grouped_violin: some tick mark follows its own number  computed=NA  expected TRUE
PASS  v100    grouped_violin: the figure carries tick marks to check  computed=NA  expected TRUE
PASS  v100    grouped_violin: the figure carries plotted data to check  computed=NA  expected TRUE
PASS  v100    grouped_violin: every tick is anchored on the inner box  computed=NA  expected TRUE
PASS  v100    grouped_violin: every tick points out of the box, not into it  computed=NA  expected TRUE
PASS  v100    grouped_violin: every tick stands within the box's own span  computed=NA  expected TRUE
PASS  v100    grouped_violin: the left lattice reaches both ends of the box within one step  computed=NA  expected TRUE
FAIL  v100    grouped_violin: every plotted point is inside the inner box  computed=NA  expected TRUE
PASS  v100    grouped_violin: the case declared what its data reaches  computed=NA  expected TRUE
PASS  v100    grouped_violin: the data reaches the bottom edge  computed=NA  expected TRUE
PASS  v100    grouped_box: the figure carries an inner box    computed=NA  expected TRUE
PASS  v100    grouped_box: the inner box encloses every other stroked rectangle  computed=NA  expected TRUE
PASS  v100    grouped_box: some tick mark follows its own number  computed=NA  expected TRUE
PASS  v100    grouped_box: the figure carries tick marks to check  computed=NA  expected TRUE
PASS  v100    grouped_box: the figure carries plotted data to check  computed=NA  expected TRUE
PASS  v100    grouped_box: every tick is anchored on the inner box  computed=NA  expected TRUE
PASS  v100    grouped_box: every tick points out of the box, not into it  computed=NA  expected TRUE
PASS  v100    grouped_box: every tick stands within the box's own span  computed=NA  expected TRUE
PASS  v100    grouped_box: the left lattice reaches both ends of the box within one step  computed=NA  expected TRUE
FAIL  v100    grouped_box: every plotted point is inside the inner box  computed=NA  expected TRUE
PASS  v100    grouped_box: the case declared what its data reaches  computed=NA  expected TRUE
FAIL  v100    grouped_box: the data reaches the bottom edge   computed=NA  expected TRUE
PASS  v100    spaghetti: the figure carries an inner box      computed=NA  expected TRUE
PASS  v100    spaghetti: the inner box encloses every other stroked rectangle  computed=NA  expected TRUE
PASS  v100    spaghetti: some tick mark follows its own number  computed=NA  expected TRUE
PASS  v100    spaghetti: the figure carries tick marks to check  computed=NA  expected TRUE
PASS  v100    spaghetti: the figure carries plotted data to check  computed=NA  expected TRUE
PASS  v100    spaghetti: every tick is anchored on the inner box  computed=NA  expected TRUE
PASS  v100    spaghetti: every tick points out of the box, not into it  computed=NA  expected TRUE
PASS  v100    spaghetti: every tick stands within the box's own span  computed=NA  expected TRUE
PASS  v100    spaghetti: the left lattice reaches both ends of the box within one step  computed=NA  expected TRUE
FAIL  v100    spaghetti: every plotted point is inside the inner box  computed=NA  expected TRUE
PASS  v100    spaghetti: the case declared what its data reaches  computed=NA  expected TRUE
FAIL  v100    spaghetti: the data reaches the bottom edge     computed=NA  expected TRUE
FAIL  v100    spaghetti: the data reaches the top edge        computed=NA  expected TRUE
PASS  v100    every boxgeom figures is accounted for by some check  computed=NA  expected TRUE
PASS  v100    every boxgeom figures a check reads was actually rendered  computed=NA  expected TRUE
------------------------------------------------------------------------------ 
178 checks, 146 passed, 32 FAILED
