
══════════════════════════════════════════════
  EML Stats : Spaghetti Plot Summary
  Thu Aug 20 00:33:37 2026
══════════════════════════════════════════════

  Table               boxgeom
  Condition column    t
  Value column        v
  ID column           id
  Conditions          12


  ── 1 ───────────────────────────────────────
  N                   3
  Mean                10.000
  SD                  0.000


  ── 2 ───────────────────────────────────────
  N                   3
  Mean                20.000
  SD                  0.000


  ── 3 ───────────────────────────────────────
  N                   3
  Mean                30.000
  SD                  0.000


  ── 4 ───────────────────────────────────────
  N                   3
  Mean                40.000
  SD                  0.000


  ── 5 ───────────────────────────────────────
  N                   3
  Mean                50.000
  SD                  0.000


  ── 6 ───────────────────────────────────────
  N                   3
  Mean                60.000
  SD                  0.000


  ── 7 ───────────────────────────────────────
  N                   3
  Mean                70.000
  SD                  0.000


  ── 8 ───────────────────────────────────────
  N                   3
  Mean                80.000
  SD                  0.000


  ── 9 ───────────────────────────────────────
  N                   3
  Mean                90.000
  SD                  0.000


  ── 10 ──────────────────────────────────────
  N                   3
  Mean                100.000
  SD                  0.000


  ── 11 ──────────────────────────────────────
  N                   3
  Mean                110.000
  SD                  0.000


  ── 12 ──────────────────────────────────────
  N                   3
  Mean                120.000
  SD                  0.000

  Conventions: quartiles R type 7 · SD & variance n-1
  · rank tests average tied ranks (tie-corrected).
══════════════════════════════════════════════
TYPE 13
REACH bottom top
DECLINNER 0.8400000000000001 5.16 0.39 3.5
BODYSIZE 9.36
