CASE handoff
DLG|1|correlate_two_columns#1|visit=1|clicked=2

══════════════════════════════════════════════
  EML Stats : Correlation Analysis
  Thu Sep  3 03:49:15 2026
  from: analysis dialog
══════════════════════════════════════════════

  Table               t
  Column X            x
  Column Y            y
  N                   9


  ── Pearson Correlation ─────────────────────
  r                   0.9985
  R-squared           0.9970
  t                   48.117
  df                  7
  p                   < .001  (4.38e-10)
  p method            t distribution
  95% CI for r        [0.9925, 0.9997]
  Magnitude           large effect

  Conventions: quartiles R type 7 · SD & variance n-1
  · rank tests average tied ranks (tie-corrected).
  exact rank p-values: AS 89 for Spearman; exact enumeration for rank-sum and signed-rank
  exact limits: n < 50 per sample (rank tests); n <= 1290 (Spearman)
══════════════════════════════════════════════
DLG|2|analysis_complete#1|visit=1|clicked=4
PROBE|list2|n=2|1=dose|2=site
DLG|1|correlate_two_columns#1|visit=2|clicked=2
ERRMSG|The grouping column "dose" is now one of the two columns being correlated, so it cannot also group them. Nothing was run. The list of grouping columns was built before you changed X and Y; click Back and it will be rebuilt for the columns you have now chosen.
DLG|E|errdlg|visit=1|clicked=2
PROBE|list3|n=1|1=site
DLG|1|correlate_two_columns#1|visit=3|clicked=1
CASE returned
CASE done
