CASE handoff
DLG|1|correlate_two_columns#1|visit=1|clicked=2

══════════════════════════════════════════════
  EML Stats : Correlation Analysis
  Fri Aug 21 00:40:53 2026
  from: analysis dialog
══════════════════════════════════════════════

  Table               t
  Column X            x
  Column Y            y
  N                   9


  ── Pearson Correlation ─────────────────────
  Why: Measures linear association between two continuous variables.
  r                   0.9985		Very strong positive relationship (range: -1 to 1)
  R-squared           0.9970		The fitted model accounts for 100% of the variance in Y in this sample
  t                   48.117		The observed difference is 48.1 standard errors from zero
  df                  7		Observations (9) minus 2. Two parameters (slope, intercept) estimated.
  p                   < .001  (4.38e-10)		Statistically significant: if there were truly no effect, results at least this extreme would occur less than 0.1% of the time
  95% CI for r        [0.9925, 0.9997]
  Magnitude           large effect

  Conventions: quartiles R type 7 · SD & variance n-1
  · rank tests average tied ranks (tie-corrected).
══════════════════════════════════════════════
DLG|2|analysis_complete#1|visit=1|clicked=4
DLG|1|correlate_two_columns#1|visit=2|clicked=2

══════════════════════════════════════════════
  EML Stats : Correlation Analysis
  Fri Aug 21 00:40:53 2026
  from: analysis dialog
══════════════════════════════════════════════

  Table               t
  Column X            x
  Column Y            y
  N                   9


  ── Pearson Correlation ─────────────────────
  Why: Measures linear association between two continuous variables.
  r                   0.9985		Very strong positive relationship (range: -1 to 1)
  R-squared           0.9970		The fitted model accounts for 100% of the variance in Y in this sample
  t                   48.117		The observed difference is 48.1 standard errors from zero
  df                  7		Observations (9) minus 2. Two parameters (slope, intercept) estimated.
  p                   < .001  (4.38e-10)		Statistically significant: if there were truly no effect, results at least this extreme would occur less than 0.1% of the time
  95% CI for r        [0.9925, 0.9997]
  Magnitude           large effect

  Conventions: quartiles R type 7 · SD & variance n-1
  · rank tests average tied ranks (tie-corrected).
══════════════════════════════════════════════

══════════════════════════════════════════════
  EML Stats : Correlation by dose
  Fri Aug 21 00:40:53 2026
══════════════════════════════════════════════

  Grouping column     dose
  Groups              3
  Analysed            3

══════════════════════════════════════════════
  EML Stats : Correlation Analysis
  Fri Aug 21 00:40:53 2026
══════════════════════════════════════════════

  Table               t -- dose = 2
  Column X            x
  Column Y            y
  N                   3


  ── Pearson Correlation ─────────────────────
  Why: Measures linear association between two continuous variables.
  r                   0.9985		Very strong positive relationship (range: -1 to 1)
  R-squared           0.9970		The fitted model accounts for 100% of the variance in Y in this sample
  t                   18.187		The observed difference is 18.2 standard errors from zero
  df                  1		Observations (3) minus 2. Two parameters (slope, intercept) estimated.
  p                   .035		Statistically significant at the 5% level: if there were truly no effect, results at least this extreme would occur less than 5% of the time
  Magnitude           large effect

  Conventions: quartiles R type 7 · SD & variance n-1
  · rank tests average tied ranks (tie-corrected).
══════════════════════════════════════════════

══════════════════════════════════════════════
  EML Stats : Correlation Analysis
  Fri Aug 21 00:40:53 2026
══════════════════════════════════════════════

  Table               t -- dose = 3
  Column X            x
  Column Y            y
  N                   3


  ── Pearson Correlation ─────────────────────
  Why: Measures linear association between two continuous variables.
  r                   0.9985		Very strong positive relationship (range: -1 to 1)
  R-squared           0.9970		The fitted model accounts for 100% of the variance in Y in this sample
  t                   18.187		The observed difference is 18.2 standard errors from zero
  df                  1		Observations (3) minus 2. Two parameters (slope, intercept) estimated.
  p                   .035		Statistically significant at the 5% level: if there were truly no effect, results at least this extreme would occur less than 5% of the time
  Magnitude           large effect

  Conventions: quartiles R type 7 · SD & variance n-1
  · rank tests average tied ranks (tie-corrected).
══════════════════════════════════════════════

══════════════════════════════════════════════
  EML Stats : Correlation Analysis
  Fri Aug 21 00:40:53 2026
══════════════════════════════════════════════

  Table               t -- dose = 1
  Column X            x
  Column Y            y
  N                   3


  ── Pearson Correlation ─────────────────────
  Why: Measures linear association between two continuous variables.
  r                   0.9985		Very strong positive relationship (range: -1 to 1)
  R-squared           0.9970		The fitted model accounts for 100% of the variance in Y in this sample
  t                   18.187		The observed difference is 18.2 standard errors from zero
  df                  1		Observations (3) minus 2. Two parameters (slope, intercept) estimated.
  p                   .035		Statistically significant at the 5% level: if there were truly no effect, results at least this extreme would occur less than 5% of the time
  Magnitude           large effect

  Conventions: quartiles R type 7 · SD & variance n-1
  · rank tests average tied ranks (tie-corrected).
══════════════════════════════════════════════
══════════════════════════════════════════════
DLG|2|analysis_complete#1|visit=2|clicked=1
CASE returned
CASE done
