CASE handoff
DLG|1|correlate_two_columns#1|visit=1|clicked=2

══════════════════════════════════════════════
  EML Stats : Correlation Analysis
  Thu Aug 20 15:43:05 2026
  from: analysis dialog
══════════════════════════════════════════════

  Table               t
  Column X            x
  Column Y            y
  N                   9


  ── Pearson Correlation ─────────────────────
  Why: Measures linear association between two continuous variables.
  r                   0.9985		Very strong positive relationship (range: -1 to 1)
  R-squared           0.9970		The fitted model accounts for 100% of the variance in Y in this sample
  t                   48.117		The observed difference is 48.1 standard errors from zero
  df                  7		Observations (9) minus 2. Two parameters (slope, intercept) estimated.
  p                   < .001  (4.38e-10)		Statistically significant: if there were truly no effect, results at least this extreme would occur less than 0.1% of the time
  95% CI for r        [0.9925, 0.9997]
  Magnitude           large effect

  Conventions: quartiles R type 7 · SD & variance n-1
  · rank tests average tied ranks (tie-corrected).
══════════════════════════════════════════════
DLG|2|analysis_complete#1|visit=1|clicked=4
DLG|1|correlate_two_columns#1|visit=2|clicked=2

══════════════════════════════════════════════
  EML Stats : Correlation Analysis
  Thu Aug 20 15:43:05 2026
  from: analysis dialog
══════════════════════════════════════════════

  Table               t
  Column X            dose
  Column Y            y
  N                   9


  ── Pearson Correlation ─────────────────────
  Why: Measures linear association between two continuous variables.
  r                   -0.1729		Weak negative relationship (range: -1 to 1)
  R-squared           0.0299		The fitted model accounts for 3% of the variance in Y in this sample
  t                   -0.464		The observed difference is 0.5 standard errors from zero
  df                  7		Observations (9) minus 2. Two parameters (slope, intercept) estimated.
  p                   .656		Not statistically significant at the 5% level
  95% CI for r        [-0.7508, 0.5549]
  Magnitude           small effect

  Conventions: quartiles R type 7 · SD & variance n-1
  · rank tests average tied ranks (tie-corrected).
══════════════════════════════════════════════

══════════════════════════════════════════════
  EML Stats : Correlation by site
  Thu Aug 20 15:43:05 2026
══════════════════════════════════════════════

  Grouping column     site
  Groups              2
  Analysed            2

══════════════════════════════════════════════
  EML Stats : Correlation Analysis
  Thu Aug 20 15:43:05 2026
══════════════════════════════════════════════

  Table               t -- site = north
  Column X            dose
  Column Y            y
  N                   5


  ── Pearson Correlation ─────────────────────
  Why: Measures linear association between two continuous variables.
  r                   0.1558		Weak positive relationship (range: -1 to 1)
  R-squared           0.0243		The fitted model accounts for 2% of the variance in Y in this sample
  t                   0.273		The observed difference is 0.3 standard errors from zero
  df                  3		Observations (5) minus 2. Two parameters (slope, intercept) estimated.
  p                   .802		Not statistically significant at the 5% level
  95% CI for r        [-0.8422, 0.9126]
  Magnitude           small effect

  Conventions: quartiles R type 7 · SD & variance n-1
  · rank tests average tied ranks (tie-corrected).
══════════════════════════════════════════════

══════════════════════════════════════════════
  EML Stats : Correlation Analysis
  Thu Aug 20 15:43:05 2026
══════════════════════════════════════════════

  Table               t -- site = south
  Column X            dose
  Column Y            y
  N                   4


  ── Pearson Correlation ─────────────────────
  Why: Measures linear association between two continuous variables.
  r                   0.0906		Negligible positive relationship (range: -1 to 1)
  R-squared           0.0082		The fitted model accounts for 1% of the variance in Y in this sample
  t                   0.129		The observed difference is 0.1 standard errors from zero
  df                  2		Observations (4) minus 2. Two parameters (slope, intercept) estimated.
  p                   .909		Not statistically significant at the 5% level
  95% CI for r        [-0.9535, 0.9674]
  Magnitude           negligible effect

  Conventions: quartiles R type 7 · SD & variance n-1
  · rank tests average tied ranks (tie-corrected).
══════════════════════════════════════════════
══════════════════════════════════════════════
DLG|2|analysis_complete#1|visit=2|clicked=1
CASE returned
CASE done
