REPLAY opened|Table H_input

══════════════════════════════════════════════
  EML Stats : One-Way ANOVA
  Thu Sep  3 03:56:11 2026
  from: recorded script (recorded 21 August 2026, originally analysis dialog)
══════════════════════════════════════════════

  Table               H input
  Data column         f0 Hz
  Group column        group
  Groups              3
  Group order: table order (A, B, C).


  ── ANOVA Table ─────────────────────────────

Source              SS              df    MS              F           p
Between             27488.00        2     13744.00        847.2329    < .001
Within              146.00          9     16.22           
Total               27634.00        11    

  F                   847.2329
  p                   < .001  (5.66e-11)
  Effect size         eta-squared = 0.9947
  Equal spread        Brown-Forsythe F(2, 9) = 0.2000
  Equal-spread p      p = .822


  ── Group Descriptives ──────────────────────
  Group         N     Mean      SD        Median    
  A             4     94.00     4.55      93.00     
  B             4     120.00    3.56      119.00    
  C             4     206.00    3.92      206.50    


  ── Pairwise Effect Sizes (Cohen's d) ───────
  No pairwise significance tests were run.

              A           B           C           
A             ---         -6.369      -26.399     
B             6.369       ---         -22.984     
C             26.399      22.984      ---         
  Row minus column: a negative d means the ROW group's mean is lower
  than the COLUMN group's. |d| is the effect size.

  Conventions: quartiles R type 7 · SD & variance n-1
  · rank tests average tied ranks (tie-corrected).
  exact rank p-values: AS 89 for Spearman; exact enumeration for rank-sum and signed-rank
  exact limits: n < 50 per sample (rank tests); n <= 1290 (Spearman)
══════════════════════════════════════════════
REPLAY groupA mean|94.0000
