REPLAY opened|Table H_input

══════════════════════════════════════════════
  EML Stats : One-Way ANOVA
  Thu Sep  3 03:56:11 2026
  from: recorded script (recorded 21 August 2026, originally analysis dialog)
══════════════════════════════════════════════

  Table               H input
  Data column         f0 Hz
  Group column        group
  Groups              3
  Group order: table order (A, B, C).


  ── ANOVA Table ─────────────────────────────

Source              SS              df    MS              F           p
Between             2505784.67      2     1252892.33      0.8730      .450
Within              12916973.00     9     1435219.22      
Total               15422757.67     11    

  F                   0.8730
  p                   .450
  Effect size         eta-squared = 0.1625
  Equal spread        Brown-Forsythe F(2, 9) = 0.9992
  Equal-spread p      p = .406


  ── Group Descriptives ──────────────────────
  Group         N     Mean      SD        Median    
  A             4     1129.50   2075.00   93.00     
  B             4     120.00    3.56      119.00    
  C             4     206.00    3.92      206.50    


  ── Pairwise Effect Sizes (Cohen's d) ───────
  No pairwise significance tests were run.

              A           B           C           
A             ---         0.688       0.629       
B             -0.688      ---         -22.984     
C             -0.629      22.984      ---         
  Row minus column: a negative d means the ROW group's mean is lower
  than the COLUMN group's. |d| is the effect size.

  Conventions: quartiles R type 7 · SD & variance n-1
  · rank tests average tied ranks (tie-corrected).
  exact rank p-values: AS 89 for Spearman; exact enumeration for rank-sum and signed-rank
  exact limits: n < 50 per sample (rank tests); n <= 1290 (Spearman)
══════════════════════════════════════════════
REPLAY groupA mean|1129.5000
