
══════════════════════════════════════════════
  EML Stats : Normality Assessment
  Sat Aug 15 19:25:12 2026
══════════════════════════════════════════════

  Table               norm d01 skew
  Column              y
  N                   18


  ── Descriptive Statistics ──────────────────
  Mean                22.9333
  SD                  9.6678
  Median              20.4500


  ── Distribution Shape ──────────────────────
  Why: Skewness and kurtosis indicate departures from a normal (bell-shaped) distribution.
  Skewness            1.2050		Substantial right skew (|skew| < 2 is typically acceptable)
  Kurtosis (excess)   1.9172		Near-normal peakedness (0 = normal; |excess| < 7 treated as typical)
  → Skewness within typical limits (criterion: |skew| < 2)
  → Kurtosis within typical limits (criterion: |excess kurt| < 7)


  ── Shapiro-Wilk Test ───────────────────────
  Why: Formal test of whether the data are drawn from a normal distribution.
  W                   0.9194		Closer to 1 = more normal (range: 0 to 1)
  p                   .126		Not statistically significant at the 5% level
  → Does not reject normality (p >= 0.05)


  ── Recommendation ──────────────────────────
  Normality appears reasonable.
  → Parametric tests (t-test, ANOVA, Pearson r) are appropriate.

  Conventions: quartiles R type 7 · SD & variance n-1
  · rank tests average tied ranks (tie-corrected).
══════════════════════════════════════════════
  y (n = 18)
    Skewness:     1.205
    Kurtosis (excess): 1.917
    Shapiro-Wilk: W = 0.9194, p = .126
    → Normality appears reasonable

CASE d01_skew rows=18 nValid=18
