
══════════════════════════════════════════════
  EML Stats : Normality Assessment
  Tue Aug 25 13:36:31 2026
══════════════════════════════════════════════

  Table               norm p01 groups
  Column              y
  N                   32


  ── Descriptive Statistics ──────────────────
  Mean                35.9062
  SD                  17.8360
  Median              33.8000


  ── Distribution Shape ──────────────────────
  Why: Skewness and kurtosis indicate departures from a normal (bell-shaped) distribution.
  Skewness            0.3563		Approximately symmetric (|skew| < 2 is typically acceptable)
  Kurtosis (excess)   -0.8721		Near-normal peakedness (0 = normal; |excess| < 7 treated as typical)
  → Skewness within typical limits (criterion: |skew| < 2)
  → Kurtosis within typical limits (criterion: |excess kurt| < 7)


  ── Shapiro-Wilk Test ───────────────────────
  Why: Formal test of whether the data are drawn from a normal distribution.
  W                   0.9378		Closer to 1 = more normal (range: 0 to 1)
  p                   .065		Not statistically significant at the 5% level (p between .05 and .10)
  → Does not reject normality (p >= 0.05)


  ── Recommendation ──────────────────────────
  Shapiro-Wilk does not reject normality (p >= .05), and skewness and
  kurtosis are within the thresholds.
  → Parametric tests (t-test, ANOVA, Pearson r) are recommended.
  → The p is close to the .05 threshold. Nonparametric tests
     (Mann-Whitney, Kruskal-Wallis, Spearman rho) are also defensible.
  What was checked: the marginal distribution of this column. Parametric
  tests assume normality of the model RESIDUALS, which is not the same
  distribution and is not examined here.

  Conventions: quartiles R type 7 · SD & variance n-1
  · rank tests average tied ranks (tie-corrected).
══════════════════════════════════════════════
  y (n = 32)
    Skewness:     0.356
    Kurtosis (excess): -0.872
    Shapiro-Wilk: W = 0.9378, p = .065
    → Normality appears reasonable

CASE p01_groups rows=32 nValid=32
