
══════════════════════════════════════════════
  EML Stats : Normality Assessment
  Tue Aug 18 12:43:27 2026
══════════════════════════════════════════════

  Table               norm r05 swceil
  Column              y
  N                   5001


  ── Descriptive Statistics ──────────────────
  Mean                49.9971
  SD                  9.1942
  Median              50.1569


  ── Distribution Shape ──────────────────────
  Why: Skewness and kurtosis indicate departures from a normal (bell-shaped) distribution.
  Skewness            0.0002		Approximately symmetric (|skew| < 2 is typically acceptable)
  Kurtosis (excess)   -1.1217		Near-normal peakedness (0 = normal; |excess| < 7 treated as typical)
  → Skewness within typical limits (criterion: |skew| < 2)
  → Kurtosis within typical limits (criterion: |excess kurt| < 7)


  ── Shapiro-Wilk Test ───────────────────────
  Why: Formal test of whether the data are drawn from a normal distribution.
  Error               Shapiro-Wilk requires n <= 5000, got 5001


  ── Recommendation ──────────────────────────
  Shapiro-Wilk does not reject normality (p >= .05), and skewness and
  kurtosis are within the thresholds.
  → Parametric tests (t-test, ANOVA, Pearson r) are recommended.
  What was checked: the marginal distribution of this column. Parametric
  tests assume normality of the model RESIDUALS, which is not the same
  distribution and is not examined here.

  Conventions: quartiles R type 7 · SD & variance n-1
  · rank tests average tied ranks (tie-corrected).
══════════════════════════════════════════════
  y (n = 5001)
    Skewness:     0.000
    Kurtosis (excess): -1.122
    Shapiro-Wilk: Shapiro-Wilk requires n <= 5000, got 5001
    → Shapiro-Wilk unavailable; shape within limits

CASE r05_swceil rows=5001 nValid=5001
