
==============================================================================
v84 axis refusal — the form refuses a pair it cannot read
==============================================================================
PASS  v84     the driven transcript exists (AXISREFUSE.tsv)   computed=NA  expected TRUE
PASS  v84     the transcript names the Praat it drove (Praat 6.6.30 (June 30 2026))  computed=NA  expected TRUE
PASS  v84     a compositor was running for the ink measure (running)  computed=NA  expected TRUE
PASS  v84     the transcript was driven on THIS form's code (24251ab3944d)  computed=NA  expected TRUE
PASS  v84     every leg was driven (7)                        computed=NA  expected TRUE
FAIL  v84     pitch_time: the form showed [EML Graphs > Pitch Contour Settings > Axis range > Graph Complete > EML Graphs > Pitch Contour Settings]  computed=NA  expected TRUE
PASS  v84     pitch_time: the dialog displayed "Time maximum (0) is below Time minimum (0.3)."  computed=NA  expected TRUE
PASS  v84     pitch_time: ... and the full-range reading      computed=NA  expected TRUE
PASS  v84     pitch_time: ... and the auto reading            computed=NA  expected TRUE
PASS  v84     pitch_time: ... and why one-sided is not on offer  computed=NA  expected TRUE
PASS  v84     pitch_time: the Picture window at the refusal is the empty one (0.000704286 vs 0.000704286)  computed=NA  expected TRUE
PASS  v84     pitch_time: the corrected resubmission drew (0.00435143 vs 0.000704286)  computed=NA  expected TRUE
FAIL  v84     pitch_time: the workflow ran to Done rather than hanging  computed=NA  expected TRUE
PASS  v84     pitch_time: the display was clear for the next leg  computed=NA  expected TRUE
FAIL  v84     pitch_freq: the form showed [EML Graphs > Pitch Contour Settings > Axis range > <none> > <missing> > <missing>]  computed=NA  expected TRUE
PASS  v84     pitch_freq: the dialog displayed "Frequency maximum (0) is below Frequency minimum (300)."  computed=NA  expected TRUE
PASS  v84     pitch_freq: ... and the full-range reading      computed=NA  expected TRUE
PASS  v84     pitch_freq: ... and the auto reading            computed=NA  expected TRUE
PASS  v84     pitch_freq: ... and why one-sided is not on offer  computed=NA  expected TRUE
PASS  v84     pitch_freq: the Picture window at the refusal is the empty one (0.000704286 vs 0.000704286)  computed=NA  expected TRUE
FAIL  v84     pitch_freq: the corrected resubmission drew (NA vs 0.000704286)  computed=NA  expected TRUE
FAIL  v84     pitch_freq: the workflow ran to Done rather than hanging  computed=NA  expected TRUE
PASS  v84     pitch_freq: the display was clear for the next leg  computed=NA  expected TRUE
FAIL  v84     wave_amp: the form showed [EML Graphs > Waveform Settings > Axis range > Graph Complete > EML Graphs > Waveform Settings]  computed=NA  expected TRUE
PASS  v84     wave_amp: the dialog displayed "Amplitude maximum (0) is below Amplitude minimum (0.2)."  computed=NA  expected TRUE
PASS  v84     wave_amp: ... and the full-range reading        computed=NA  expected TRUE
PASS  v84     wave_amp: ... and the auto reading              computed=NA  expected TRUE
PASS  v84     wave_amp: ... and why one-sided is not on offer  computed=NA  expected TRUE
PASS  v84     wave_amp: the Picture window at the refusal is the empty one (0.000704286 vs 0.000704286)  computed=NA  expected TRUE
PASS  v84     wave_amp: the corrected resubmission drew (0.0982607 vs 0.000704286)  computed=NA  expected TRUE
FAIL  v84     wave_amp: the workflow ran to Done rather than hanging  computed=NA  expected TRUE
PASS  v84     wave_amp: the display was clear for the next leg  computed=NA  expected TRUE
FAIL  v84     spec_power: the form showed [EML Graphs > Spectrum Settings > Axis range > Graph Complete > EML Graphs > Spectrum Settings]  computed=NA  expected TRUE
PASS  v84     spec_power: the dialog displayed "Power maximum (0) is below Power minimum (20)."  computed=NA  expected TRUE
PASS  v84     spec_power: ... and the full-range reading      computed=NA  expected TRUE
PASS  v84     spec_power: ... and the auto reading            computed=NA  expected TRUE
PASS  v84     spec_power: ... and why one-sided is not on offer  computed=NA  expected TRUE
PASS  v84     spec_power: the Picture window at the refusal is the empty one (0.000704286 vs 0.000704286)  computed=NA  expected TRUE
PASS  v84     spec_power: the corrected resubmission drew (0.00660214 vs 0.000704286)  computed=NA  expected TRUE
FAIL  v84     spec_power: the workflow ran to Done rather than hanging  computed=NA  expected TRUE
PASS  v84     spec_power: the display was clear for the next leg  computed=NA  expected TRUE
FAIL  v84     box_value: the form showed [EML Graphs > Box Plot -- Column Mapping > Axis range > Graph Complete > EML Graphs > Box Plot -- Column Mapping]  computed=NA  expected TRUE
PASS  v84     box_value: the dialog displayed "Value maximum (0) is below Value minimum (300)."  computed=NA  expected TRUE
PASS  v84     box_value: ... and the full-range reading       computed=NA  expected TRUE
PASS  v84     box_value: ... and the auto reading             computed=NA  expected TRUE
PASS  v84     box_value: ... and why one-sided is not on offer  computed=NA  expected TRUE
PASS  v84     box_value: the Picture window at the refusal is the empty one (0.000704286 vs 0.000704286)  computed=NA  expected TRUE
PASS  v84     box_value: the corrected resubmission drew (0.00323357 vs 0.000704286)  computed=NA  expected TRUE
FAIL  v84     box_value: the workflow ran to Done rather than hanging  computed=NA  expected TRUE
PASS  v84     box_value: the display was clear for the next leg  computed=NA  expected TRUE
FAIL  v84     scatter_xy: the form showed [EML Graphs > Scatter Plot -- Column Mapping > Axis range > <none> > <missing> > <missing>]  computed=NA  expected TRUE
PASS  v84     scatter_xy: the dialog displayed "X maximum (0) is below X minimum (300)."  computed=NA  expected TRUE
PASS  v84     scatter_xy: the dialog displayed "Y maximum (0) is below Y minimum (5)."  computed=NA  expected TRUE
PASS  v84     scatter_xy: ... and the full-range reading      computed=NA  expected TRUE
PASS  v84     scatter_xy: ... and the auto reading            computed=NA  expected TRUE
PASS  v84     scatter_xy: ... and why one-sided is not on offer  computed=NA  expected TRUE
PASS  v84     scatter_xy: the Picture window at the refusal is the empty one (0.000704286 vs 0.000704286)  computed=NA  expected TRUE
FAIL  v84     scatter_xy: the corrected resubmission drew (NA vs 0.000704286)  computed=NA  expected TRUE
FAIL  v84     scatter_xy: the workflow ran to Done rather than hanging  computed=NA  expected TRUE
PASS  v84     scatter_xy: the display was clear for the next leg  computed=NA  expected TRUE
PASS  v84     the scatter's two reversed pairs were named on the same dialog  computed=NA  expected TRUE
PASS  v84     box_bound: auto and a zero bound both drew [EML Graphs > Box Plot -- Column Mapping > Graph Complete > EML Graphs > Box Plot -- Column Mapping > Graph Complete]  computed=NA  expected TRUE
PASS  v84     box_bound: no refusal was shown on either submission  computed=NA  expected TRUE
PASS  v84     box_bound: step 3 put ink on the page (0.00377929 vs 0.000704286)  computed=NA  expected TRUE
PASS  v84     box_bound: step 6 put ink on the page (0.00388571 vs 0.000704286)  computed=NA  expected TRUE
PASS  v84     the form is readable (eml-graphs-form.praat)    computed=NA  expected TRUE
PASS  v84     no three statements in the form swap a pair     computed=NA  expected TRUE
PASS  v84     the max-below-min test is written once (1)      computed=NA  expected TRUE
PASS  v84     the refusal procedure is defined once           computed=NA  expected TRUE
PASS  v84     the sweep procedure is defined once             computed=NA  expected TRUE
PASS  v84     the form's dialogs offer 7 min/max pairs [Amplitude, Frequency, Power, Time, Value, X, Y]  computed=NA  expected TRUE
PASS  v84     every axis the dialogs offer a pair for is named to the refusal  computed=NA  expected TRUE
PASS  v84     all six pair variables are swept, each once [ampMin/ampMax, freqMin/freqMax, powerMin/powerMax, scatterXMin/scatterXMax, timeMin/timeMax, valueMin/valueMax]  computed=NA  expected TRUE
PASS  v84     the sweep is the only caller of the refusal     computed=NA  expected TRUE
PASS  v84     the sweep runs inside the form loop, ahead of the publication  computed=NA  expected TRUE
FAIL  v84     a refusal clears the form-complete flag         computed=NA  expected TRUE
PASS  v84     the drive named all seven axis labels [Amplitude, Frequency, Power, Time, Value, X, Y]  computed=NA  expected TRUE
PASS  v84     six legs were refused and the control leg was not (6)  computed=NA  expected TRUE
------------------------------------------------------------------------------ 
78 checks, 63 passed, 15 FAILED
