
==============================================================================
v97 -- the line chart's question tree
==============================================================================
PASS  v97     the line-tree harness has been driven           computed=NA  expected TRUE
PASS  v97     a sha256 tool is available (the staleness binding needs one)  computed=NA  expected TRUE
PASS  v97     the source of eml-graphs-form.praat is present  computed=NA  expected TRUE
PASS  v97     the transcript was taken from THIS eml-graphs-form.praat  computed=NA  expected TRUE
PASS  v97     the source of eml-graph-procedures.praat is present  computed=NA  expected TRUE
PASS  v97     the transcript was taken from THIS eml-graph-procedures.praat  computed=NA  expected TRUE
PASS  v97     the source of eml-draw-procedures.praat is present  computed=NA  expected TRUE
PASS  v97     the transcript was taken from THIS eml-draw-procedures.praat  computed=NA  expected TRUE
PASS  v97     the source of eml-record.praat is present       computed=NA  expected TRUE
PASS  v97     the transcript was taken from THIS eml-record.praat  computed=NA  expected TRUE
PASS  v97     and the recorder's source is present too        computed=NA  expected TRUE
PASS  v97     driven on Praat 6.6.30                          computed=NA  expected TRUE
PASS  v97     with a compositor running (a bare Xvfb maps no dialog)  computed=NA  expected TRUE
PASS  v97     fifteen legs are in the transcript, driven or carried  computed=NA  expected TRUE
PASS  v97     the invocation that wrote it drove at least one of them  computed=NA  expected TRUE
PASS  v97     and the legs in the transcript are the legs this file reads  computed=NA  expected TRUE
PASS  v97     [subjects4] the leg started                     computed=NA  expected TRUE
PASS  v97     [subjects4] and returned by name                computed=NA  expected TRUE
PASS  v97     [subjects4] wrote a 300-dpi page                computed=NA  expected TRUE
PASS  v97     [subjects4] with a figure on it, not an empty file  computed=NA  expected TRUE
PASS  v97     [subjects4] and the PNG is still beside the transcript  computed=NA  expected TRUE
PASS  v97     [subjects_ci] the leg started                   computed=NA  expected TRUE
PASS  v97     [subjects_ci] and returned by name              computed=NA  expected TRUE
PASS  v97     [subjects_ci] wrote a 300-dpi page              computed=NA  expected TRUE
PASS  v97     [subjects_ci] with a figure on it, not an empty file  computed=NA  expected TRUE
PASS  v97     [subjects_ci] and the PNG is still beside the transcript  computed=NA  expected TRUE
PASS  v97     [meas2] the leg started                         computed=NA  expected TRUE
PASS  v97     [meas2] and returned by name                    computed=NA  expected TRUE
PASS  v97     [meas2] wrote a 300-dpi page                    computed=NA  expected TRUE
PASS  v97     [meas2] with a figure on it, not an empty file  computed=NA  expected TRUE
PASS  v97     [meas2] and the PNG is still beside the transcript  computed=NA  expected TRUE
PASS  v97     [meas2_rep] the leg started                     computed=NA  expected TRUE
PASS  v97     [meas2_rep] and returned by name                computed=NA  expected TRUE
PASS  v97     [meas2_rep] wrote a 300-dpi page                computed=NA  expected TRUE
PASS  v97     [meas2_rep] with a figure on it, not an empty file  computed=NA  expected TRUE
PASS  v97     [meas2_rep] and the PNG is still beside the transcript  computed=NA  expected TRUE
PASS  v97     [meas3_refuse] the leg started                  computed=NA  expected TRUE
PASS  v97     [meas3_refuse] and returned by name             computed=NA  expected TRUE
PASS  v97     [meas3_refuse] wrote a 300-dpi page             computed=NA  expected TRUE
PASS  v97     [meas3_refuse] with a figure on it, not an empty file  computed=NA  expected TRUE
PASS  v97     [meas3_refuse] and the PNG is still beside the transcript  computed=NA  expected TRUE
PASS  v97     [none_refuse] the leg started                   computed=NA  expected TRUE
PASS  v97     [none_refuse] and returned by name              computed=NA  expected TRUE
PASS  v97     [none_refuse] wrote a 300-dpi page              computed=NA  expected TRUE
PASS  v97     [none_refuse] with a figure on it, not an empty file  computed=NA  expected TRUE
PASS  v97     [none_refuse] and the PNG is still beside the transcript  computed=NA  expected TRUE
PASS  v97     [seven] the leg started                         computed=NA  expected TRUE
PASS  v97     [seven] and returned by name                    computed=NA  expected TRUE
PASS  v97     [seven] wrote a 300-dpi page                    computed=NA  expected TRUE
PASS  v97     [seven] with a figure on it, not an empty file  computed=NA  expected TRUE
PASS  v97     [seven] and the PNG is still beside the transcript  computed=NA  expected TRUE
PASS  v97     [script_refuse] the leg started                 computed=NA  expected TRUE
PASS  v97     [script_refuse] and returned by name            computed=NA  expected TRUE
PASS  v97     [script_refuse] wrote a 300-dpi page            computed=NA  expected TRUE
PASS  v97     [script_refuse] with a figure on it, not an empty file  computed=NA  expected TRUE
PASS  v97     [script_refuse] and the PNG is still beside the transcript  computed=NA  expected TRUE
PASS  v97     [rec_subjects4] the leg started                 computed=NA  expected TRUE
PASS  v97     [rec_subjects4] and returned by name            computed=NA  expected TRUE
PASS  v97     [rec_subjects4] wrote a 300-dpi page            computed=NA  expected TRUE
PASS  v97     [rec_subjects4] with a figure on it, not an empty file  computed=NA  expected TRUE
PASS  v97     [rec_subjects4] and the PNG is still beside the transcript  computed=NA  expected TRUE
PASS  v97     [rec_meas2] the leg started                     computed=NA  expected TRUE
PASS  v97     [rec_meas2] and returned by name                computed=NA  expected TRUE
PASS  v97     [rec_meas2] wrote a 300-dpi page                computed=NA  expected TRUE
PASS  v97     [rec_meas2] with a figure on it, not an empty file  computed=NA  expected TRUE
PASS  v97     [rec_meas2] and the PNG is still beside the transcript  computed=NA  expected TRUE
PASS  v97     [long_meas2] the leg started                    computed=NA  expected TRUE
FAIL  v97     [long_meas2] and returned by name               computed=NA  expected TRUE
FAIL  v97     [long_meas2] wrote a 300-dpi page               computed=NA  expected TRUE
FAIL  v97     [long_meas2] with a figure on it, not an empty file  computed=NA  expected TRUE
FAIL  v97     [long_meas2] and the PNG is still beside the transcript  computed=NA  expected TRUE
PASS  v97     [long_meas3_refuse] the leg started             computed=NA  expected TRUE
PASS  v97     [long_meas3_refuse] and returned by name        computed=NA  expected TRUE
PASS  v97     [long_meas3_refuse] wrote a 300-dpi page        computed=NA  expected TRUE
PASS  v97     [long_meas3_refuse] with a figure on it, not an empty file  computed=NA  expected TRUE
PASS  v97     [long_meas3_refuse] and the PNG is still beside the transcript  computed=NA  expected TRUE
PASS  v97     [long_titled] the leg started                   computed=NA  expected TRUE
FAIL  v97     [long_titled] and returned by name              computed=NA  expected TRUE
FAIL  v97     [long_titled] wrote a 300-dpi page              computed=NA  expected TRUE
FAIL  v97     [long_titled] with a figure on it, not an empty file  computed=NA  expected TRUE
FAIL  v97     [long_titled] and the PNG is still beside the transcript  computed=NA  expected TRUE
PASS  v97     [wide_titled] the leg started                   computed=NA  expected TRUE
PASS  v97     [wide_titled] and returned by name              computed=NA  expected TRUE
PASS  v97     [wide_titled] wrote a 300-dpi page              computed=NA  expected TRUE
PASS  v97     [wide_titled] with a figure on it, not an empty file  computed=NA  expected TRUE
PASS  v97     [wide_titled] and the PNG is still beside the transcript  computed=NA  expected TRUE
PASS  v97     [rec_long_meas2] the leg started                computed=NA  expected TRUE
FAIL  v97     [rec_long_meas2] and returned by name           computed=NA  expected TRUE
FAIL  v97     [rec_long_meas2] wrote a 300-dpi page           computed=NA  expected TRUE
FAIL  v97     [rec_long_meas2] with a figure on it, not an empty file  computed=NA  expected TRUE
FAIL  v97     [rec_long_meas2] and the PNG is still beside the transcript  computed=NA  expected TRUE
FAIL  v97     the eleven distinct walks are eleven different figures  computed=NA  expected TRUE
PASS  v97     [rec_subjects4] recording changed nothing: its page is byte-identical to [subjects4]'s  computed=NA  expected TRUE
PASS  v97     [rec_meas2] recording changed nothing: its page is byte-identical to [meas2]'s  computed=NA  expected TRUE
FAIL  v97     [rec_long_meas2] recording changed nothing: its page is byte-identical to [long_meas2]'s  computed=NA  expected TRUE
PASS  v97     [subjects4] every dialog was the dialog the plan expected  computed=NA  expected TRUE
PASS  v97     [subjects4] the step count matches the dialogs walked  computed=NA  expected TRUE
PASS  v97     [subjects4] the walk ended at Graph Complete    computed=NA  expected TRUE
PASS  v97     [subjects4] no step waited on a window that never came  computed=NA  expected TRUE
PASS  v97     [subjects4] and no dialog was left on screen at the end  computed=NA  expected TRUE
PASS  v97     [subjects4] the display was clear before the leg began  computed=NA  expected TRUE
PASS  v97     [subjects_ci] every dialog was the dialog the plan expected  computed=NA  expected TRUE
PASS  v97     [subjects_ci] the step count matches the dialogs walked  computed=NA  expected TRUE
PASS  v97     [subjects_ci] the walk ended at Graph Complete  computed=NA  expected TRUE
PASS  v97     [subjects_ci] no step waited on a window that never came  computed=NA  expected TRUE
PASS  v97     [subjects_ci] and no dialog was left on screen at the end  computed=NA  expected TRUE
PASS  v97     [subjects_ci] the display was clear before the leg began  computed=NA  expected TRUE
PASS  v97     [meas2] every dialog was the dialog the plan expected  computed=NA  expected TRUE
PASS  v97     [meas2] the step count matches the dialogs walked  computed=NA  expected TRUE
PASS  v97     [meas2] the walk ended at Graph Complete        computed=NA  expected TRUE
PASS  v97     [meas2] no step waited on a window that never came  computed=NA  expected TRUE
PASS  v97     [meas2] and no dialog was left on screen at the end  computed=NA  expected TRUE
PASS  v97     [meas2] the display was clear before the leg began  computed=NA  expected TRUE
PASS  v97     [meas2_rep] every dialog was the dialog the plan expected  computed=NA  expected TRUE
PASS  v97     [meas2_rep] the step count matches the dialogs walked  computed=NA  expected TRUE
PASS  v97     [meas2_rep] the walk ended at Graph Complete    computed=NA  expected TRUE
PASS  v97     [meas2_rep] no step waited on a window that never came  computed=NA  expected TRUE
PASS  v97     [meas2_rep] and no dialog was left on screen at the end  computed=NA  expected TRUE
PASS  v97     [meas2_rep] the display was clear before the leg began  computed=NA  expected TRUE
PASS  v97     [meas3_refuse] every dialog was the dialog the plan expected  computed=NA  expected TRUE
PASS  v97     [meas3_refuse] the step count matches the dialogs walked  computed=NA  expected TRUE
PASS  v97     [meas3_refuse] the walk ended at Graph Complete  computed=NA  expected TRUE
PASS  v97     [meas3_refuse] no step waited on a window that never came  computed=NA  expected TRUE
PASS  v97     [meas3_refuse] and no dialog was left on screen at the end  computed=NA  expected TRUE
PASS  v97     [meas3_refuse] the display was clear before the leg began  computed=NA  expected TRUE
PASS  v97     [none_refuse] every dialog was the dialog the plan expected  computed=NA  expected TRUE
PASS  v97     [none_refuse] the step count matches the dialogs walked  computed=NA  expected TRUE
PASS  v97     [none_refuse] the walk ended at Graph Complete  computed=NA  expected TRUE
PASS  v97     [none_refuse] no step waited on a window that never came  computed=NA  expected TRUE
PASS  v97     [none_refuse] and no dialog was left on screen at the end  computed=NA  expected TRUE
PASS  v97     [none_refuse] the display was clear before the leg began  computed=NA  expected TRUE
PASS  v97     [seven] every dialog was the dialog the plan expected  computed=NA  expected TRUE
PASS  v97     [seven] the step count matches the dialogs walked  computed=NA  expected TRUE
PASS  v97     [seven] the walk ended at Graph Complete        computed=NA  expected TRUE
PASS  v97     [seven] no step waited on a window that never came  computed=NA  expected TRUE
PASS  v97     [seven] and no dialog was left on screen at the end  computed=NA  expected TRUE
PASS  v97     [seven] the display was clear before the leg began  computed=NA  expected TRUE
PASS  v97     [rec_subjects4] every dialog was the dialog the plan expected  computed=NA  expected TRUE
PASS  v97     [rec_subjects4] the step count matches the dialogs walked  computed=NA  expected TRUE
PASS  v97     [rec_subjects4] the walk ended at Graph Complete  computed=NA  expected TRUE
PASS  v97     [rec_subjects4] no step waited on a window that never came  computed=NA  expected TRUE
PASS  v97     [rec_subjects4] and no dialog was left on screen at the end  computed=NA  expected TRUE
PASS  v97     [rec_subjects4] the display was clear before the leg began  computed=NA  expected TRUE
PASS  v97     [rec_meas2] every dialog was the dialog the plan expected  computed=NA  expected TRUE
PASS  v97     [rec_meas2] the step count matches the dialogs walked  computed=NA  expected TRUE
PASS  v97     [rec_meas2] the walk ended at Graph Complete    computed=NA  expected TRUE
PASS  v97     [rec_meas2] no step waited on a window that never came  computed=NA  expected TRUE
PASS  v97     [rec_meas2] and no dialog was left on screen at the end  computed=NA  expected TRUE
PASS  v97     [rec_meas2] the display was clear before the leg began  computed=NA  expected TRUE
FAIL  v97     [long_meas2] every dialog was the dialog the plan expected  computed=NA  expected TRUE
PASS  v97     [long_meas2] the step count matches the dialogs walked  computed=NA  expected TRUE
FAIL  v97     [long_meas2] the walk ended at Graph Complete   computed=NA  expected TRUE
FAIL  v97     [long_meas2] no step waited on a window that never came  computed=NA  expected TRUE
PASS  v97     [long_meas2] and no dialog was left on screen at the end  computed=NA  expected TRUE
PASS  v97     [long_meas2] the display was clear before the leg began  computed=NA  expected TRUE
PASS  v97     [long_meas3_refuse] every dialog was the dialog the plan expected  computed=NA  expected TRUE
PASS  v97     [long_meas3_refuse] the step count matches the dialogs walked  computed=NA  expected TRUE
PASS  v97     [long_meas3_refuse] the walk ended at Graph Complete  computed=NA  expected TRUE
PASS  v97     [long_meas3_refuse] no step waited on a window that never came  computed=NA  expected TRUE
PASS  v97     [long_meas3_refuse] and no dialog was left on screen at the end  computed=NA  expected TRUE
PASS  v97     [long_meas3_refuse] the display was clear before the leg began  computed=NA  expected TRUE
FAIL  v97     [long_titled] every dialog was the dialog the plan expected  computed=NA  expected TRUE
PASS  v97     [long_titled] the step count matches the dialogs walked  computed=NA  expected TRUE
FAIL  v97     [long_titled] the walk ended at Graph Complete  computed=NA  expected TRUE
FAIL  v97     [long_titled] no step waited on a window that never came  computed=NA  expected TRUE
PASS  v97     [long_titled] and no dialog was left on screen at the end  computed=NA  expected TRUE
PASS  v97     [long_titled] the display was clear before the leg began  computed=NA  expected TRUE
PASS  v97     [wide_titled] every dialog was the dialog the plan expected  computed=NA  expected TRUE
PASS  v97     [wide_titled] the step count matches the dialogs walked  computed=NA  expected TRUE
PASS  v97     [wide_titled] the walk ended at Graph Complete  computed=NA  expected TRUE
PASS  v97     [wide_titled] no step waited on a window that never came  computed=NA  expected TRUE
PASS  v97     [wide_titled] and no dialog was left on screen at the end  computed=NA  expected TRUE
PASS  v97     [wide_titled] the display was clear before the leg began  computed=NA  expected TRUE
FAIL  v97     [rec_long_meas2] every dialog was the dialog the plan expected  computed=NA  expected TRUE
PASS  v97     [rec_long_meas2] the step count matches the dialogs walked  computed=NA  expected TRUE
FAIL  v97     [rec_long_meas2] the walk ended at Graph Complete  computed=NA  expected TRUE
FAIL  v97     [rec_long_meas2] no step waited on a window that never came  computed=NA  expected TRUE
PASS  v97     [rec_long_meas2] and no dialog was left on screen at the end  computed=NA  expected TRUE
PASS  v97     [rec_long_meas2] the display was clear before the leg began  computed=NA  expected TRUE
PASS  v97     [script_refuse] ran with no dialog at all       computed=NA  expected TRUE
PASS  v97     [script_refuse] and its Praat exited 0          computed=NA  expected TRUE
PASS  v97     [subjects4] walked 4 pages, in this order       computed=NA  expected TRUE
PASS  v97     [seven] walked 4 pages, in this order           computed=NA  expected TRUE
PASS  v97     [subjects_ci] walked 6 pages, in this order     computed=NA  expected TRUE
PASS  v97     [meas2] walked 5 pages, in this order           computed=NA  expected TRUE
PASS  v97     [meas2_rep] walked 5 pages, in this order       computed=NA  expected TRUE
PASS  v97     [meas3_refuse] walked 7 pages, in this order    computed=NA  expected TRUE
PASS  v97     [none_refuse] walked 6 pages, in this order     computed=NA  expected TRUE
PASS  v97     [rec_subjects4] walked 4 pages, in this order   computed=NA  expected TRUE
PASS  v97     [rec_meas2] walked 5 pages, in this order       computed=NA  expected TRUE
FAIL  v97     [long_meas2] walked 5 pages, in this order      computed=NA  expected TRUE
FAIL  v97     [long_titled] walked 5 pages, in this order     computed=NA  expected TRUE
PASS  v97     [wide_titled] walked 5 pages, in this order     computed=NA  expected TRUE
FAIL  v97     [rec_long_meas2] walked 5 pages, in this order  computed=NA  expected TRUE
PASS  v97     [long_meas3_refuse] walked 6 pages, in this order  computed=NA  expected TRUE
PASS  v97     [subjects4] the meaning question is asked exactly once  computed=NA  expected TRUE
PASS  v97     [subjects4] and before the column page          computed=NA  expected TRUE
PASS  v97     [subjects_ci] the meaning question is asked exactly once  computed=NA  expected TRUE
PASS  v97     [subjects_ci] and before the column page        computed=NA  expected TRUE
PASS  v97     [meas2] the meaning question is asked exactly once  computed=NA  expected TRUE
PASS  v97     [meas2] and before the column page              computed=NA  expected TRUE
PASS  v97     [meas2_rep] the meaning question is asked exactly once  computed=NA  expected TRUE
PASS  v97     [meas2_rep] and before the column page          computed=NA  expected TRUE
PASS  v97     [meas3_refuse] the meaning question is asked exactly once  computed=NA  expected TRUE
PASS  v97     [meas3_refuse] and before the column page       computed=NA  expected TRUE
PASS  v97     [none_refuse] the meaning question is asked exactly once  computed=NA  expected TRUE
PASS  v97     [none_refuse] and before the column page        computed=NA  expected TRUE
PASS  v97     [seven] the meaning question is asked exactly once  computed=NA  expected TRUE
PASS  v97     [seven] and before the column page              computed=NA  expected TRUE
PASS  v97     [rec_subjects4] the meaning question is asked exactly once  computed=NA  expected TRUE
PASS  v97     [rec_subjects4] and before the column page      computed=NA  expected TRUE
PASS  v97     [rec_meas2] the meaning question is asked exactly once  computed=NA  expected TRUE
PASS  v97     [rec_meas2] and before the column page          computed=NA  expected TRUE
PASS  v97     [long_meas2] the meaning question is asked exactly once  computed=NA  expected TRUE
PASS  v97     [long_meas2] and before the column page         computed=NA  expected TRUE
PASS  v97     [long_meas3_refuse] the meaning question is asked exactly once  computed=NA  expected TRUE
PASS  v97     [long_meas3_refuse] and before the column page  computed=NA  expected TRUE
PASS  v97     [long_titled] the meaning question is asked exactly once  computed=NA  expected TRUE
PASS  v97     [long_titled] and before the column page        computed=NA  expected TRUE
PASS  v97     [wide_titled] the meaning question is asked exactly once  computed=NA  expected TRUE
PASS  v97     [wide_titled] and before the column page        computed=NA  expected TRUE
PASS  v97     [rec_long_meas2] the meaning question is asked exactly once  computed=NA  expected TRUE
PASS  v97     [rec_long_meas2] and before the column page     computed=NA  expected TRUE
PASS  v97     [subjects4] sees the right-hand page iff it is two different measurements (FALSE)  computed=NA  expected TRUE
PASS  v97     [subjects_ci] sees the right-hand page iff it is two different measurements (FALSE)  computed=NA  expected TRUE
PASS  v97     [meas2] sees the right-hand page iff it is two different measurements (TRUE)  computed=NA  expected TRUE
PASS  v97     [meas2_rep] sees the right-hand page iff it is two different measurements (TRUE)  computed=NA  expected TRUE
PASS  v97     [meas3_refuse] sees the right-hand page iff it is two different measurements (TRUE)  computed=NA  expected TRUE
PASS  v97     [none_refuse] sees the right-hand page iff it is two different measurements (FALSE)  computed=NA  expected TRUE
PASS  v97     [seven] sees the right-hand page iff it is two different measurements (FALSE)  computed=NA  expected TRUE
PASS  v97     [rec_subjects4] sees the right-hand page iff it is two different measurements (FALSE)  computed=NA  expected TRUE
PASS  v97     [rec_meas2] sees the right-hand page iff it is two different measurements (TRUE)  computed=NA  expected TRUE
PASS  v97     [long_meas2] sees the right-hand page iff it is two different measurements (FALSE)  computed=NA  expected TRUE
PASS  v97     [long_meas3_refuse] sees the right-hand page iff it is two different measurements (FALSE)  computed=NA  expected TRUE
PASS  v97     [long_titled] sees the right-hand page iff it is two different measurements (FALSE)  computed=NA  expected TRUE
PASS  v97     [wide_titled] sees the right-hand page iff it is two different measurements (TRUE)  computed=NA  expected TRUE
PASS  v97     [rec_long_meas2] sees the right-hand page iff it is two different measurements (FALSE)  computed=NA  expected TRUE
PASS  v97     [subjects4] the columns are the same measurement  computed=NA  expected TRUE
PASS  v97     [subjects4] several numeric columns, so a tickbox each  computed=NA  expected TRUE
PASS  v97     [subjects4] melted onto one axis (eml_value/eml_series)  computed=NA  expected TRUE
PASS  v97     [subjects4] with no right-hand axis             computed=NA  expected TRUE
PASS  v97     [subjects4] no repeated observations in the table  computed=NA  expected TRUE
PASS  v97     [subjects4] so no interval was drawn            computed=NA  expected TRUE
PASS  v97     [subjects4] the page carries one colour per series (4)  computed=NA  expected TRUE
PASS  v97     [subjects4] drawn by @emlDrawTimeSeries, not the CI one  computed=NA  expected TRUE
PASS  v97     [seven] the columns are the same measurement    computed=NA  expected TRUE
PASS  v97     [seven] several numeric columns, so a tickbox each  computed=NA  expected TRUE
PASS  v97     [seven] melted onto one axis (eml_value/eml_series)  computed=NA  expected TRUE
PASS  v97     [seven] with no right-hand axis                 computed=NA  expected TRUE
PASS  v97     [seven] no repeated observations in the table   computed=NA  expected TRUE
PASS  v97     [seven] so no interval was drawn                computed=NA  expected TRUE
PASS  v97     [seven] the page carries one colour per series (7)  computed=NA  expected TRUE
PASS  v97     [seven] drawn by @emlDrawTimeSeries, not the CI one  computed=NA  expected TRUE
PASS  v97     [subjects4] four subject columns became four series  computed=NA  expected TRUE
PASS  v97     [subjects4] against the time column the table names  computed=NA  expected TRUE
PASS  v97     [subjects4] the beginner column page asks for the y-axis name  computed=NA  expected TRUE
PASS  v97     [subjects4] and only asks once                  computed=NA  expected TRUE
PASS  v97     [seven] the beginner column page asks for the y-axis name  computed=NA  expected TRUE
PASS  v97     [seven] and only asks once                      computed=NA  expected TRUE
PASS  v97     [none_refuse] the beginner column page asks for the y-axis name  computed=NA  expected TRUE
PASS  v97     [none_refuse] and only asks once                computed=NA  expected TRUE
PASS  v97     [subjects4] below the last tickbox and above Line style  computed=NA  expected TRUE
PASS  v97     [seven] below the last tickbox and above Line style  computed=NA  expected TRUE
PASS  v97     [none_refuse] below the last tickbox and above Line style  computed=NA  expected TRUE
PASS  v97     [meas2] different measurements name their own axes, so no field  computed=NA  expected TRUE
PASS  v97     [meas3_refuse] nor on the page the refusal hands back  computed=NA  expected TRUE
PASS  v97     [subjects_ci] one numeric column has a name already, so no field  computed=NA  expected TRUE
PASS  v97     [subjects_ci] the advanced page carries the field it always did  computed=NA  expected TRUE
PASS  v97     [subjects_ci] beside the x-axis label, which is advanced-only  computed=NA  expected TRUE
PASS  v97     [subjects4] the melted figure's axis label is left blank, not guessed  computed=NA  expected TRUE
PASS  v97     while a figure with a named value column still composes its own  computed=NA  expected TRUE
PASS  v97     the column page declares the y-axis field exactly twice  computed=NA  expected TRUE
PASS  v97     the first guarded by melted subjects in BEGINNER mode  computed=NA  expected TRUE
PASS  v97     the second inside the advanced block, so never both at once  computed=NA  expected TRUE
PASS  v97     and the beginner field is read back under the same condition  computed=NA  expected TRUE
PASS  v97     the label "Y axis label" derives the whole name "y_axis_label"  computed=NA  expected TRUE
PASS  v97     which is the name the form reads it back at     computed=NA  expected TRUE
FAIL  v97     [subjects_ci] one measurement column and a name column  computed=NA  expected TRUE
FAIL  v97     [subjects_ci] the series are named by the speaker column  computed=NA  expected TRUE
FAIL  v97     [subjects_ci] repeats were found, four to a point  computed=NA  expected TRUE
PASS  v97     [subjects_ci] the interval was offered and accepted  computed=NA  expected TRUE
FAIL  v97     [subjects_ci] the CI procedure drew it and named itself  computed=NA  expected TRUE
PASS  v97     [subjects_ci] the band is the 95% CI around the mean  computed=NA  expected TRUE
PASS  v97     [subjects_ci] and it reports the observations per point it used  computed=NA  expected TRUE
FAIL  v97     [subjects_ci] both speakers are named in the key  computed=NA  expected TRUE
FAIL  v97     [subjects_ci] two filled bands, not two strokes (0 colours over 50k px)  computed=NA  expected TRUE
PASS  v97     [subjects4] carries no filled band              computed=NA  expected TRUE
PASS  v97     [meas2] carries no filled band                  computed=NA  expected TRUE
PASS  v97     [meas2_rep] carries no filled band              computed=NA  expected TRUE
PASS  v97     [meas3_refuse] carries no filled band           computed=NA  expected TRUE
PASS  v97     [none_refuse] carries no filled band            computed=NA  expected TRUE
PASS  v97     [seven] carries no filled band                  computed=NA  expected TRUE
PASS  v97     [script_refuse] carries no filled band          computed=NA  expected TRUE
PASS  v97     [rec_subjects4] carries no filled band          computed=NA  expected TRUE
PASS  v97     [rec_meas2] carries no filled band              computed=NA  expected TRUE
PASS  v97     [long_meas2] carries no filled band             computed=NA  expected TRUE
PASS  v97     [long_meas3_refuse] carries no filled band      computed=NA  expected TRUE
PASS  v97     [long_titled] carries no filled band            computed=NA  expected TRUE
PASS  v97     [wide_titled] carries no filled band            computed=NA  expected TRUE
PASS  v97     [rec_long_meas2] carries no filled band         computed=NA  expected TRUE
PASS  v97     [subjects_ci] and no right-hand axis under role = subjects  computed=NA  expected TRUE
PASS  v97     [meas2] the columns are different measurements  computed=NA  expected TRUE
PASS  v97     [meas2] two of them, f0 and cq                  computed=NA  expected TRUE
PASS  v97     [meas2] a right-hand axis was requested         computed=NA  expected TRUE
PASS  v97     [meas2] the right-hand column is one of the two  computed=NA  expected TRUE
PASS  v97     [meas2] and the left-hand column is the OTHER one  computed=NA  expected TRUE
PASS  v97     [meas2] with no group column, so nothing is melted  computed=NA  expected TRUE
PASS  v97     [meas2] two hues on the page, one per measurement  computed=NA  expected TRUE
PASS  v97     [meas2] and the right-hand series is tagged on the figure  computed=NA  expected TRUE
PASS  v97     [meas2_rep] the columns are different measurements  computed=NA  expected TRUE
PASS  v97     [meas2_rep] two of them, f0 and cq              computed=NA  expected TRUE
PASS  v97     [meas2_rep] a right-hand axis was requested     computed=NA  expected TRUE
PASS  v97     [meas2_rep] the right-hand column is one of the two  computed=NA  expected TRUE
PASS  v97     [meas2_rep] and the left-hand column is the OTHER one  computed=NA  expected TRUE
PASS  v97     [meas2_rep] with no group column, so nothing is melted  computed=NA  expected TRUE
PASS  v97     [meas2_rep] two hues on the page, one per measurement  computed=NA  expected TRUE
PASS  v97     [meas2_rep] and the right-hand series is tagged on the figure  computed=NA  expected TRUE
PASS  v97     [meas2] the table has no repeated observations  computed=NA  expected TRUE
PASS  v97     [meas2] so nothing about means is disclosed     computed=NA  expected TRUE
PASS  v97     [meas2] the right-hand page asks which column takes the scale  computed=NA  expected TRUE
PASS  v97     [meas2] and offers the range on the 0 = auto sentinel  computed=NA  expected TRUE
PASS  v97     [meas2] the axis name, blank = the column name  computed=NA  expected TRUE
PASS  v97     [meas2] and that series' own pen, defaulting to Dashed  computed=NA  expected TRUE
PASS  v97     [meas2] the page's title keeps its hyphen       computed=NA  expected TRUE
PASS  v97     [meas2] while the FIELD's label does not carry one  computed=NA  expected TRUE
PASS  v97     the form declares the field without a hyphen    computed=NA  expected TRUE
PASS  v97     and reads it back at the name Praat derives from that label  computed=NA  expected TRUE
PASS  v97     [meas2_rep] repeated observations are in the table, three a point  computed=NA  expected TRUE
PASS  v97     [meas2_rep] and the interval was NOT offered, because two scales  computed=NA  expected TRUE
PASS  v97     [meas2_rep] the mean is disclosed by the draw layer, in its own name  computed=NA  expected TRUE
PASS  v97     [meas2_rep] which says the lines -- plural, two scales -- are means  computed=NA  expected TRUE
PASS  v97     [meas2_rep] and says why there is no interval   computed=NA  expected TRUE
PASS  v97     [meas2_rep] both halves on one disclosure line, not two lines  computed=NA  expected TRUE
PASS  v97     [meas2_rep] and the form does not say it a second time  computed=NA  expected TRUE
PASS  v97     nor is that sentence still in the form's source  computed=NA  expected TRUE
PASS  v97     the two-scale sentence is written once, in the draw layer  computed=NA  expected TRUE
PASS  v97     and it is the .secondOn arm of the collapse disclosure  computed=NA  expected TRUE
PASS  v97     [meas2_rep] the draw layer counts what it averaged  computed=NA  expected TRUE
PASS  v97     [meas2_rep] no band was drawn, so no filled area is on the page  computed=NA  expected TRUE
PASS  v97     [meas2_rep] and the CI procedure never ran      computed=NA  expected TRUE
PASS  v97     [meas2_rep] and does not send the reader to a figure with one scale  computed=NA  expected TRUE
PASS  v97     while the one-scale arm still names Spaghetti Plot and the CI figure  computed=NA  expected TRUE
PASS  v97     rows 3 and 4 make the same right-hand request   computed=NA  expected TRUE
PASS  v97     and differ in what they disclose                computed=NA  expected TRUE
PASS  v97     [meas3_refuse] the refusal is a pause titled Line chart  computed=NA  expected TRUE
PASS  v97     [meas3_refuse] with one button, OK              computed=NA  expected TRUE
PASS  v97     [meas3_refuse] it names how many measurements it found  computed=NA  expected TRUE
PASS  v97     [meas3_refuse] and that a figure has two vertical axes  computed=NA  expected TRUE
PASS  v97     [meas3_refuse] it points at stacked panels      computed=NA  expected TRUE
PASS  v97     [meas3_refuse] naming the control that composes a page  computed=NA  expected TRUE
PASS  v97     [meas3_refuse] and the press that adds the next panel  computed=NA  expected TRUE
PASS  v97     [meas3_refuse] the OTHER way out is on screen too -- the last line  computed=NA  expected TRUE
PASS  v97     [meas3_refuse] and that last line is above the OK button, not under it  computed=NA  expected TRUE
PASS  v97     [meas3_refuse] the refusal drew nothing on the page  computed=NA  expected TRUE
PASS  v97     [meas3_refuse] and handed the column page back with all three ticked  computed=NA  expected TRUE
PASS  v97     [meas3_refuse] where unticking one left two, which drew  computed=NA  expected TRUE
PASS  v97     [meas3_refuse] on the right-hand pair it then reached  computed=NA  expected TRUE
PASS  v97     [none_refuse] the refusal is a pause titled Line chart  computed=NA  expected TRUE
PASS  v97     [none_refuse] with one button, OK               computed=NA  expected TRUE
PASS  v97     [none_refuse] it says nothing is selected and nothing can be drawn  computed=NA  expected TRUE
PASS  v97     [none_refuse] and says what to do about it      computed=NA  expected TRUE
PASS  v97     [none_refuse] the refusal drew nothing on the page  computed=NA  expected TRUE
PASS  v97     [none_refuse] the column page came back, still offering both columns  computed=NA  expected TRUE
PASS  v97     [none_refuse] and one tick drew one series      computed=NA  expected TRUE
PASS  v97     the two refusals are two different sentences    computed=NA  expected TRUE
PASS  v97     [meas3_refuse] the leg still finished with a figure  computed=NA  expected TRUE
PASS  v97     [none_refuse] the leg still finished with a figure  computed=NA  expected TRUE
PASS  v97     [subjects_ci] the interval is offered on the page as it opens  computed=NA  expected TRUE
PASS  v97     [subjects_ci] naming the GROUPED count from the first page (8)  computed=NA  expected TRUE
PASS  v97     [subjects_ci] and the same count on all three presentations  computed=NA  expected TRUE
FAIL  v97     [subjects_ci] which is the count the scan reported  computed=NA  expected TRUE
PASS  v97     [subjects_ci] the count on the label is a real repeat count, not 1  computed=NA  expected TRUE
FAIL  v97     [subjects_ci] and the ungrouped count is on no page of the walk  computed=NA  expected TRUE
FAIL  v97     [subjects_ci] and the column it counted by is the one that grouped the figure  computed=NA  expected TRUE
PASS  v97     [subjects_ci] the page carries the series-name menu  computed=NA  expected TRUE
FAIL  v97     [subjects_ci] and it opens on the table's TEXT column (time)  computed=NA  expected TRUE
FAIL  v97     [subjects_ci] and the form counted exactly that many text columns  computed=NA  expected TRUE
FAIL  v97     [subjects_ci] not the time column the guesser used to seed it  computed=NA  expected TRUE
PASS  v97     [subjects_ci] and not the measurement column either  computed=NA  expected TRUE
PASS  v97     the series-name menu is declared exactly once, over tsTxtPick  computed=NA  expected TRUE
PASS  v97     its first option is the one that asks for no grouping at all  computed=NA  expected TRUE
PASS  v97     and the rest are the text columns the survey found  computed=NA  expected TRUE
PASS  v97     so no column of the table reaches the menu except through the survey  computed=NA  expected TRUE
FAIL  v97     and tsTxtName$[] is filled from @emlLineTreeColumns' text list  computed=NA  expected TRUE
PASS  v97     the column page's beginPause and endPause are each written once  computed=NA  expected TRUE
PASS  v97     the page defaults the namer to the first text column  computed=NA  expected TRUE
PASS  v97     remembering the user's choice by NAME across visits  computed=NA  expected TRUE
PASS  v97     the by-position memory tsGroupIdx is not in the form any more  computed=NA  expected TRUE
PASS  v97     the repeat scan is keyed on the column the page opens with  computed=NA  expected TRUE
PASS  v97     [subjects4] no interval field appears anywhere in the walk  computed=NA  expected TRUE
PASS  v97     [subjects4] and the form agrees it never offered one  computed=NA  expected TRUE
PASS  v97     [meas2] no interval field appears anywhere in the walk  computed=NA  expected TRUE
PASS  v97     [meas2] and the form agrees it never offered one  computed=NA  expected TRUE
PASS  v97     [meas2_rep] no interval field appears anywhere in the walk  computed=NA  expected TRUE
PASS  v97     [meas2_rep] and the form agrees it never offered one  computed=NA  expected TRUE
PASS  v97     [meas3_refuse] no interval field appears anywhere in the walk  computed=NA  expected TRUE
PASS  v97     [meas3_refuse] and the form agrees it never offered one  computed=NA  expected TRUE
PASS  v97     [none_refuse] no interval field appears anywhere in the walk  computed=NA  expected TRUE
PASS  v97     [none_refuse] and the form agrees it never offered one  computed=NA  expected TRUE
PASS  v97     [seven] no interval field appears anywhere in the walk  computed=NA  expected TRUE
PASS  v97     [seven] and the form agrees it never offered one  computed=NA  expected TRUE
PASS  v97     [rec_subjects4] no interval field appears anywhere in the walk  computed=NA  expected TRUE
PASS  v97     [rec_subjects4] and the form agrees it never offered one  computed=NA  expected TRUE
PASS  v97     [rec_meas2] no interval field appears anywhere in the walk  computed=NA  expected TRUE
PASS  v97     [rec_meas2] and the form agrees it never offered one  computed=NA  expected TRUE
PASS  v97     [long_meas2] no interval field appears anywhere in the walk  computed=NA  expected TRUE
FAIL  v97     [long_meas2] and the form agrees it never offered one  computed=NA  expected TRUE
PASS  v97     [long_meas3_refuse] no interval field appears anywhere in the walk  computed=NA  expected TRUE
PASS  v97     [long_meas3_refuse] and the form agrees it never offered one  computed=NA  expected TRUE
PASS  v97     [long_titled] no interval field appears anywhere in the walk  computed=NA  expected TRUE
FAIL  v97     [long_titled] and the form agrees it never offered one  computed=NA  expected TRUE
PASS  v97     [wide_titled] no interval field appears anywhere in the walk  computed=NA  expected TRUE
PASS  v97     [wide_titled] and the form agrees it never offered one  computed=NA  expected TRUE
PASS  v97     [rec_long_meas2] no interval field appears anywhere in the walk  computed=NA  expected TRUE
FAIL  v97     [rec_long_meas2] and the form agrees it never offered one  computed=NA  expected TRUE
PASS  v97     [subjects4] withheld because the table has no repeats  computed=NA  expected TRUE
PASS  v97     [meas2_rep] withheld although the table HAS repeats  computed=NA  expected TRUE
PASS  v97     [subjects4] no interval was drawn without being offered  computed=NA  expected TRUE
PASS  v97     [subjects_ci] no interval was drawn without being offered  computed=NA  expected TRUE
PASS  v97     [meas2] no interval was drawn without being offered  computed=NA  expected TRUE
PASS  v97     [meas2_rep] no interval was drawn without being offered  computed=NA  expected TRUE
PASS  v97     [meas3_refuse] no interval was drawn without being offered  computed=NA  expected TRUE
PASS  v97     [none_refuse] no interval was drawn without being offered  computed=NA  expected TRUE
PASS  v97     [seven] no interval was drawn without being offered  computed=NA  expected TRUE
PASS  v97     [rec_subjects4] no interval was drawn without being offered  computed=NA  expected TRUE
PASS  v97     [rec_meas2] no interval was drawn without being offered  computed=NA  expected TRUE
PASS  v97     [long_meas2] no interval was drawn without being offered  computed=NA  expected TRUE
PASS  v97     [long_meas3_refuse] no interval was drawn without being offered  computed=NA  expected TRUE
PASS  v97     [long_titled] no interval was drawn without being offered  computed=NA  expected TRUE
PASS  v97     [wide_titled] no interval was drawn without being offered  computed=NA  expected TRUE
PASS  v97     [rec_long_meas2] no interval was drawn without being offered  computed=NA  expected TRUE
PASS  v97     [seven] the column page built seven tickboxes (7)  computed=NA  expected TRUE
PASS  v97     [seven] numbered 1 to 7, in table order         computed=NA  expected TRUE
PASS  v97     [seven] and the seventh names the seventh column  computed=NA  expected TRUE
PASS  v97     [seven] the form read all seven back            computed=NA  expected TRUE
PASS  v97     [seven] seven hues reached the page             computed=NA  expected TRUE
PASS  v97     [seven] and all seven are fully stroked (min/max 0.997)  computed=NA  expected TRUE
PASS  v97     [seven] chromatic ink is in all ten horizontal bands of the page  computed=NA  expected TRUE
PASS  v97     [subjects4] one tickbox per numeric column (4)  computed=NA  expected TRUE
PASS  v97     [meas2] one tickbox per numeric column (2)      computed=NA  expected TRUE
PASS  v97     [meas2_rep] one tickbox per numeric column (2)  computed=NA  expected TRUE
PASS  v97     [meas3_refuse] one tickbox per numeric column (3)  computed=NA  expected TRUE
PASS  v97     [none_refuse] one tickbox per numeric column (2)  computed=NA  expected TRUE
PASS  v97     [seven] one tickbox per numeric column (7)      computed=NA  expected TRUE
PASS  v97     [subjects_ci] one numeric column, so no tickboxes and a name menu  computed=NA  expected TRUE
PASS  v97     [meas2] the figure carries exactly one right-axis key entry  computed=NA  expected TRUE
PASS  v97     [meas2] and it names the right-hand column      computed=NA  expected TRUE
PASS  v97     [meas2] beside a second entry naming the left column (@ fo)  computed=NA  expected TRUE
PASS  v97     [meas2] on a figure with no group column at all  computed=NA  expected TRUE
PASS  v97     [none_refuse] one series draws no key           computed=NA  expected TRUE
PASS  v97     [none_refuse] and nothing is tagged as a right-hand axis  computed=NA  expected TRUE
PASS  v97     [script_refuse] the honoured arm's key tags the right-hand series  computed=NA  expected TRUE
PASS  v97     [script_refuse] and the refused arm tags nothing  computed=NA  expected TRUE
FAIL  v97     [subjects_ci] a grouped figure still carries its group key  computed=NA  expected TRUE
PASS  v97     the draw layer decides the key with its own flag  computed=NA  expected TRUE
PASS  v97     which a group column turns on                   computed=NA  expected TRUE
PASS  v97     and a right-hand series turns on as well        computed=NA  expected TRUE
PASS  v97     the right-hand entry's tag is the author's wording, in one place  computed=NA  expected TRUE
PASS  v97     [script_refuse] a subjects figure is refused its right-hand axis  computed=NA  expected TRUE
PASS  v97     [script_refuse] and told that it was refused, out loud  computed=NA  expected TRUE
PASS  v97     [script_refuse] with the reason, in the plugin's own words  computed=NA  expected TRUE
PASS  v97     [script_refuse] and what was drawn instead      computed=NA  expected TRUE
PASS  v97     [script_refuse] the refusal is on the Info window, not swallowed  computed=NA  expected TRUE
PASS  v97     [script_refuse] the refused figure still drew, in one colour  computed=NA  expected TRUE
PASS  v97     [script_refuse] the same request under measurements is honoured  computed=NA  expected TRUE
PASS  v97     [script_refuse] and that figure carries the second series  computed=NA  expected TRUE
PASS  v97     [script_refuse] so the two arms are two different pages  computed=NA  expected TRUE
PASS  v97     [script_refuse] both on the same 300-dpi rectangle  computed=NA  expected TRUE
PASS  v97     the form publishes the role with the pens       computed=NA  expected TRUE
PASS  v97     the publish procedure exists exactly once       computed=NA  expected TRUE
PASS  v97     its first statement clears the role             computed=NA  expected TRUE
PASS  v97     and only the line chart sets it                 computed=NA  expected TRUE
PASS  v97     the reset takes the role back after the press   computed=NA  expected TRUE
PASS  v97     @emlSecondAxisGate refuses a right-hand axis under subjects  computed=NA  expected TRUE
PASS  v97     through variableExists, so a caller that states no role is not aborted  computed=NA  expected TRUE
PASS  v97     and the draw layer never writes the role back   computed=NA  expected TRUE
PASS  v97     the recorder emits emlSeriesRole$ in front of the draw call  computed=NA  expected TRUE
PASS  v97     through variableExists, for a caller that never published one  computed=NA  expected TRUE
PASS  v97     and only when it says something                 computed=NA  expected TRUE
PASS  v97     the block lifts it to seriesRole$               computed=NA  expected TRUE
PASS  v97     as a QUOTED literal, because the value is a word and not a number  computed=NA  expected TRUE
PASS  v97     the "Data format" menu is not in the form       computed=NA  expected TRUE
PASS  v97     its Wide option is not in the form              computed=NA  expected TRUE
PASS  v97     its Long option is not in the form              computed=NA  expected TRUE
PASS  v97     the variable behind it is not in the form       computed=NA  expected TRUE
PASS  v97     the field Praat derived from it is not in the form  computed=NA  expected TRUE
PASS  v97     the hardcoded "Series 1" menu is not in the form  computed=NA  expected TRUE
PASS  v97     nor the variable tsSeries1Idx it filled         computed=NA  expected TRUE
PASS  v97     the hardcoded "Series 2" menu is not in the form  computed=NA  expected TRUE
PASS  v97     nor the variable tsSeries2Idx it filled         computed=NA  expected TRUE
PASS  v97     the hardcoded "Series 3" menu is not in the form  computed=NA  expected TRUE
PASS  v97     nor the variable tsSeries3Idx it filled         computed=NA  expected TRUE
PASS  v97     the hardcoded "Series 4" menu is not in the form  computed=NA  expected TRUE
PASS  v97     nor the variable tsSeries4Idx it filled         computed=NA  expected TRUE
PASS  v97     the hardcoded "Series 5" menu is not in the form  computed=NA  expected TRUE
PASS  v97     nor the variable tsSeries5Idx it filled         computed=NA  expected TRUE
PASS  v97     the plugin's sources were found to scan         computed=NA  expected TRUE
PASS  v97     no file in the plugin mentions tsDataFormat     computed=NA  expected TRUE
PASS  v97     no file in the plugin mentions a numbered series slot  computed=NA  expected TRUE
PASS  v97     the only Series menu left asks where the NAMES come from  computed=NA  expected TRUE
PASS  v97     [subjects4] no page asked how the data is stored  computed=NA  expected TRUE
PASS  v97     [subjects_ci] no page asked how the data is stored  computed=NA  expected TRUE
PASS  v97     [meas2] no page asked how the data is stored    computed=NA  expected TRUE
PASS  v97     [meas2_rep] no page asked how the data is stored  computed=NA  expected TRUE
PASS  v97     [meas3_refuse] no page asked how the data is stored  computed=NA  expected TRUE
PASS  v97     [none_refuse] no page asked how the data is stored  computed=NA  expected TRUE
PASS  v97     [seven] no page asked how the data is stored    computed=NA  expected TRUE
PASS  v97     [rec_subjects4] no page asked how the data is stored  computed=NA  expected TRUE
PASS  v97     [rec_meas2] no page asked how the data is stored  computed=NA  expected TRUE
PASS  v97     [long_meas2] no page asked how the data is stored  computed=NA  expected TRUE
PASS  v97     [long_meas3_refuse] no page asked how the data is stored  computed=NA  expected TRUE
PASS  v97     [long_titled] no page asked how the data is stored  computed=NA  expected TRUE
PASS  v97     [wide_titled] no page asked how the data is stored  computed=NA  expected TRUE
PASS  v97     [rec_long_meas2] no page asked how the data is stored  computed=NA  expected TRUE
PASS  v97     @emlLineTreeColumns exists exactly once, in the graph procedures  computed=NA  expected TRUE
PASS  v97     and the line chart's page calls it              computed=NA  expected TRUE
PASS  v97     @emlLineTreeRepeats exists exactly once, in the graph procedures  computed=NA  expected TRUE
PASS  v97     and the line chart's page calls it              computed=NA  expected TRUE
PASS  v97     the column survey excludes the time column at the source  computed=NA  expected TRUE
PASS  v97     and asks one reader what numeric means          computed=NA  expected TRUE
PASS  v97     the tickbox loop is bounded by the table, with no numeric cap  computed=NA  expected TRUE
PASS  v97     and it is read back through the name Praat derived, in a loop  computed=NA  expected TRUE
PASS  v97     the meaning question is one menu with the ruling's two answers  computed=NA  expected TRUE
PASS  v97     read back at the name Praat derives from that label  computed=NA  expected TRUE
PASS  v97     and it comes back on the next visit as the user left it  computed=NA  expected TRUE
PASS  v97     the melt is one procedure and the user is never asked about it  computed=NA  expected TRUE
PASS  v97     and it is NOT in the form, which no emitted script includes  computed=NA  expected TRUE
PASS  v97     it takes the ticked columns as a LIST, not out of a dialog global  computed=NA  expected TRUE
PASS  v97     and the form hands it the list it built from the ticks  computed=NA  expected TRUE
PASS  v97     producing the two column names the transcript reports  computed=NA  expected TRUE
PASS  v97     the refusal is wrapped by @emlWrapText at 62 columns  computed=NA  expected TRUE
PASS  v97     and laid out one comment: per line, not one per paragraph  computed=NA  expected TRUE
PASS  v97     @emlWrapText is the plugin's own, shared with @emlErrorDialog  computed=NA  expected TRUE
PASS  v97     [rec_subjects4] the recorder was running when Draw was pressed  computed=NA  expected TRUE
PASS  v97     [rec_subjects4] with the phrase registry loaded, as a menu command has it  computed=NA  expected TRUE
PASS  v97     [rec_subjects4] and one file was written at Stop  computed=NA  expected TRUE
PASS  v97     [rec_subjects4] the emitted script is on disk beside the transcript  computed=NA  expected TRUE
PASS  v97     [rec_subjects4] and it is a whole script, not a stub  computed=NA  expected TRUE
PASS  v97     [rec_subjects4] it opens #!praat, so Praat reads it as a script and not as data  computed=NA  expected TRUE
PASS  v97     [rec_meas2] the recorder was running when Draw was pressed  computed=NA  expected TRUE
PASS  v97     [rec_meas2] with the phrase registry loaded, as a menu command has it  computed=NA  expected TRUE
PASS  v97     [rec_meas2] and one file was written at Stop    computed=NA  expected TRUE
PASS  v97     [rec_meas2] the emitted script is on disk beside the transcript  computed=NA  expected TRUE
PASS  v97     [rec_meas2] and it is a whole script, not a stub  computed=NA  expected TRUE
PASS  v97     [rec_meas2] it opens #!praat, so Praat reads it as a script and not as data  computed=NA  expected TRUE
PASS  v97     [rec_long_meas2] the recorder was running when Draw was pressed  computed=NA  expected TRUE
FAIL  v97     [rec_long_meas2] with the phrase registry loaded, as a menu command has it  computed=NA  expected TRUE
FAIL  v97     [rec_long_meas2] and one file was written at Stop  computed=NA  expected TRUE
FAIL  v97     [rec_long_meas2] the emitted script is on disk beside the transcript  computed=NA  expected TRUE
FAIL  v97     [rec_long_meas2] and it is a whole script, not a stub  computed=NA  expected TRUE
FAIL  v97     [rec_long_meas2] it opens #!praat, so Praat reads it as a script and not as data  computed=NA  expected TRUE
PASS  v97     [rec_subjects4] its emitted file is UTF-16 (the title is not ASCII)  computed=NA  expected TRUE
PASS  v97     [rec_meas2] and its emitted file is ASCII -- the driver sniffed, not guessed  computed=NA  expected TRUE
PASS  v97     [rec_subjects4] the melted figure emitted two steps  computed=NA  expected TRUE
PASS  v97     [rec_subjects4] the first is a convert -- the melt itself  computed=NA  expected TRUE
PASS  v97     [rec_subjects4] the second is the draw          computed=NA  expected TRUE
PASS  v97     [rec_subjects4] and the recorder counted the same two steps  computed=NA  expected TRUE
PASS  v97     [rec_meas2] the two-scale figure emitted one step  computed=NA  expected TRUE
PASS  v97     [rec_meas2] and it is a draw, with no melt to convert  computed=NA  expected TRUE
PASS  v97     [rec_subjects4] the block names the table the USER selected  computed=NA  expected TRUE
PASS  v97     [rec_meas2] and so does the two-scale leg's     computed=NA  expected TRUE
PASS  v97     [rec_subjects4] no declaration in the file names eml_melt  computed=NA  expected TRUE
PASS  v97     [rec_subjects4] and nothing selects it by name  computed=NA  expected TRUE
PASS  v97     [rec_meas2] no declaration in the file names eml_melt  computed=NA  expected TRUE
PASS  v97     [rec_meas2] and nothing selects it by name      computed=NA  expected TRUE
PASS  v97     [rec_long_meas2] no declaration in the file names eml_melt  computed=NA  expected TRUE
PASS  v97     [rec_long_meas2] and nothing selects it by name  computed=NA  expected TRUE
PASS  v97     [rec_subjects4] the convert step still SAYS what it made  computed=NA  expected TRUE
PASS  v97     [rec_subjects4] the block declares timeCol$ = "time"  computed=NA  expected TRUE
PASS  v97     [rec_subjects4] the block declares seriesCols$ = "S1,S2,S3,S4"  computed=NA  expected TRUE
PASS  v97     [rec_subjects4] the block declares valueCol$ = "eml_value"  computed=NA  expected TRUE
PASS  v97     [rec_subjects4] the block declares groupCol$ = "eml_series"  computed=NA  expected TRUE
PASS  v97     [rec_subjects4] the block declares seriesRole$ = "subjects"  computed=NA  expected TRUE
PASS  v97     [rec_subjects4] the block declares axisYMin = 0.0  computed=NA  expected TRUE
PASS  v97     [rec_subjects4] the block declares axisYMax = 0.0  computed=NA  expected TRUE
PASS  v97     [rec_subjects4] the block declares eraseFirst = 1  computed=NA  expected TRUE
PASS  v97     [rec_subjects4] the block declares panelOriginX = 0  computed=NA  expected TRUE
PASS  v97     [rec_subjects4] the block declares panelOriginY = 0  computed=NA  expected TRUE
PASS  v97     [rec_subjects4] the block declares lineStyle = 1  computed=NA  expected TRUE
PASS  v97     [rec_subjects4] the block declares secondAxisOn = 0  computed=NA  expected TRUE
PASS  v97     [rec_subjects4] and seriesCols$ is exactly what the form said it drew  computed=NA  expected TRUE
PASS  v97     [rec_meas2] the block declares timeCol$ = "time"  computed=NA  expected TRUE
PASS  v97     [rec_meas2] the block declares valueCol$ = "f0"  computed=NA  expected TRUE
PASS  v97     [rec_meas2] the block declares seriesRole$ = "measurements"  computed=NA  expected TRUE
PASS  v97     [rec_meas2] the block declares secondAxisOn = 1  computed=NA  expected TRUE
PASS  v97     [rec_meas2] the block declares secondAxisCol$ = "cq"  computed=NA  expected TRUE
PASS  v97     [rec_meas2] the block declares secondAxisMin = 0  computed=NA  expected TRUE
PASS  v97     [rec_meas2] the block declares secondAxisMax = 0  computed=NA  expected TRUE
PASS  v97     [rec_meas2] the block declares secondAxisLabel$ = ""  computed=NA  expected TRUE
PASS  v97     [rec_meas2] the block declares secondAxisStyle = 3  computed=NA  expected TRUE
PASS  v97     [rec_meas2] and the right-hand column is the one the form chose  computed=NA  expected TRUE
PASS  v97     [rec_meas2] nothing was melted, so the block has no seriesCols$  computed=NA  expected TRUE
PASS  v97     [rec_meas2] and no groupCol$: the left series is one ungrouped line  computed=NA  expected TRUE
PASS  v97     [rec_subjects4] the melt is emitted as a call, in the block's variables  computed=NA  expected TRUE
PASS  v97     [rec_subjects4] and it runs BEFORE the figure that reads it  computed=NA  expected TRUE
PASS  v97     [rec_subjects4] the melt's result is what the draw is handed  computed=NA  expected TRUE
PASS  v97     [rec_subjects4] the draw call reads the three column variables  computed=NA  expected TRUE
PASS  v97     [rec_meas2] its file carries no melt call at all  computed=NA  expected TRUE
PASS  v97     [rec_meas2] and its draw passes NO grouping column  computed=NA  expected TRUE
PASS  v97     [rec_subjects4] the step assigns emlSeriesRole$ from the block  computed=NA  expected TRUE
PASS  v97     [rec_subjects4] and emlSecondAxisOn from the block  computed=NA  expected TRUE
PASS  v97     [rec_meas2] the step assigns emlSeriesRole$ from the block  computed=NA  expected TRUE
PASS  v97     [rec_meas2] and emlSecondAxisOn from the block  computed=NA  expected TRUE
FAIL  v97     [rec_long_meas2] the step assigns emlSeriesRole$ from the block  computed=NA  expected TRUE
FAIL  v97     [rec_long_meas2] and emlSecondAxisOn from the block  computed=NA  expected TRUE
PASS  v97     [rec_meas2] the five settings that only matter when the axis is ON are emitted  computed=NA  expected TRUE
PASS  v97     [rec_subjects4] and they are absent where it is off  computed=NA  expected TRUE
PASS  v97     [rec_subjects4] the emitted script RAN          computed=NA  expected TRUE
PASS  v97     [rec_subjects4] with no error line in its log   computed=NA  expected TRUE
PASS  v97     [rec_subjects4] and drew a 300-dpi page         computed=NA  expected TRUE
PASS  v97     [rec_subjects4] its include block was pointed at this tree  computed=NA  expected TRUE
PASS  v97     [rec_meas2] the emitted script RAN              computed=NA  expected TRUE
PASS  v97     [rec_meas2] with no error line in its log       computed=NA  expected TRUE
PASS  v97     [rec_meas2] and drew a 300-dpi page             computed=NA  expected TRUE
PASS  v97     [rec_meas2] its include block was pointed at this tree  computed=NA  expected TRUE
FAIL  v97     [rec_long_meas2] the emitted script RAN         computed=NA  expected TRUE
FAIL  v97     [rec_long_meas2] with no error line in its log  computed=NA  expected TRUE
FAIL  v97     [rec_long_meas2] and drew a 300-dpi page        computed=NA  expected TRUE
FAIL  v97     [rec_long_meas2] its include block was pointed at this tree  computed=NA  expected TRUE
PASS  v97     [rec_subjects4] THE TUNED REPLAY IS BYTE-IDENTICAL TO THE FIGURE THE SESSION DREW (290d24858462fcc7f6c755361e618939)  computed=NA  expected TRUE
PASS  v97     [rec_subjects4] and it is the emitted file, not a rebuild: the tuned copy differs from it in the axis pair alone  computed=NA  expected TRUE
PASS  v97     [rec_meas2] THE TUNED REPLAY IS BYTE-IDENTICAL TO THE FIGURE THE SESSION DREW (679ccad9893789bb5134652a049e0b60)  computed=NA  expected TRUE
PASS  v97     [rec_meas2] and it is the emitted file, not a rebuild: the tuned copy differs from it in the axis pair alone  computed=NA  expected TRUE
FAIL  v97     [rec_long_meas2] THE TUNED REPLAY IS BYTE-IDENTICAL TO THE FIGURE THE SESSION DREW (NA)  computed=NA  expected TRUE
FAIL  v97     [rec_long_meas2] and it is the emitted file, not a rebuild: the tuned copy differs from it in the axis pair alone  computed=NA  expected TRUE
PASS  v97     [rec_subjects4] the block asks for an AUTO y-axis, per ruling 10(b)  computed=NA  expected TRUE
PASS  v97     [rec_subjects4] so the untouched replay is a different picture -- the legend room the FORM negotiated is not in the file  computed=NA  expected TRUE
PASS  v97     [rec_subjects4] and the figure said so in the Info window  computed=NA  expected TRUE
PASS  v97     [rec_subjects4] the block's note quotes the axis the page was drawn on  computed=NA  expected TRUE
PASS  v97     [rec_meas2] the block asks for an AUTO y-axis, per ruling 10(b)  computed=NA  expected TRUE
PASS  v97     [rec_meas2] so the untouched replay is a different picture -- the legend room the FORM negotiated is not in the file  computed=NA  expected TRUE
PASS  v97     [rec_meas2] and the figure said so in the Info window  computed=NA  expected TRUE
PASS  v97     [rec_meas2] the block's note quotes the axis the page was drawn on  computed=NA  expected TRUE
FAIL  v97     [rec_long_meas2] the block asks for an AUTO y-axis, per ruling 10(b)  computed=NA  expected TRUE
FAIL  v97     [rec_long_meas2] so the untouched replay is a different picture -- the legend room the FORM negotiated is not in the file  computed=NA  expected TRUE
FAIL  v97     [rec_long_meas2] and the figure said so in the Info window  computed=NA  expected TRUE
FAIL  v97     [rec_long_meas2] the block's note quotes the axis the page was drawn on  computed=NA  expected TRUE
PASS  v97     the form records the melt through @emlRecordConvert  computed=NA  expected TRUE
PASS  v97     guarded like every other recorder call site: loaded, then active  computed=NA  expected TRUE
PASS  v97     and the code it hands over assigns to `data`, which is the contract  computed=NA  expected TRUE
PASS  v97     the recorder lifts the melt's two literals into the block  computed=NA  expected TRUE
PASS  v97     and seriesCols$ has a gloss of its own, so the block reads as prose  computed=NA  expected TRUE
PASS  v97     @emlRecordCaptureSeriesPens is what puts emlSeriesRole$ in front of the call  computed=NA  expected TRUE
PASS  v97     [rec_subjects4] the emitted file includes the graph procedures  computed=NA  expected TRUE
PASS  v97     [rec_subjects4] and does NOT include the form   computed=NA  expected TRUE
PASS  v97     [rec_meas2] the emitted file includes the graph procedures  computed=NA  expected TRUE
PASS  v97     [rec_meas2] and does NOT include the form       computed=NA  expected TRUE
FAIL  v97     [rec_long_meas2] the emitted file includes the graph procedures  computed=NA  expected TRUE
PASS  v97     [rec_long_meas2] and does NOT include the form  computed=NA  expected TRUE
PASS  v97     the right-hand column reaches the block once, as secondAxisCol$  computed=NA  expected TRUE
PASS  v97     the interval is carried by which procedure the step calls, not by a flag  computed=NA  expected TRUE
PASS  v97     and the CI figure is a draw step of its own in the draw layer  computed=NA  expected TRUE
FAIL  v97     [long_meas2] the columns are different measurements  computed=NA  expected TRUE
FAIL  v97     [long_meas2] one numeric column and one text column: the long shape  computed=NA  expected TRUE
FAIL  v97     [long_meas2] so the series are LEVELS, not columns  computed=NA  expected TRUE
FAIL  v97     [long_meas2] and the level count is what reached the tree: two  computed=NA  expected TRUE
FAIL  v97     [long_meas2] the two levels are named, in table order  computed=NA  expected TRUE
FAIL  v97     [long_meas2] the name column and the stacked column are both recorded  computed=NA  expected TRUE
FAIL  v97     [long_meas2] the left-hand series is the level the user did not pick  computed=NA  expected TRUE
FAIL  v97     [long_meas2] the right-hand series is the level they did  computed=NA  expected TRUE
FAIL  v97     [long_meas2] and no grouping column survives the pivot  computed=NA  expected TRUE
FAIL  v97     [long_meas2] the interval was not offered: two scales, ruling 3  computed=NA  expected TRUE
FAIL  v97     [long_meas2] the right-hand axis page named the two measurements  computed=NA  expected TRUE
FAIL  v97     [long_meas2] the column page offered the name column, on 'measure'  computed=NA  expected TRUE
PASS  v97     [long_meas2] and named the one numeric column it found  computed=NA  expected TRUE
FAIL  v97     [long_meas2] the key tags the right-hand series  computed=NA  expected TRUE
FAIL  v97     [long_meas2] two series are on the page, counted by colour  computed=NA  expected TRUE
FAIL  v97     [long_meas2] the composed title names the table the user selected  computed=NA  expected TRUE
PASS  v97     [long_meas2] and never the table the pivot made  computed=NA  expected TRUE
PASS  v97     [identity] the two shapes were compared as files  computed=NA  expected TRUE
FAIL  v97     THE SAME DATA IN THE TWO SHAPES PRODUCES THE SAME FIGURE, BYTE FOR BYTE (NA)  computed=NA  expected TRUE
FAIL  v97     [identity] the same md5 on both sides, and the same byte count  computed=NA  expected TRUE
FAIL  v97     [identity] one leg pivoted a long table         computed=NA  expected TRUE
PASS  v97     [identity] and the other drew two columns as they stood  computed=NA  expected TRUE
FAIL  v97     [identity] both put the same level/column on the right-hand axis  computed=NA  expected TRUE
FAIL  v97     [identity] and both resolved the left axis to the same pair  computed=NA  expected TRUE
PASS  v97     [identity] the untitled pair was compared too   computed=NA  expected TRUE
FAIL  v97     [identity] it differs, as it must -- each title names its own table (NA pixels of NA)  computed=NA  expected TRUE
FAIL  v97     [identity] AND THE DIFFERENCE IS THE TITLE LINE AND NOTHING ELSE: rows NA, NA rows of them  computed=NA  expected TRUE
FAIL  v97     [identity] the two titles are the two table names  computed=NA  expected TRUE
FAIL  v97     [identity] and the axis pair agrees to the last digit  computed=NA  expected TRUE
PASS  v97     [long_meas3_refuse] three levels put a refusal on screen  computed=NA  expected TRUE
FAIL  v97     [long_meas3_refuse] which names the column the three came from  computed=NA  expected TRUE
PASS  v97     [long_meas3_refuse] and says a figure has two vertical axes  computed=NA  expected TRUE
PASS  v97     [long_meas3_refuse] it names the machinery that does the job  computed=NA  expected TRUE
PASS  v97     [long_meas3_refuse] the whole message is on screen, not under the button  computed=NA  expected TRUE
PASS  v97     [long_meas3_refuse] and does NOT offer advice this page cannot take  computed=NA  expected TRUE
PASS  v97     [long_meas3_refuse] and nothing was drawn behind it  computed=NA  expected TRUE
PASS  v97     [long_meas3_refuse] the column page it returns to still draws  computed=NA  expected TRUE
PASS  v97     [long_meas3_refuse] as one series, with no right-hand axis  computed=NA  expected TRUE
PASS  v97     [long_meas3_refuse] and one colour of ink reached the page  computed=NA  expected TRUE
FAIL  v97     [rec_long_meas2] the long leg emitted two steps  computed=NA  expected TRUE
FAIL  v97     [rec_long_meas2] the first is a convert -- the pivot itself  computed=NA  expected TRUE
FAIL  v97     [rec_long_meas2] the second is the draw         computed=NA  expected TRUE
FAIL  v97     [rec_long_meas2] the manifest names the table the USER selected  computed=NA  expected TRUE
FAIL  v97     [rec_long_meas2] the pivot is emitted as a call, in the block's variables  computed=NA  expected TRUE
FAIL  v97     [rec_long_meas2] and it runs BEFORE the figure that reads it  computed=NA  expected TRUE
FAIL  v97     [rec_long_meas2] the pivot's result is what the draw is handed  computed=NA  expected TRUE
FAIL  v97     [rec_long_meas2] the block carries the time column  computed=NA  expected TRUE
FAIL  v97     [rec_long_meas2] the stacked value column, under a name of its own  computed=NA  expected TRUE
FAIL  v97     [rec_long_meas2] the column that names the measurements  computed=NA  expected TRUE
FAIL  v97     [rec_long_meas2] and the two levels, as one editable list  computed=NA  expected TRUE
FAIL  v97     [rec_long_meas2] the draw's value column is separate, and is the left level  computed=NA  expected TRUE
FAIL  v97     [rec_long_meas2] the right-hand level reaches the block as secondAxisCol$  computed=NA  expected TRUE
PASS  v97     [rec_long_meas2] and no melt call is in the file  computed=NA  expected TRUE
PASS  v97     [rec_meas2] nor does the wide two-scale leg pivot anything  computed=NA  expected TRUE
PASS  v97     [rec_subjects4] nor does the melted leg         computed=NA  expected TRUE
FAIL  v97     [rec_long_meas2] the recorded title names the user's table  computed=NA  expected TRUE
PASS  v97     @emlGraphsPivotSeries is defined once, in the graph library  computed=NA  expected TRUE
PASS  v97     and not in the form, which no emitted script includes  computed=NA  expected TRUE
PASS  v97     with the signature the form and the emitted call both use  computed=NA  expected TRUE
PASS  v97     the form calls the pivot and adopts its table   computed=NA  expected TRUE
PASS  v97     and removes it after the draw, putting objectId back  computed=NA  expected TRUE
PASS  v97     the level count comes from @emlCountGroups, as the draw layer's does  computed=NA  expected TRUE
PASS  v97     the level refusal is its own branch with its own words  computed=NA  expected TRUE
PASS  v97     and the column refusal keeps its own            computed=NA  expected TRUE
PASS  v97     the recorder's column map carries the pivot's four literals  computed=NA  expected TRUE
PASS  v97     and each of its three new roles has a gloss, so the block reads as prose  computed=NA  expected TRUE
PASS  v97     and @emlDrawTimeSeries was not taught what a level is  computed=NA  expected TRUE
PASS  v97     every line-tree legs is accounted for by some check  computed=NA  expected TRUE
PASS  v97     every line-tree legs a check reads was actually rendered  computed=NA  expected TRUE
------------------------------------------------------------------------------ 
721 checks, 621 passed, 100 FAILED
