
==============================================================================
v97 -- the line chart's question tree
==============================================================================
PASS  v97     the line-tree harness has been driven           computed=NA  expected TRUE
PASS  v97     a sha256 tool is available (the staleness binding needs one)  computed=NA  expected TRUE
PASS  v97     the source of eml-graphs-form.praat is present  computed=NA  expected TRUE
PASS  v97     the transcript was taken from THIS eml-graphs-form.praat  computed=NA  expected TRUE
PASS  v97     the source of eml-graph-procedures.praat is present  computed=NA  expected TRUE
PASS  v97     the transcript was taken from THIS eml-graph-procedures.praat  computed=NA  expected TRUE
PASS  v97     the source of eml-draw-procedures.praat is present  computed=NA  expected TRUE
PASS  v97     the transcript was taken from THIS eml-draw-procedures.praat  computed=NA  expected TRUE
PASS  v97     and the recorder's source is present too        computed=NA  expected TRUE
PASS  v97     driven on Praat 6.6.30                          computed=NA  expected TRUE
PASS  v97     with a compositor running (a bare Xvfb maps no dialog)  computed=NA  expected TRUE
PASS  v97     eight legs were requested                       computed=NA  expected TRUE
PASS  v97     eight legs were driven                          computed=NA  expected TRUE
PASS  v97     and the legs requested are the legs this file reads  computed=NA  expected TRUE
PASS  v97     [subjects4] the leg started                     computed=NA  expected TRUE
PASS  v97     [subjects4] and returned by name                computed=NA  expected TRUE
PASS  v97     [subjects4] wrote a 300-dpi page                computed=NA  expected TRUE
PASS  v97     [subjects4] with a figure on it, not an empty file  computed=NA  expected TRUE
PASS  v97     [subjects4] and the PNG is still beside the transcript  computed=NA  expected TRUE
PASS  v97     [subjects_ci] the leg started                   computed=NA  expected TRUE
PASS  v97     [subjects_ci] and returned by name              computed=NA  expected TRUE
PASS  v97     [subjects_ci] wrote a 300-dpi page              computed=NA  expected TRUE
PASS  v97     [subjects_ci] with a figure on it, not an empty file  computed=NA  expected TRUE
PASS  v97     [subjects_ci] and the PNG is still beside the transcript  computed=NA  expected TRUE
PASS  v97     [meas2] the leg started                         computed=NA  expected TRUE
PASS  v97     [meas2] and returned by name                    computed=NA  expected TRUE
PASS  v97     [meas2] wrote a 300-dpi page                    computed=NA  expected TRUE
PASS  v97     [meas2] with a figure on it, not an empty file  computed=NA  expected TRUE
PASS  v97     [meas2] and the PNG is still beside the transcript  computed=NA  expected TRUE
PASS  v97     [meas2_rep] the leg started                     computed=NA  expected TRUE
PASS  v97     [meas2_rep] and returned by name                computed=NA  expected TRUE
PASS  v97     [meas2_rep] wrote a 300-dpi page                computed=NA  expected TRUE
PASS  v97     [meas2_rep] with a figure on it, not an empty file  computed=NA  expected TRUE
PASS  v97     [meas2_rep] and the PNG is still beside the transcript  computed=NA  expected TRUE
PASS  v97     [meas3_refuse] the leg started                  computed=NA  expected TRUE
PASS  v97     [meas3_refuse] and returned by name             computed=NA  expected TRUE
PASS  v97     [meas3_refuse] wrote a 300-dpi page             computed=NA  expected TRUE
PASS  v97     [meas3_refuse] with a figure on it, not an empty file  computed=NA  expected TRUE
PASS  v97     [meas3_refuse] and the PNG is still beside the transcript  computed=NA  expected TRUE
PASS  v97     [none_refuse] the leg started                   computed=NA  expected TRUE
PASS  v97     [none_refuse] and returned by name              computed=NA  expected TRUE
PASS  v97     [none_refuse] wrote a 300-dpi page              computed=NA  expected TRUE
PASS  v97     [none_refuse] with a figure on it, not an empty file  computed=NA  expected TRUE
PASS  v97     [none_refuse] and the PNG is still beside the transcript  computed=NA  expected TRUE
PASS  v97     [seven] the leg started                         computed=NA  expected TRUE
PASS  v97     [seven] and returned by name                    computed=NA  expected TRUE
PASS  v97     [seven] wrote a 300-dpi page                    computed=NA  expected TRUE
PASS  v97     [seven] with a figure on it, not an empty file  computed=NA  expected TRUE
PASS  v97     [seven] and the PNG is still beside the transcript  computed=NA  expected TRUE
PASS  v97     [script_refuse] the leg started                 computed=NA  expected TRUE
PASS  v97     [script_refuse] and returned by name            computed=NA  expected TRUE
PASS  v97     [script_refuse] wrote a 300-dpi page            computed=NA  expected TRUE
PASS  v97     [script_refuse] with a figure on it, not an empty file  computed=NA  expected TRUE
PASS  v97     [script_refuse] and the PNG is still beside the transcript  computed=NA  expected TRUE
PASS  v97     the eight legs are eight different figures      computed=NA  expected TRUE
PASS  v97     [subjects4] every dialog was the dialog the plan expected  computed=NA  expected TRUE
PASS  v97     [subjects4] the step count matches the dialogs walked  computed=NA  expected TRUE
PASS  v97     [subjects4] the walk ended at Graph Complete    computed=NA  expected TRUE
PASS  v97     [subjects4] no step waited on a window that never came  computed=NA  expected TRUE
PASS  v97     [subjects4] and no dialog was left on screen at the end  computed=NA  expected TRUE
PASS  v97     [subjects4] the display was clear before the leg began  computed=NA  expected TRUE
PASS  v97     [subjects_ci] every dialog was the dialog the plan expected  computed=NA  expected TRUE
PASS  v97     [subjects_ci] the step count matches the dialogs walked  computed=NA  expected TRUE
PASS  v97     [subjects_ci] the walk ended at Graph Complete  computed=NA  expected TRUE
PASS  v97     [subjects_ci] no step waited on a window that never came  computed=NA  expected TRUE
PASS  v97     [subjects_ci] and no dialog was left on screen at the end  computed=NA  expected TRUE
PASS  v97     [subjects_ci] the display was clear before the leg began  computed=NA  expected TRUE
PASS  v97     [meas2] every dialog was the dialog the plan expected  computed=NA  expected TRUE
PASS  v97     [meas2] the step count matches the dialogs walked  computed=NA  expected TRUE
PASS  v97     [meas2] the walk ended at Graph Complete        computed=NA  expected TRUE
PASS  v97     [meas2] no step waited on a window that never came  computed=NA  expected TRUE
PASS  v97     [meas2] and no dialog was left on screen at the end  computed=NA  expected TRUE
PASS  v97     [meas2] the display was clear before the leg began  computed=NA  expected TRUE
PASS  v97     [meas2_rep] every dialog was the dialog the plan expected  computed=NA  expected TRUE
PASS  v97     [meas2_rep] the step count matches the dialogs walked  computed=NA  expected TRUE
PASS  v97     [meas2_rep] the walk ended at Graph Complete    computed=NA  expected TRUE
PASS  v97     [meas2_rep] no step waited on a window that never came  computed=NA  expected TRUE
PASS  v97     [meas2_rep] and no dialog was left on screen at the end  computed=NA  expected TRUE
PASS  v97     [meas2_rep] the display was clear before the leg began  computed=NA  expected TRUE
PASS  v97     [meas3_refuse] every dialog was the dialog the plan expected  computed=NA  expected TRUE
PASS  v97     [meas3_refuse] the step count matches the dialogs walked  computed=NA  expected TRUE
PASS  v97     [meas3_refuse] the walk ended at Graph Complete  computed=NA  expected TRUE
PASS  v97     [meas3_refuse] no step waited on a window that never came  computed=NA  expected TRUE
PASS  v97     [meas3_refuse] and no dialog was left on screen at the end  computed=NA  expected TRUE
PASS  v97     [meas3_refuse] the display was clear before the leg began  computed=NA  expected TRUE
PASS  v97     [none_refuse] every dialog was the dialog the plan expected  computed=NA  expected TRUE
PASS  v97     [none_refuse] the step count matches the dialogs walked  computed=NA  expected TRUE
PASS  v97     [none_refuse] the walk ended at Graph Complete  computed=NA  expected TRUE
PASS  v97     [none_refuse] no step waited on a window that never came  computed=NA  expected TRUE
PASS  v97     [none_refuse] and no dialog was left on screen at the end  computed=NA  expected TRUE
PASS  v97     [none_refuse] the display was clear before the leg began  computed=NA  expected TRUE
PASS  v97     [seven] every dialog was the dialog the plan expected  computed=NA  expected TRUE
PASS  v97     [seven] the step count matches the dialogs walked  computed=NA  expected TRUE
PASS  v97     [seven] the walk ended at Graph Complete        computed=NA  expected TRUE
PASS  v97     [seven] no step waited on a window that never came  computed=NA  expected TRUE
PASS  v97     [seven] and no dialog was left on screen at the end  computed=NA  expected TRUE
PASS  v97     [seven] the display was clear before the leg began  computed=NA  expected TRUE
PASS  v97     [script_refuse] ran with no dialog at all       computed=NA  expected TRUE
PASS  v97     [script_refuse] and its Praat exited 0          computed=NA  expected TRUE
PASS  v97     [subjects4] walked 4 pages, in this order       computed=NA  expected TRUE
PASS  v97     [seven] walked 4 pages, in this order           computed=NA  expected TRUE
PASS  v97     [subjects_ci] walked 6 pages, in this order     computed=NA  expected TRUE
PASS  v97     [meas2] walked 5 pages, in this order           computed=NA  expected TRUE
PASS  v97     [meas2_rep] walked 5 pages, in this order       computed=NA  expected TRUE
PASS  v97     [meas3_refuse] walked 7 pages, in this order    computed=NA  expected TRUE
PASS  v97     [none_refuse] walked 6 pages, in this order     computed=NA  expected TRUE
PASS  v97     [subjects4] the meaning question is asked exactly once  computed=NA  expected TRUE
PASS  v97     [subjects4] and before the column page          computed=NA  expected TRUE
PASS  v97     [subjects_ci] the meaning question is asked exactly once  computed=NA  expected TRUE
PASS  v97     [subjects_ci] and before the column page        computed=NA  expected TRUE
PASS  v97     [meas2] the meaning question is asked exactly once  computed=NA  expected TRUE
PASS  v97     [meas2] and before the column page              computed=NA  expected TRUE
PASS  v97     [meas2_rep] the meaning question is asked exactly once  computed=NA  expected TRUE
PASS  v97     [meas2_rep] and before the column page          computed=NA  expected TRUE
PASS  v97     [meas3_refuse] the meaning question is asked exactly once  computed=NA  expected TRUE
PASS  v97     [meas3_refuse] and before the column page       computed=NA  expected TRUE
PASS  v97     [none_refuse] the meaning question is asked exactly once  computed=NA  expected TRUE
PASS  v97     [none_refuse] and before the column page        computed=NA  expected TRUE
PASS  v97     [seven] the meaning question is asked exactly once  computed=NA  expected TRUE
PASS  v97     [seven] and before the column page              computed=NA  expected TRUE
PASS  v97     [subjects4] sees the right-hand page iff it is two different measurements (FALSE)  computed=NA  expected TRUE
PASS  v97     [subjects_ci] sees the right-hand page iff it is two different measurements (FALSE)  computed=NA  expected TRUE
PASS  v97     [meas2] sees the right-hand page iff it is two different measurements (TRUE)  computed=NA  expected TRUE
PASS  v97     [meas2_rep] sees the right-hand page iff it is two different measurements (TRUE)  computed=NA  expected TRUE
PASS  v97     [meas3_refuse] sees the right-hand page iff it is two different measurements (TRUE)  computed=NA  expected TRUE
PASS  v97     [none_refuse] sees the right-hand page iff it is two different measurements (FALSE)  computed=NA  expected TRUE
PASS  v97     [seven] sees the right-hand page iff it is two different measurements (FALSE)  computed=NA  expected TRUE
PASS  v97     [subjects4] the columns are the same measurement  computed=NA  expected TRUE
PASS  v97     [subjects4] several numeric columns, so a tickbox each  computed=NA  expected TRUE
PASS  v97     [subjects4] melted onto one axis (eml_value/eml_series)  computed=NA  expected TRUE
PASS  v97     [subjects4] with no right-hand axis             computed=NA  expected TRUE
PASS  v97     [subjects4] no repeated observations in the table  computed=NA  expected TRUE
PASS  v97     [subjects4] so no interval was drawn            computed=NA  expected TRUE
PASS  v97     [subjects4] the page carries one colour per series (4)  computed=NA  expected TRUE
PASS  v97     [subjects4] drawn by @emlDrawTimeSeries, not the CI one  computed=NA  expected TRUE
PASS  v97     [seven] the columns are the same measurement    computed=NA  expected TRUE
PASS  v97     [seven] several numeric columns, so a tickbox each  computed=NA  expected TRUE
PASS  v97     [seven] melted onto one axis (eml_value/eml_series)  computed=NA  expected TRUE
PASS  v97     [seven] with no right-hand axis                 computed=NA  expected TRUE
PASS  v97     [seven] no repeated observations in the table   computed=NA  expected TRUE
PASS  v97     [seven] so no interval was drawn                computed=NA  expected TRUE
PASS  v97     [seven] the page carries one colour per series (7)  computed=NA  expected TRUE
PASS  v97     [seven] drawn by @emlDrawTimeSeries, not the CI one  computed=NA  expected TRUE
PASS  v97     [subjects4] four subject columns became four series  computed=NA  expected TRUE
PASS  v97     [subjects4] against the time column the table names  computed=NA  expected TRUE
PASS  v97     [subjects4] the beginner column page asks for the y-axis name  computed=NA  expected TRUE
PASS  v97     [subjects4] and only asks once                  computed=NA  expected TRUE
PASS  v97     [seven] the beginner column page asks for the y-axis name  computed=NA  expected TRUE
PASS  v97     [seven] and only asks once                      computed=NA  expected TRUE
PASS  v97     [none_refuse] the beginner column page asks for the y-axis name  computed=NA  expected TRUE
PASS  v97     [none_refuse] and only asks once                computed=NA  expected TRUE
PASS  v97     [subjects4] below the last tickbox and above Line style  computed=NA  expected TRUE
PASS  v97     [seven] below the last tickbox and above Line style  computed=NA  expected TRUE
PASS  v97     [none_refuse] below the last tickbox and above Line style  computed=NA  expected TRUE
PASS  v97     [meas2] different measurements name their own axes, so no field  computed=NA  expected TRUE
PASS  v97     [meas3_refuse] nor on the page the refusal hands back  computed=NA  expected TRUE
PASS  v97     [subjects_ci] one numeric column has a name already, so no field  computed=NA  expected TRUE
PASS  v97     [subjects_ci] the advanced page carries the field it always did  computed=NA  expected TRUE
PASS  v97     [subjects_ci] beside the x-axis label, which is advanced-only  computed=NA  expected TRUE
PASS  v97     [subjects4] the melted figure's axis label is left blank, not guessed  computed=NA  expected TRUE
PASS  v97     while a figure with a named value column still composes its own  computed=NA  expected TRUE
PASS  v97     the column page declares the y-axis field exactly twice  computed=NA  expected TRUE
PASS  v97     the first guarded by melted subjects in BEGINNER mode  computed=NA  expected TRUE
PASS  v97     the second inside the advanced block, so never both at once  computed=NA  expected TRUE
PASS  v97     and the beginner field is read back under the same condition  computed=NA  expected TRUE
PASS  v97     the label "Y axis label" derives the whole name "y_axis_label"  computed=NA  expected TRUE
PASS  v97     which is the name the form reads it back at     computed=NA  expected TRUE
PASS  v97     [subjects_ci] one measurement column and a name column  computed=NA  expected TRUE
PASS  v97     [subjects_ci] the series are named by the speaker column  computed=NA  expected TRUE
PASS  v97     [subjects_ci] repeats were found, four to a point  computed=NA  expected TRUE
PASS  v97     [subjects_ci] the interval was offered and accepted  computed=NA  expected TRUE
PASS  v97     [subjects_ci] the CI procedure drew it and named itself  computed=NA  expected TRUE
PASS  v97     [subjects_ci] the band is the 95% CI around the mean  computed=NA  expected TRUE
PASS  v97     [subjects_ci] and it reports the observations per point it used  computed=NA  expected TRUE
PASS  v97     [subjects_ci] both speakers are named in the key  computed=NA  expected TRUE
PASS  v97     [subjects_ci] two filled bands, not two strokes (2 colours over 50k px)  computed=NA  expected TRUE
PASS  v97     [subjects4] carries no filled band              computed=NA  expected TRUE
PASS  v97     [meas2] carries no filled band                  computed=NA  expected TRUE
PASS  v97     [meas2_rep] carries no filled band              computed=NA  expected TRUE
PASS  v97     [meas3_refuse] carries no filled band           computed=NA  expected TRUE
PASS  v97     [none_refuse] carries no filled band            computed=NA  expected TRUE
PASS  v97     [seven] carries no filled band                  computed=NA  expected TRUE
PASS  v97     [script_refuse] carries no filled band          computed=NA  expected TRUE
PASS  v97     [subjects_ci] and no right-hand axis under role = subjects  computed=NA  expected TRUE
PASS  v97     [meas2] the columns are different measurements  computed=NA  expected TRUE
PASS  v97     [meas2] two of them, f0 and cq                  computed=NA  expected TRUE
PASS  v97     [meas2] a right-hand axis was requested         computed=NA  expected TRUE
PASS  v97     [meas2] the right-hand column is one of the two  computed=NA  expected TRUE
PASS  v97     [meas2] and the left-hand column is the OTHER one  computed=NA  expected TRUE
PASS  v97     [meas2] with no group column, so nothing is melted  computed=NA  expected TRUE
PASS  v97     [meas2] two hues on the page, one per measurement  computed=NA  expected TRUE
PASS  v97     [meas2] and the right-hand series is tagged on the figure  computed=NA  expected TRUE
PASS  v97     [meas2_rep] the columns are different measurements  computed=NA  expected TRUE
PASS  v97     [meas2_rep] two of them, f0 and cq              computed=NA  expected TRUE
PASS  v97     [meas2_rep] a right-hand axis was requested     computed=NA  expected TRUE
PASS  v97     [meas2_rep] the right-hand column is one of the two  computed=NA  expected TRUE
PASS  v97     [meas2_rep] and the left-hand column is the OTHER one  computed=NA  expected TRUE
PASS  v97     [meas2_rep] with no group column, so nothing is melted  computed=NA  expected TRUE
PASS  v97     [meas2_rep] two hues on the page, one per measurement  computed=NA  expected TRUE
PASS  v97     [meas2_rep] and the right-hand series is tagged on the figure  computed=NA  expected TRUE
PASS  v97     [meas2] the table has no repeated observations  computed=NA  expected TRUE
PASS  v97     [meas2] so nothing about means is disclosed     computed=NA  expected TRUE
PASS  v97     [meas2] the right-hand page asks which column takes the scale  computed=NA  expected TRUE
PASS  v97     [meas2] and offers the range on the 0 = auto sentinel  computed=NA  expected TRUE
PASS  v97     [meas2] the axis name, blank = the column name  computed=NA  expected TRUE
PASS  v97     [meas2] and that series' own pen, defaulting to Dashed  computed=NA  expected TRUE
PASS  v97     [meas2] the page's title keeps its hyphen       computed=NA  expected TRUE
PASS  v97     [meas2] while the FIELD's label does not carry one  computed=NA  expected TRUE
PASS  v97     the form declares the field without a hyphen    computed=NA  expected TRUE
PASS  v97     and reads it back at the name Praat derives from that label  computed=NA  expected TRUE
PASS  v97     [meas2_rep] repeated observations are in the table, three a point  computed=NA  expected TRUE
FAIL  v97     [meas2_rep] and the interval was NOT offered, because two scales  computed=NA  expected TRUE
PASS  v97     [meas2_rep] the mean is disclosed by the draw layer, in its own name  computed=NA  expected TRUE
PASS  v97     [meas2_rep] which says the lines -- plural, two scales -- are means  computed=NA  expected TRUE
PASS  v97     [meas2_rep] and says why there is no interval   computed=NA  expected TRUE
PASS  v97     [meas2_rep] both halves on one disclosure line, not two lines  computed=NA  expected TRUE
PASS  v97     [meas2_rep] and the form does not say it a second time  computed=NA  expected TRUE
PASS  v97     nor is that sentence still in the form's source  computed=NA  expected TRUE
PASS  v97     the two-scale sentence is written once, in the draw layer  computed=NA  expected TRUE
PASS  v97     and it is the .secondOn arm of the collapse disclosure  computed=NA  expected TRUE
PASS  v97     [meas2_rep] the draw layer counts what it averaged  computed=NA  expected TRUE
PASS  v97     [meas2_rep] no band was drawn, so no filled area is on the page  computed=NA  expected TRUE
PASS  v97     [meas2_rep] and the CI procedure never ran      computed=NA  expected TRUE
PASS  v97     [meas2_rep] and does not send the reader to a figure with one scale  computed=NA  expected TRUE
PASS  v97     while the one-scale arm still names Spaghetti Plot and the CI figure  computed=NA  expected TRUE
PASS  v97     rows 3 and 4 make the same right-hand request   computed=NA  expected TRUE
PASS  v97     and differ in what they disclose                computed=NA  expected TRUE
PASS  v97     [meas3_refuse] the refusal is a pause titled Line chart  computed=NA  expected TRUE
PASS  v97     [meas3_refuse] with one button, OK              computed=NA  expected TRUE
PASS  v97     [meas3_refuse] it names how many measurements it found  computed=NA  expected TRUE
PASS  v97     [meas3_refuse] and that a figure has two vertical axes  computed=NA  expected TRUE
PASS  v97     [meas3_refuse] it points at stacked panels      computed=NA  expected TRUE
PASS  v97     [meas3_refuse] naming the control that composes a page  computed=NA  expected TRUE
PASS  v97     [meas3_refuse] and the press that adds the next panel  computed=NA  expected TRUE
PASS  v97     [meas3_refuse] the OTHER way out is on screen too -- the last line  computed=NA  expected TRUE
PASS  v97     [meas3_refuse] and that last line is above the OK button, not under it  computed=NA  expected TRUE
PASS  v97     [meas3_refuse] the refusal drew nothing on the page  computed=NA  expected TRUE
PASS  v97     [meas3_refuse] and handed the column page back with all three ticked  computed=NA  expected TRUE
PASS  v97     [meas3_refuse] where unticking one left two, which drew  computed=NA  expected TRUE
PASS  v97     [meas3_refuse] on the right-hand pair it then reached  computed=NA  expected TRUE
PASS  v97     [none_refuse] the refusal is a pause titled Line chart  computed=NA  expected TRUE
PASS  v97     [none_refuse] with one button, OK               computed=NA  expected TRUE
PASS  v97     [none_refuse] it says nothing is selected and nothing can be drawn  computed=NA  expected TRUE
PASS  v97     [none_refuse] and says what to do about it      computed=NA  expected TRUE
PASS  v97     [none_refuse] the refusal drew nothing on the page  computed=NA  expected TRUE
PASS  v97     [none_refuse] the column page came back, still offering both columns  computed=NA  expected TRUE
PASS  v97     [none_refuse] and one tick drew one series      computed=NA  expected TRUE
PASS  v97     the two refusals are two different sentences    computed=NA  expected TRUE
PASS  v97     [meas3_refuse] the leg still finished with a figure  computed=NA  expected TRUE
PASS  v97     [none_refuse] the leg still finished with a figure  computed=NA  expected TRUE
PASS  v97     [subjects_ci] the interval is offered on the page as it opens  computed=NA  expected TRUE
PASS  v97     [subjects_ci] naming the GROUPED count from the first page (4)  computed=NA  expected TRUE
PASS  v97     [subjects_ci] and the same count on all three presentations  computed=NA  expected TRUE
PASS  v97     [subjects_ci] which is the count the scan reported  computed=NA  expected TRUE
PASS  v97     [subjects_ci] the count on the label is a real repeat count, not 1  computed=NA  expected TRUE
PASS  v97     [subjects_ci] and the ungrouped count is on no page of the walk  computed=NA  expected TRUE
PASS  v97     [subjects_ci] and the column it counted by is the one that grouped the figure  computed=NA  expected TRUE
PASS  v97     [subjects_ci] the page carries the series-name menu  computed=NA  expected TRUE
PASS  v97     [subjects_ci] and it opens on the table's TEXT column (speaker)  computed=NA  expected TRUE
PASS  v97     [subjects_ci] and the form counted exactly that many text columns  computed=NA  expected TRUE
PASS  v97     [subjects_ci] not the time column the guesser used to seed it  computed=NA  expected TRUE
PASS  v97     [subjects_ci] and not the measurement column either  computed=NA  expected TRUE
PASS  v97     the series-name menu is declared exactly once, over tsTxtPick  computed=NA  expected TRUE
PASS  v97     its first option is the one that asks for no grouping at all  computed=NA  expected TRUE
PASS  v97     and the rest are the text columns the survey found  computed=NA  expected TRUE
PASS  v97     so no column of the table reaches the menu except through the survey  computed=NA  expected TRUE
PASS  v97     and tsTxtName$[] is filled from @emlLineTreeColumns' text list  computed=NA  expected TRUE
PASS  v97     the column page's beginPause and endPause are each written once  computed=NA  expected TRUE
PASS  v97     the page defaults the namer to the first text column  computed=NA  expected TRUE
PASS  v97     remembering the user's choice by NAME across visits  computed=NA  expected TRUE
PASS  v97     the by-position memory tsGroupIdx is not in the form any more  computed=NA  expected TRUE
PASS  v97     the repeat scan is keyed on the column the page opens with  computed=NA  expected TRUE
FAIL  v97     [subjects4] no interval field appears anywhere in the walk  computed=NA  expected TRUE
FAIL  v97     [subjects4] and the form agrees it never offered one  computed=NA  expected TRUE
FAIL  v97     [meas2] no interval field appears anywhere in the walk  computed=NA  expected TRUE
FAIL  v97     [meas2] and the form agrees it never offered one  computed=NA  expected TRUE
FAIL  v97     [meas2_rep] no interval field appears anywhere in the walk  computed=NA  expected TRUE
FAIL  v97     [meas2_rep] and the form agrees it never offered one  computed=NA  expected TRUE
FAIL  v97     [meas3_refuse] no interval field appears anywhere in the walk  computed=NA  expected TRUE
FAIL  v97     [meas3_refuse] and the form agrees it never offered one  computed=NA  expected TRUE
FAIL  v97     [none_refuse] no interval field appears anywhere in the walk  computed=NA  expected TRUE
FAIL  v97     [none_refuse] and the form agrees it never offered one  computed=NA  expected TRUE
FAIL  v97     [seven] no interval field appears anywhere in the walk  computed=NA  expected TRUE
FAIL  v97     [seven] and the form agrees it never offered one  computed=NA  expected TRUE
FAIL  v97     [subjects4] withheld because the table has no repeats  computed=NA  expected TRUE
FAIL  v97     [meas2_rep] withheld although the table HAS repeats  computed=NA  expected TRUE
PASS  v97     [subjects4] no interval was drawn without being offered  computed=NA  expected TRUE
PASS  v97     [subjects_ci] no interval was drawn without being offered  computed=NA  expected TRUE
PASS  v97     [meas2] no interval was drawn without being offered  computed=NA  expected TRUE
PASS  v97     [meas2_rep] no interval was drawn without being offered  computed=NA  expected TRUE
PASS  v97     [meas3_refuse] no interval was drawn without being offered  computed=NA  expected TRUE
PASS  v97     [none_refuse] no interval was drawn without being offered  computed=NA  expected TRUE
PASS  v97     [seven] no interval was drawn without being offered  computed=NA  expected TRUE
PASS  v97     [seven] the column page built seven tickboxes (7)  computed=NA  expected TRUE
PASS  v97     [seven] numbered 1 to 7, in table order         computed=NA  expected TRUE
PASS  v97     [seven] and the seventh names the seventh column  computed=NA  expected TRUE
PASS  v97     [seven] the form read all seven back            computed=NA  expected TRUE
PASS  v97     [seven] seven hues reached the page             computed=NA  expected TRUE
PASS  v97     [seven] and all seven are fully stroked (min/max 0.997)  computed=NA  expected TRUE
PASS  v97     [seven] chromatic ink is in all ten horizontal bands of the page  computed=NA  expected TRUE
PASS  v97     [subjects4] one tickbox per numeric column (4)  computed=NA  expected TRUE
PASS  v97     [meas2] one tickbox per numeric column (2)      computed=NA  expected TRUE
PASS  v97     [meas2_rep] one tickbox per numeric column (2)  computed=NA  expected TRUE
PASS  v97     [meas3_refuse] one tickbox per numeric column (3)  computed=NA  expected TRUE
PASS  v97     [none_refuse] one tickbox per numeric column (2)  computed=NA  expected TRUE
PASS  v97     [seven] one tickbox per numeric column (7)      computed=NA  expected TRUE
PASS  v97     [subjects_ci] one numeric column, so no tickboxes and a name menu  computed=NA  expected TRUE
PASS  v97     [meas2] the figure carries exactly one right-axis key entry  computed=NA  expected TRUE
PASS  v97     [meas2] and it names the right-hand column      computed=NA  expected TRUE
PASS  v97     [meas2] beside a second entry naming the left column (@ fo)  computed=NA  expected TRUE
PASS  v97     [meas2] on a figure with no group column at all  computed=NA  expected TRUE
PASS  v97     [none_refuse] one series draws no key           computed=NA  expected TRUE
PASS  v97     [none_refuse] and nothing is tagged as a right-hand axis  computed=NA  expected TRUE
PASS  v97     [script_refuse] the honoured arm's key tags the right-hand series  computed=NA  expected TRUE
PASS  v97     [script_refuse] and the refused arm tags nothing  computed=NA  expected TRUE
PASS  v97     [subjects_ci] a grouped figure still carries its group key  computed=NA  expected TRUE
PASS  v97     the draw layer decides the key with its own flag  computed=NA  expected TRUE
PASS  v97     which a group column turns on                   computed=NA  expected TRUE
PASS  v97     and a right-hand series turns on as well        computed=NA  expected TRUE
PASS  v97     the right-hand entry's tag is the author's wording, in one place  computed=NA  expected TRUE
PASS  v97     [script_refuse] a subjects figure is refused its right-hand axis  computed=NA  expected TRUE
PASS  v97     [script_refuse] and told that it was refused, out loud  computed=NA  expected TRUE
PASS  v97     [script_refuse] with the reason, in the plugin's own words  computed=NA  expected TRUE
PASS  v97     [script_refuse] and what was drawn instead      computed=NA  expected TRUE
PASS  v97     [script_refuse] the refusal is on the Info window, not swallowed  computed=NA  expected TRUE
PASS  v97     [script_refuse] the refused figure still drew, in one colour  computed=NA  expected TRUE
PASS  v97     [script_refuse] the same request under measurements is honoured  computed=NA  expected TRUE
PASS  v97     [script_refuse] and that figure carries the second series  computed=NA  expected TRUE
PASS  v97     [script_refuse] so the two arms are two different pages  computed=NA  expected TRUE
PASS  v97     [script_refuse] both on the same 300-dpi rectangle  computed=NA  expected TRUE
PASS  v97     the form publishes the role with the pens       computed=NA  expected TRUE
PASS  v97     the publish procedure exists exactly once       computed=NA  expected TRUE
PASS  v97     its first statement clears the role             computed=NA  expected TRUE
PASS  v97     and only the line chart sets it                 computed=NA  expected TRUE
PASS  v97     the reset takes the role back after the press   computed=NA  expected TRUE
PASS  v97     @emlSecondAxisGate refuses a right-hand axis under subjects  computed=NA  expected TRUE
PASS  v97     through variableExists, so a caller that states no role is not aborted  computed=NA  expected TRUE
PASS  v97     and the draw layer never writes the role back   computed=NA  expected TRUE
PASS  v97     the recorder emits emlSeriesRole$ in front of the draw call  computed=NA  expected TRUE
PASS  v97     through variableExists, for a caller that never published one  computed=NA  expected TRUE
PASS  v97     and only when it says something                 computed=NA  expected TRUE
PASS  v97     the block lifts it to seriesRole$               computed=NA  expected TRUE
PASS  v97     as a QUOTED literal, because the value is a word and not a number  computed=NA  expected TRUE
PASS  v97     the "Data format" menu is not in the form       computed=NA  expected TRUE
PASS  v97     its Wide option is not in the form              computed=NA  expected TRUE
PASS  v97     its Long option is not in the form              computed=NA  expected TRUE
PASS  v97     the variable behind it is not in the form       computed=NA  expected TRUE
PASS  v97     the field Praat derived from it is not in the form  computed=NA  expected TRUE
PASS  v97     the hardcoded "Series 1" menu is not in the form  computed=NA  expected TRUE
PASS  v97     nor the variable tsSeries1Idx it filled         computed=NA  expected TRUE
PASS  v97     the hardcoded "Series 2" menu is not in the form  computed=NA  expected TRUE
PASS  v97     nor the variable tsSeries2Idx it filled         computed=NA  expected TRUE
PASS  v97     the hardcoded "Series 3" menu is not in the form  computed=NA  expected TRUE
PASS  v97     nor the variable tsSeries3Idx it filled         computed=NA  expected TRUE
PASS  v97     the hardcoded "Series 4" menu is not in the form  computed=NA  expected TRUE
PASS  v97     nor the variable tsSeries4Idx it filled         computed=NA  expected TRUE
PASS  v97     the hardcoded "Series 5" menu is not in the form  computed=NA  expected TRUE
PASS  v97     nor the variable tsSeries5Idx it filled         computed=NA  expected TRUE
PASS  v97     the plugin's sources were found to scan         computed=NA  expected TRUE
PASS  v97     no file in the plugin mentions tsDataFormat     computed=NA  expected TRUE
PASS  v97     no file in the plugin mentions a numbered series slot  computed=NA  expected TRUE
PASS  v97     the only Series menu left asks where the NAMES come from  computed=NA  expected TRUE
PASS  v97     [subjects4] no page asked how the data is stored  computed=NA  expected TRUE
PASS  v97     [subjects_ci] no page asked how the data is stored  computed=NA  expected TRUE
PASS  v97     [meas2] no page asked how the data is stored    computed=NA  expected TRUE
PASS  v97     [meas2_rep] no page asked how the data is stored  computed=NA  expected TRUE
PASS  v97     [meas3_refuse] no page asked how the data is stored  computed=NA  expected TRUE
PASS  v97     [none_refuse] no page asked how the data is stored  computed=NA  expected TRUE
PASS  v97     [seven] no page asked how the data is stored    computed=NA  expected TRUE
PASS  v97     @emlLineTreeColumns exists exactly once, in the graph procedures  computed=NA  expected TRUE
PASS  v97     and the line chart's page calls it              computed=NA  expected TRUE
PASS  v97     @emlLineTreeRepeats exists exactly once, in the graph procedures  computed=NA  expected TRUE
PASS  v97     and the line chart's page calls it              computed=NA  expected TRUE
PASS  v97     the column survey excludes the time column at the source  computed=NA  expected TRUE
PASS  v97     and asks one reader what numeric means          computed=NA  expected TRUE
PASS  v97     the tickbox loop is bounded by the table, with no numeric cap  computed=NA  expected TRUE
PASS  v97     and it is read back through the name Praat derived, in a loop  computed=NA  expected TRUE
PASS  v97     the meaning question is one menu with the ruling's two answers  computed=NA  expected TRUE
PASS  v97     read back at the name Praat derives from that label  computed=NA  expected TRUE
PASS  v97     and it comes back on the next visit as the user left it  computed=NA  expected TRUE
PASS  v97     the melt is one procedure and the user is never asked about it  computed=NA  expected TRUE
PASS  v97     producing the two column names the transcript reports  computed=NA  expected TRUE
PASS  v97     the refusal is wrapped by @emlWrapText at 62 columns  computed=NA  expected TRUE
PASS  v97     and laid out one comment: per line, not one per paragraph  computed=NA  expected TRUE
PASS  v97     @emlWrapText is the plugin's own, shared with @emlErrorDialog  computed=NA  expected TRUE
PASS  v97     every line-tree legs is accounted for by some check  computed=NA  expected TRUE
PASS  v97     every line-tree legs a check reads was actually rendered  computed=NA  expected TRUE
------------------------------------------------------------------------------ 
387 checks, 372 passed, 15 FAILED
