CASE handoff
DLG|1|eml_stats_wizard#1|visit=1|clicked=2
DLG|16|relationship_what_type#1|visit=1|clicked=3
DLG|17|regression_select_columns#1|visit=1|clicked=3

══════════════════════════════════════════════
  EML Stats Wizard — Analysis Plan
══════════════════════════════════════════════

  Design:         Simple linear regression
  Normality:      not assessed (residual normality assumed)
  Test:           OLS regression (R², F-test)
  Column 1:       x
  Column 2:       y
  Table:          leg5

══════════════════════════════════════════════
  Running analysis...
══════════════════════════════════════════════


══════════════════════════════════════════════
  EML Stats : Simple Linear Regression
  Thu Sep  3 04:06:58 2026
══════════════════════════════════════════════

  Table               leg5
  Response (Y)        y
  Predictor (X)       x
  N                   20


  ── Model ───────────────────────────────────
  Why: Tests whether the predictor linearly predicts the response.
  Equation            y = -0.0006x + 52.5033
  y = -0.0006 x x + 52.5033
  For each 1-unit increase in x, predicted y is 0.0006 units lower.
  R                   0.0000		Negligible negative relationship (range: -1 to 1)
  R-squared           0.0000		The fitted model accounts for 0% of the variance in Y in this sample
  Adj. R-squared      -0.0556		R-squared adjusted for number of predictors — penalizes model complexity
  Residual SE         38.9624		Typical prediction error — points deviate from the line by +/-38.96 units on average


  ── Overall Model Test (F) ──────────────────
  F(1,18)             0.0000		Ratio of the mean square accounted for by the model to the mean square left over. With no real association, this ratio tends to be near 1
  p                   > .999  (1 - 1.57e-04)		Not statistically significant at the 5% level


  ── Coefficients ────────────────────────────

  Term                Estimate      SE            t           p           95% CI
  (Intercept)         52.5033       18.8206       2.790       .012        [12.9627, 92.0440]
  x                   -0.0006       3.0332        0.000       > .999      [-6.3732, 6.3720]

  Direction: negative (cases with higher x tend to have lower y)
  Model fit: R-squared = 0.0000 -- the fitted model accounts for 0.0% of the variance in y in this sample, a negligible effect by Cohen's R-squared benchmarks

  Conventions: quartiles R type 7 · SD & variance n-1
  · rank tests average tied ranks (tie-corrected).
  exact rank p-values: AS 89 for Spearman; exact enumeration for rank-sum and signed-rank
  exact limits: n < 50 per sample (rank tests); n <= 1290 (Spearman)
══════════════════════════════════════════════

══════════════════════════════════════════════
  EML Stats : Regression by group
  Thu Sep  3 04:06:58 2026
══════════════════════════════════════════════

  Grouping column     group
  Groups              2
  Analysed            2

══════════════════════════════════════════════
  EML Stats : Simple Linear Regression
  Thu Sep  3 04:06:58 2026
══════════════════════════════════════════════

  Table               leg5 -- group = A
  Response (Y)        y
  Predictor (X)       x
  N                   10


  ── Model ───────────────────────────────────
  Why: Tests whether the predictor linearly predicts the response.
  Equation            y = 1.9842x + 5.0667
  y = 1.9842 x x + 5.0667
  For each 1-unit increase in x, predicted y is 1.9842 units higher.
  R                   0.9991		Very strong positive relationship (range: -1 to 1)
  R-squared           0.9983		The fitted model accounts for 100% of the variance in Y in this sample
  Adj. R-squared      0.9981		R-squared adjusted for number of predictors — penalizes model complexity
  Residual SE         0.2635		Typical prediction error — points deviate from the line by +/-0.26 units on average


  ── Overall Model Test (F) ──────────────────
  F(1,8)              4677.7552		Ratio of the mean square accounted for by the model to the mean square left over. With no real association, this ratio tends to be near 1
  p                   < .001  (2.32e-12)		Statistically significant: if there were truly no effect, results at least this extreme would occur less than 0.1% of the time


  ── Coefficients ────────────────────────────

  Term                Estimate      SE            t           p           95% CI
  (Intercept)         5.0667        0.1800        28.146      < .001      [4.6516, 5.4818]
  x                   1.9842        0.0290        68.394      < .001      [1.9173, 2.0511]

  Direction: positive (cases with higher x tend to have higher y)
  Model fit: R-squared = 0.9983 -- the fitted model accounts for 99.8% of the variance in y in this sample, a large effect by Cohen's R-squared benchmarks

  Conventions: quartiles R type 7 · SD & variance n-1
  · rank tests average tied ranks (tie-corrected).
  exact rank p-values: AS 89 for Spearman; exact enumeration for rank-sum and signed-rank
  exact limits: n < 50 per sample (rank tests); n <= 1290 (Spearman)
══════════════════════════════════════════════

══════════════════════════════════════════════
  EML Stats : Simple Linear Regression
  Thu Sep  3 04:06:58 2026
══════════════════════════════════════════════

  Table               leg5 -- group = B
  Response (Y)        y
  Predictor (X)       x
  N                   10


  ── Model ───────────────────────────────────
  Why: Tests whether the predictor linearly predicts the response.
  Equation            y = -1.9855x + 99.9400
  y = -1.9855 x x + 99.9400
  For each 1-unit increase in x, predicted y is 1.9855 units lower.
  R                   -0.9993		Very strong negative relationship (range: -1 to 1)
  R-squared           0.9987		The fitted model accounts for 100% of the variance in Y in this sample
  Adj. R-squared      0.9985		R-squared adjusted for number of predictors — penalizes model complexity
  Residual SE         0.2341		Typical prediction error — points deviate from the line by +/-0.23 units on average


  ── Overall Model Test (F) ──────────────────
  F(1,8)              5932.6567		Ratio of the mean square accounted for by the model to the mean square left over. With no real association, this ratio tends to be near 1
  p                   < .001  (9.00e-13)		Statistically significant: if there were truly no effect, results at least this extreme would occur less than 0.1% of the time


  ── Coefficients ────────────────────────────

  Term                Estimate      SE            t           p           95% CI
  (Intercept)         99.9400       0.1599        624.847     < .001      [99.5712, 100.3088]
  x                   -1.9855       0.0258        -77.024     < .001      [-2.0449, -1.9260]

  Direction: negative (cases with higher x tend to have lower y)
  Model fit: R-squared = 0.9987 -- the fitted model accounts for 99.9% of the variance in y in this sample, a large effect by Cohen's R-squared benchmarks

  Conventions: quartiles R type 7 · SD & variance n-1
  · rank tests average tied ranks (tie-corrected).
  exact rank p-values: AS 89 for Spearman; exact enumeration for rank-sum and signed-rank
  exact limits: n < 50 per sample (rank tests); n <= 1290 (Spearman)
══════════════════════════════════════════════
══════════════════════════════════════════════
DLG|29|analysis_complete#1|visit=1|clicked=1
CASE returned
