# leg RETARGET record

══════════════════════════════════════════════
  EML Stats : Two-Way ANOVA
  Tue Aug 25 23:29:53 2026
══════════════════════════════════════════════

  Table               wt
  Data column         val
  Factor 1            grp
  Factor 2            site
  Total N             40
  Cells               4
  n per cell          10


  ── ANOVA Table ─────────────────────────────
  Why: Tests main effects of two factors and their interaction.

Source              SS              df    MS              F           p
grp                 12.05           1     12.05           71.0945     < .001
site                2.65            1     2.65            15.6125     < .001
grp x site          0.00            1     0.00            0.0001      .991
Error               6.10            36    0.17            
Total               20.80           39    


  ── Exact p-values ──────────────────────────
  grp                 p < .001  (4.81e-10)
  site                p < .001  (3.47e-04)
  grp x site          p = .991


  ── Effect Sizes (partial eta-squared) ──────
  grp                 0.6638  (large effect)		Effect size: large by Cohen's convention (partial eta-squared >= 0.14 = large). Accounts for 66% of the variance left once the other effects are removed -- each effect has its own denominator, so these are not shares of one total and do not sum to 100%
  site                0.3025  (large effect)		Effect size: large by Cohen's convention (partial eta-squared >= 0.14 = large). Accounts for 30% of the variance left once the other effects are removed -- each effect has its own denominator, so these are not shares of one total and do not sum to 100%
  grp x site          0.0000  (negligible effect)		Effect size: negligible by Cohen's convention (partial eta-squared >= 0.14 = large). Accounts for 0% of the variance left once the other effects are removed -- each effect has its own denominator, so these are not shares of one total and do not sum to 100%


  ── Cell Means ──────────────────────────────

grp               site              n       Mean
Cohort 1          Room 1            10      2.5539
Cohort 1          Room 2            10      3.0670
Cohort 2          Room 1            10      3.6503
Cohort 2          Room 2            10      4.1662


  ── Marginal Means ──────────────────────────

Level                         n       Mean
grp: Cohort 1                 20      2.8104
grp: Cohort 2                 20      3.9083
site: Room 1                  20      3.1021
site: Room 2                  20      3.6166

  Conventions: quartiles R type 7 · SD & variance n-1
  · rank tests average tied ranks (tie-corrected).
══════════════════════════════════════════════
